Archive member included because of file (symbol)

./mbed/TARGET_NUCLEO_F401RE/TOOLCHAIN_GCC_ARM/libmbed.a(gpio_irq_api.o)
                              QEI.o (gpio_irq_set)
./mbed/TARGET_NUCLEO_F401RE/TOOLCHAIN_GCC_ARM/libmbed.a(pinmap.o)
                              ./mbed/TARGET_NUCLEO_F401RE/TOOLCHAIN_GCC_ARM/libmbed.a(gpio_irq_api.o) (Set_GPIO_Clock)
./mbed/TARGET_NUCLEO_F401RE/TOOLCHAIN_GCC_ARM/libmbed.a(serial_api.o)
                              mbed/TARGET_NUCLEO_F401RE/TOOLCHAIN_GCC_ARM/retarget.o (serial_init)
./mbed/TARGET_NUCLEO_F401RE/TOOLCHAIN_GCC_ARM/libmbed.a(FileSystemLike.o)
                              mbed/TARGET_NUCLEO_F401RE/TOOLCHAIN_GCC_ARM/retarget.o (mbed::FileSystemLike::opendir())
./mbed/TARGET_NUCLEO_F401RE/TOOLCHAIN_GCC_ARM/libmbed.a(FilePath.o)
                              mbed/TARGET_NUCLEO_F401RE/TOOLCHAIN_GCC_ARM/retarget.o (mbed::FilePath::FilePath(char const*))
./mbed/TARGET_NUCLEO_F401RE/TOOLCHAIN_GCC_ARM/libmbed.a(InterruptIn.o)
                              QEI.o (mbed::InterruptIn::InterruptIn(PinName))
./mbed/TARGET_NUCLEO_F401RE/TOOLCHAIN_GCC_ARM/libmbed.a(Serial.o)
                              main.o (mbed::Serial::Serial(PinName, PinName, char const*))
./mbed/TARGET_NUCLEO_F401RE/TOOLCHAIN_GCC_ARM/libmbed.a(SerialBase.o)
                              ./mbed/TARGET_NUCLEO_F401RE/TOOLCHAIN_GCC_ARM/libmbed.a(Serial.o) (mbed::SerialBase::SerialBase(PinName, PinName))
./mbed/TARGET_NUCLEO_F401RE/TOOLCHAIN_GCC_ARM/libmbed.a(Stream.o)
                              ./mbed/TARGET_NUCLEO_F401RE/TOOLCHAIN_GCC_ARM/libmbed.a(Serial.o) (mbed::Stream::close())
./mbed/TARGET_NUCLEO_F401RE/TOOLCHAIN_GCC_ARM/libmbed.a(assert.o)
                              mbed/TARGET_NUCLEO_F401RE/TOOLCHAIN_GCC_ARM/board.o (mbed_assert_internal)
./mbed/TARGET_NUCLEO_F401RE/TOOLCHAIN_GCC_ARM/libmbed.a(error.o)
                              mbed/TARGET_NUCLEO_F401RE/TOOLCHAIN_GCC_ARM/retarget.o (error)
./mbed/TARGET_NUCLEO_F401RE/TOOLCHAIN_GCC_ARM/libmbed.a(gpio.o)
                              ./mbed/TARGET_NUCLEO_F401RE/TOOLCHAIN_GCC_ARM/libmbed.a(InterruptIn.o) (gpio_init_in)
./mbed/TARGET_NUCLEO_F401RE/TOOLCHAIN_GCC_ARM/libmbed.a(pinmap_common.o)
                              ./mbed/TARGET_NUCLEO_F401RE/TOOLCHAIN_GCC_ARM/libmbed.a(serial_api.o) (pinmap_pinout)
./mbed/TARGET_NUCLEO_F401RE/TOOLCHAIN_GCC_ARM/libmbed.a(us_ticker_api.o)
                              mbed/TARGET_NUCLEO_F401RE/TOOLCHAIN_GCC_ARM/hal_tick.o (us_ticker_irq_handler)
./mbed/TARGET_NUCLEO_F401RE/TOOLCHAIN_GCC_ARM/libmbed.a(wait_api.o)
                              ./mbed/TARGET_NUCLEO_F401RE/TOOLCHAIN_GCC_ARM/libmbed.a(SerialBase.o) (wait_us)
./mbed/TARGET_NUCLEO_F401RE/TOOLCHAIN_GCC_ARM/libmbed.a(PeripheralPins.o)
                              ./mbed/TARGET_NUCLEO_F401RE/TOOLCHAIN_GCC_ARM/libmbed.a(serial_api.o) (PinMap_UART_RX)
./mbed/TARGET_NUCLEO_F401RE/TOOLCHAIN_GCC_ARM/libmbed.a(gpio_api.o)
                              ./mbed/TARGET_NUCLEO_F401RE/TOOLCHAIN_GCC_ARM/libmbed.a(gpio.o) (gpio_init)
./mbed/TARGET_NUCLEO_F401RE/TOOLCHAIN_GCC_ARM/libmbed.a(us_ticker.o)
                              ./mbed/TARGET_NUCLEO_F401RE/TOOLCHAIN_GCC_ARM/libmbed.a(us_ticker_api.o) (us_ticker_init)
./mbed/TARGET_NUCLEO_F401RE/TOOLCHAIN_GCC_ARM/libmbed.a(FileLike.o)
                              ./mbed/TARGET_NUCLEO_F401RE/TOOLCHAIN_GCC_ARM/libmbed.a(Stream.o) (mbed::FileLike::~FileLike())
./mbed/TARGET_NUCLEO_F401RE/TOOLCHAIN_GCC_ARM/libmbed.a(FileBase.o)
                              ./mbed/TARGET_NUCLEO_F401RE/TOOLCHAIN_GCC_ARM/libmbed.a(FileSystemLike.o) (mbed::FileBase::~FileBase())
./mbed/TARGET_NUCLEO_F401RE/TOOLCHAIN_GCC_ARM/libmbed.a(ticker_api.o)
                              ./mbed/TARGET_NUCLEO_F401RE/TOOLCHAIN_GCC_ARM/libmbed.a(us_ticker_api.o) (ticker_irq_handler)
/Users/yukisako/environment/gcc-arm-none-eabi-4_8-2013q4/bin/../lib/gcc/arm-none-eabi/4.8.3/../../../../arm-none-eabi/lib/armv7e-m/softfp/libstdc++_s.a(atexit_arm.o)
                              main.o (__aeabi_atexit)
/Users/yukisako/environment/gcc-arm-none-eabi-4_8-2013q4/bin/../lib/gcc/arm-none-eabi/4.8.3/../../../../arm-none-eabi/lib/armv7e-m/softfp/libstdc++_s.a(del_op.o)
                              main.o (operator delete(void*))
/Users/yukisako/environment/gcc-arm-none-eabi-4_8-2013q4/bin/../lib/gcc/arm-none-eabi/4.8.3/../../../../arm-none-eabi/lib/armv7e-m/softfp/libstdc++_s.a(new_op.o)
                              ./mbed/TARGET_NUCLEO_F401RE/TOOLCHAIN_GCC_ARM/libmbed.a(FileSystemLike.o) (operator new(unsigned int))
/Users/yukisako/environment/gcc-arm-none-eabi-4_8-2013q4/bin/../lib/gcc/arm-none-eabi/4.8.3/../../../../arm-none-eabi/lib/armv7e-m/softfp/libstdc++_s.a(new_handler.o)
                              /Users/yukisako/environment/gcc-arm-none-eabi-4_8-2013q4/bin/../lib/gcc/arm-none-eabi/4.8.3/../../../../arm-none-eabi/lib/armv7e-m/softfp/libstdc++_s.a(new_op.o) (__new_handler)
[...]
Memory Configuration

Name             Origin             Length             Attributes
FLASH            0x0000000008000000 0x0000000000080000 xr
RAM              0x0000000020000194 0x0000000000017e6c xrw
*default*        0x0000000000000000 0xffffffffffffffff

Linker script and memory map

LOAD /Users/yukisako/environment/gcc-arm-none-eabi-4_8-2013q4/bin/../lib/gcc/arm-none-eabi/4.8.3/armv7e-m/softfp/crti.o
LOAD /Users/yukisako/environment/gcc-arm-none-eabi-4_8-2013q4/bin/../lib/gcc/arm-none-eabi/4.8.3/armv7e-m/softfp/crtbegin.o
LOAD /Users/yukisako/environment/gcc-arm-none-eabi-4_8-2013q4/bin/../lib/gcc/arm-none-eabi/4.8.3/../../../../arm-none-eabi/lib/armv7e-m/softfp/crt0.o
LOAD main.o
LOAD QEI.o
LOAD mbed/TARGET_NUCLEO_F401RE/TOOLCHAIN_GCC_ARM/stm32f4xx_hal_flash_ramfunc.o
LOAD mbed/TARGET_NUCLEO_F401RE/TOOLCHAIN_GCC_ARM/board.o
LOAD mbed/TARGET_NUCLEO_F401RE/TOOLCHAIN_GCC_ARM/cmsis_nvic.o
LOAD mbed/TARGET_NUCLEO_F401RE/TOOLCHAIN_GCC_ARM/hal_tick.o
LOAD mbed/TARGET_NUCLEO_F401RE/TOOLCHAIN_GCC_ARM/mbed_overrides.o
LOAD mbed/TARGET_NUCLEO_F401RE/TOOLCHAIN_GCC_ARM/retarget.o
LOAD mbed/TARGET_NUCLEO_F401RE/TOOLCHAIN_GCC_ARM/startup_stm32f401xe.o
LOAD mbed/TARGET_NUCLEO_F401RE/TOOLCHAIN_GCC_ARM/stm32f4xx_hal.o
LOAD mbed/TARGET_NUCLEO_F401RE/TOOLCHAIN_GCC_ARM/stm32f4xx_hal_adc.o
LOAD mbed/TARGET_NUCLEO_F401RE/TOOLCHAIN_GCC_ARM/stm32f4xx_hal_adc_ex.o
LOAD mbed/TARGET_NUCLEO_F401RE/TOOLCHAIN_GCC_ARM/stm32f4xx_hal_can.o
LOAD mbed/TARGET_NUCLEO_F401RE/TOOLCHAIN_GCC_ARM/stm32f4xx_hal_cec.o
LOAD mbed/TARGET_NUCLEO_F401RE/TOOLCHAIN_GCC_ARM/stm32f4xx_hal_cortex.o
LOAD mbed/TARGET_NUCLEO_F401RE/TOOLCHAIN_GCC_ARM/stm32f4xx_hal_crc.o
LOAD mbed/TARGET_NUCLEO_F401RE/TOOLCHAIN_GCC_ARM/stm32f4xx_hal_cryp.o
LOAD mbed/TARGET_NUCLEO_F401RE/TOOLCHAIN_GCC_ARM/stm32f4xx_hal_cryp_ex.o
LOAD mbed/TARGET_NUCLEO_F401RE/TOOLCHAIN_GCC_ARM/stm32f4xx_hal_dac.o
LOAD mbed/TARGET_NUCLEO_F401RE/TOOLCHAIN_GCC_ARM/stm32f4xx_hal_dac_ex.o
LOAD mbed/TARGET_NUCLEO_F401RE/TOOLCHAIN_GCC_ARM/stm32f4xx_hal_dcmi.o
LOAD mbed/TARGET_NUCLEO_F401RE/TOOLCHAIN_GCC_ARM/stm32f4xx_hal_dcmi_ex.o
LOAD mbed/TARGET_NUCLEO_F401RE/TOOLCHAIN_GCC_ARM/stm32f4xx_hal_dma.o
LOAD mbed/TARGET_NUCLEO_F401RE/TOOLCHAIN_GCC_ARM/stm32f4xx_hal_dma2d.o
LOAD mbed/TARGET_NUCLEO_F401RE/TOOLCHAIN_GCC_ARM/stm32f4xx_hal_dma_ex.o
LOAD mbed/TARGET_NUCLEO_F401RE/TOOLCHAIN_GCC_ARM/stm32f4xx_hal_eth.o
LOAD mbed/TARGET_NUCLEO_F401RE/TOOLCHAIN_GCC_ARM/stm32f4xx_hal_flash.o
LOAD mbed/TARGET_NUCLEO_F401RE/TOOLCHAIN_GCC_ARM/stm32f4xx_hal_flash_ex.o
LOAD mbed/TARGET_NUCLEO_F401RE/TOOLCHAIN_GCC_ARM/stm32f4xx_hal_fmpi2c_ex.o
LOAD mbed/TARGET_NUCLEO_F401RE/TOOLCHAIN_GCC_ARM/stm32f4xx_hal_fmpi2c.o
LOAD mbed/TARGET_NUCLEO_F401RE/TOOLCHAIN_GCC_ARM/stm32f4xx_hal_smartcard.o
LOAD mbed/TARGET_NUCLEO_F401RE/TOOLCHAIN_GCC_ARM/stm32f4xx_hal_gpio.o
LOAD mbed/TARGET_NUCLEO_F401RE/TOOLCHAIN_GCC_ARM/stm32f4xx_hal_hash.o
LOAD mbed/TARGET_NUCLEO_F401RE/TOOLCHAIN_GCC_ARM/stm32f4xx_hal_hash_ex.o
LOAD mbed/TARGET_NUCLEO_F401RE/TOOLCHAIN_GCC_ARM/stm32f4xx_hal_hcd.o
LOAD mbed/TARGET_NUCLEO_F401RE/TOOLCHAIN_GCC_ARM/stm32f4xx_hal_i2c.o
LOAD mbed/TARGET_NUCLEO_F401RE/TOOLCHAIN_GCC_ARM/stm32f4xx_hal_i2c_ex.o
LOAD mbed/TARGET_NUCLEO_F401RE/TOOLCHAIN_GCC_ARM/stm32f4xx_hal_i2s.o
LOAD mbed/TARGET_NUCLEO_F401RE/TOOLCHAIN_GCC_ARM/stm32f4xx_hal_i2s_ex.o
LOAD mbed/TARGET_NUCLEO_F401RE/TOOLCHAIN_GCC_ARM/stm32f4xx_hal_irda.o
LOAD mbed/TARGET_NUCLEO_F401RE/TOOLCHAIN_GCC_ARM/stm32f4xx_hal_iwdg.o
LOAD mbed/TARGET_NUCLEO_F401RE/TOOLCHAIN_GCC_ARM/stm32f4xx_hal_ltdc.o
LOAD mbed/TARGET_NUCLEO_F401RE/TOOLCHAIN_GCC_ARM/stm32f4xx_hal_nand.o
LOAD mbed/TARGET_NUCLEO_F401RE/TOOLCHAIN_GCC_ARM/stm32f4xx_hal_nor.o
LOAD mbed/TARGET_NUCLEO_F401RE/TOOLCHAIN_GCC_ARM/stm32f4xx_hal_pccard.o
LOAD mbed/TARGET_NUCLEO_F401RE/TOOLCHAIN_GCC_ARM/stm32f4xx_hal_pcd.o
LOAD mbed/TARGET_NUCLEO_F401RE/TOOLCHAIN_GCC_ARM/stm32f4xx_hal_pcd_ex.o
LOAD mbed/TARGET_NUCLEO_F401RE/TOOLCHAIN_GCC_ARM/stm32f4xx_hal_pwr.o
LOAD mbed/TARGET_NUCLEO_F401RE/TOOLCHAIN_GCC_ARM/stm32f4xx_hal_pwr_ex.o
LOAD mbed/TARGET_NUCLEO_F401RE/TOOLCHAIN_GCC_ARM/stm32f4xx_hal_qspi.o
LOAD mbed/TARGET_NUCLEO_F401RE/TOOLCHAIN_GCC_ARM/stm32f4xx_hal_rcc.o
LOAD mbed/TARGET_NUCLEO_F401RE/TOOLCHAIN_GCC_ARM/stm32f4xx_hal_rcc_ex.o
LOAD mbed/TARGET_NUCLEO_F401RE/TOOLCHAIN_GCC_ARM/stm32f4xx_hal_rng.o
LOAD mbed/TARGET_NUCLEO_F401RE/TOOLCHAIN_GCC_ARM/stm32f4xx_hal_rtc.o
LOAD mbed/TARGET_NUCLEO_F401RE/TOOLCHAIN_GCC_ARM/stm32f4xx_hal_rtc_ex.o
LOAD mbed/TARGET_NUCLEO_F401RE/TOOLCHAIN_GCC_ARM/stm32f4xx_hal_sai.o
LOAD mbed/TARGET_NUCLEO_F401RE/TOOLCHAIN_GCC_ARM/stm32f4xx_hal_sai_ex.o
LOAD mbed/TARGET_NUCLEO_F401RE/TOOLCHAIN_GCC_ARM/stm32f4xx_hal_sd.o
LOAD mbed/TARGET_NUCLEO_F401RE/TOOLCHAIN_GCC_ARM/stm32f4xx_hal_sdram.o
LOAD mbed/TARGET_NUCLEO_F401RE/TOOLCHAIN_GCC_ARM/stm32f4xx_hal_spdifrx.o
LOAD mbed/TARGET_NUCLEO_F401RE/TOOLCHAIN_GCC_ARM/stm32f4xx_hal_spi.o
LOAD mbed/TARGET_NUCLEO_F401RE/TOOLCHAIN_GCC_ARM/stm32f4xx_hal_sram.o
LOAD mbed/TARGET_NUCLEO_F401RE/TOOLCHAIN_GCC_ARM/stm32f4xx_hal_tim.o
LOAD mbed/TARGET_NUCLEO_F401RE/TOOLCHAIN_GCC_ARM/stm32f4xx_hal_tim_ex.o
LOAD mbed/TARGET_NUCLEO_F401RE/TOOLCHAIN_GCC_ARM/stm32f4xx_hal_uart.o
LOAD mbed/TARGET_NUCLEO_F401RE/TOOLCHAIN_GCC_ARM/stm32f4xx_hal_usart.o
LOAD mbed/TARGET_NUCLEO_F401RE/TOOLCHAIN_GCC_ARM/stm32f4xx_hal_wwdg.o
LOAD mbed/TARGET_NUCLEO_F401RE/TOOLCHAIN_GCC_ARM/stm32f4xx_ll_fmc.o
LOAD mbed/TARGET_NUCLEO_F401RE/TOOLCHAIN_GCC_ARM/stm32f4xx_ll_fsmc.o
LOAD mbed/TARGET_NUCLEO_F401RE/TOOLCHAIN_GCC_ARM/stm32f4xx_ll_sdmmc.o
LOAD mbed/TARGET_NUCLEO_F401RE/TOOLCHAIN_GCC_ARM/stm32f4xx_ll_usb.o
LOAD mbed/TARGET_NUCLEO_F401RE/TOOLCHAIN_GCC_ARM/system_stm32f4xx.o
LOAD ./mbed/TARGET_NUCLEO_F401RE/TOOLCHAIN_GCC_ARM/libmbed.a
LOAD /Users/yukisako/environment/gcc-arm-none-eabi-4_8-2013q4/bin/../lib/gcc/arm-none-eabi/4.8.3/../../../../arm-none-eabi/lib/armv7e-m/softfp/libstdc++_s.a
LOAD /Users/yukisako/environment/gcc-arm-none-eabi-4_8-2013q4/bin/../lib/gcc/arm-none-eabi/4.8.3/../../../../arm-none-eabi/lib/armv7e-m/softfp/libsupc++_s.a
LOAD /Users/yukisako/environment/gcc-arm-none-eabi-4_8-2013q4/bin/../lib/gcc/arm-none-eabi/4.8.3/../../../../arm-none-eabi/lib/armv7e-m/softfp/libm.a
LOAD /Users/yukisako/environment/gcc-arm-none-eabi-4_8-2013q4/bin/../lib/gcc/arm-none-eabi/4.8.3/../../../../arm-none-eabi/lib/armv7e-m/softfp/libc_s.a
LOAD /Users/yukisako/environment/gcc-arm-none-eabi-4_8-2013q4/bin/../lib/gcc/arm-none-eabi/4.8.3/armv7e-m/softfp/libgcc.a
LOAD /Users/yukisako/environment/gcc-arm-none-eabi-4_8-2013q4/bin/../lib/gcc/arm-none-eabi/4.8.3/../../../../arm-none-eabi/lib/armv7e-m/softfp/libnosys.a
LOAD ./mbed/TARGET_NUCLEO_F401RE/TOOLCHAIN_GCC_ARM/libmbed.a
LOAD /Users/yukisako/environment/gcc-arm-none-eabi-4_8-2013q4/bin/../lib/gcc/arm-none-eabi/4.8.3/../../../../arm-none-eabi/lib/armv7e-m/softfp/libstdc++_s.a
LOAD /Users/yukisako/environment/gcc-arm-none-eabi-4_8-2013q4/bin/../lib/gcc/arm-none-eabi/4.8.3/../../../../arm-none-eabi/lib/armv7e-m/softfp/libsupc++_s.a
LOAD /Users/yukisako/environment/gcc-arm-none-eabi-4_8-2013q4/bin/../lib/gcc/arm-none-eabi/4.8.3/../../../../arm-none-eabi/lib/armv7e-m/softfp/libm.a
LOAD /Users/yukisako/environment/gcc-arm-none-eabi-4_8-2013q4/bin/../lib/gcc/arm-none-eabi/4.8.3/../../../../arm-none-eabi/lib/armv7e-m/softfp/libc_s.a
LOAD /Users/yukisako/environment/gcc-arm-none-eabi-4_8-2013q4/bin/../lib/gcc/arm-none-eabi/4.8.3/armv7e-m/softfp/libgcc.a
LOAD /Users/yukisako/environment/gcc-arm-none-eabi-4_8-2013q4/bin/../lib/gcc/arm-none-eabi/4.8.3/../../../../arm-none-eabi/lib/armv7e-m/softfp/libnosys.a
START GROUP
LOAD /Users/yukisako/environment/gcc-arm-none-eabi-4_8-2013q4/bin/../lib/gcc/arm-none-eabi/4.8.3/armv7e-m/softfp/libgcc.a
LOAD /Users/yukisako/environment/gcc-arm-none-eabi-4_8-2013q4/bin/../lib/gcc/arm-none-eabi/4.8.3/../../../../arm-none-eabi/lib/armv7e-m/softfp/libc_s.a
END GROUP
START GROUP
LOAD /Users/yukisako/environment/gcc-arm-none-eabi-4_8-2013q4/bin/../lib/gcc/arm-none-eabi/4.8.3/armv7e-m/softfp/libgcc.a
LOAD /Users/yukisako/environment/gcc-arm-none-eabi-4_8-2013q4/bin/../lib/gcc/arm-none-eabi/4.8.3/../../../../arm-none-eabi/lib/armv7e-m/softfp/libc_s.a
END GROUP
LOAD /Users/yukisako/environment/gcc-arm-none-eabi-4_8-2013q4/bin/../lib/gcc/arm-none-eabi/4.8.3/armv7e-m/softfp/crtend.o
LOAD /Users/yukisako/environment/gcc-arm-none-eabi-4_8-2013q4/bin/../lib/gcc/arm-none-eabi/4.8.3/armv7e-m/softfp/crtn.o

.text           0x0000000008000000     0x8584
 *(.isr_vector)
 .isr_vector    0x0000000008000000      0x194 mbed/TARGET_NUCLEO_F401RE/TOOLCHAIN_GCC_ARM/startup_stm32f401xe.o
                0x0000000008000000                g_pfnVectors
 *(.text*)
 .text          0x0000000008000194       0x54 /Users/yukisako/environment/gcc-arm-none-eabi-4_8-2013q4/bin/../lib/gcc/arm-none-eabi/4.8.3/armv7e-m/softfp/crtbegin.o
 .text          0x00000000080001e8       0x74 /Users/yukisako/environment/gcc-arm-none-eabi-4_8-2013q4/bin/../lib/gcc/arm-none-eabi/4.8.3/../../../../arm-none-eabi/lib/armv7e-m/softfp/crt0.o
                0x00000000080001e8                _mainCRTStartup
                0x00000000080001e8                _start
 .text._ZN4mbed10SerialBaseD2Ev
                0x000000000800025c        0xc main.o
                0x000000000800025c                mbed::SerialBase::~SerialBase()
                0x000000000800025c                mbed::SerialBase::~SerialBase()
 .text._ZN4mbed10SerialBaseD0Ev
                0x0000000008000268       0x14 main.o
                0x0000000008000268                mbed::SerialBase::~SerialBase()
 .text._ZN4mbed6SerialD2Ev
                0x000000000800027c       0x28 main.o
                0x000000000800027c                mbed::Serial::~Serial()
                0x000000000800027c                mbed::Serial::~Serial()
 .text._ZN4mbed6SerialD1Ev
                0x00000000080002a4       0x10 main.o
                0x00000000080002a4                non-virtual thunk to mbed::Serial::~Serial()
                0x00000000080002ac                non-virtual thunk to mbed::Serial::~Serial()
 .text._ZN4mbed6SerialD0Ev
                0x00000000080002b4       0x1e main.o
                0x00000000080002b4                mbed::Serial::~Serial()
                0x00000000080002c6                non-virtual thunk to mbed::Serial::~Serial()
                0x00000000080002cc                non-virtual thunk to mbed::Serial::~Serial()
 *fill*         0x00000000080002d2        0x2 
 .text.startup.main
                0x00000000080002d4       0x1c main.o
                0x00000000080002d4                main
 .text.startup._GLOBAL__sub_I_device
                0x00000000080002f0       0x2c main.o
 .text.mbed_die
                0x000000000800031c       0x5c mbed/TARGET_NUCLEO_F401RE/TOOLCHAIN_GCC_ARM/board.o
                0x000000000800031c                mbed_die
 .text.NVIC_SetVector
                0x0000000008000378       0x48 mbed/TARGET_NUCLEO_F401RE/TOOLCHAIN_GCC_ARM/cmsis_nvic.o
                0x0000000008000378                NVIC_SetVector
 .text.timer_irq_handler
                0x00000000080003c0       0x50 mbed/TARGET_NUCLEO_F401RE/TOOLCHAIN_GCC_ARM/hal_tick.o
                0x00000000080003c0                timer_irq_handler
 .text.HAL_InitTick
                0x0000000008000410       0xb4 mbed/TARGET_NUCLEO_F401RE/TOOLCHAIN_GCC_ARM/hal_tick.o
                0x0000000008000410                HAL_InitTick
 .text.mbed_sdk_init
                0x00000000080004c4       0x10 mbed/TARGET_NUCLEO_F401RE/TOOLCHAIN_GCC_ARM/mbed_overrides.o
                0x00000000080004c4                mbed_sdk_init
 .text._ZN4mbed10FileHandle4flenEv
                0x00000000080004d4       0x34 mbed/TARGET_NUCLEO_F401RE/TOOLCHAIN_GCC_ARM/retarget.o
                0x00000000080004d4                mbed::FileHandle::flen()
 .text._ZN4mbed10FileHandleD2Ev
                0x0000000008000508       0x2c mbed/TARGET_NUCLEO_F401RE/TOOLCHAIN_GCC_ARM/retarget.o
                0x0000000008000508                mbed::FileHandle::~FileHandle()
                0x0000000008000508                mbed::FileHandle::~FileHandle()
 .text._ZN4mbed10FileHandleD0Ev
                0x0000000008000534       0x34 mbed/TARGET_NUCLEO_F401RE/TOOLCHAIN_GCC_ARM/retarget.o
                0x0000000008000534                mbed::FileHandle::~FileHandle()
 .text._ZL11init_serialv.part.0
                0x0000000008000568       0x10 mbed/TARGET_NUCLEO_F401RE/TOOLCHAIN_GCC_ARM/retarget.o
 .text._open    0x0000000008000578       0xf8 mbed/TARGET_NUCLEO_F401RE/TOOLCHAIN_GCC_ARM/retarget.o
                0x0000000008000578                _open
 .text._close   0x0000000008000670       0x2c mbed/TARGET_NUCLEO_F401RE/TOOLCHAIN_GCC_ARM/retarget.o
                0x0000000008000670                _close
 .text._write   0x000000000800069c       0x50 mbed/TARGET_NUCLEO_F401RE/TOOLCHAIN_GCC_ARM/retarget.o
                0x000000000800069c                _write
 .text._read    0x00000000080006ec       0x4c mbed/TARGET_NUCLEO_F401RE/TOOLCHAIN_GCC_ARM/retarget.o
                0x00000000080006ec                _read
 .text._isatty  0x0000000008000738       0x28 mbed/TARGET_NUCLEO_F401RE/TOOLCHAIN_GCC_ARM/retarget.o
                0x0000000008000738                _isatty
 .text._lseek   0x0000000008000760       0x28 mbed/TARGET_NUCLEO_F401RE/TOOLCHAIN_GCC_ARM/retarget.o
                0x0000000008000760                _lseek
 .text._fstat   0x0000000008000788       0x20 mbed/TARGET_NUCLEO_F401RE/TOOLCHAIN_GCC_ARM/retarget.o
                0x0000000008000788                _fstat
 .text.__cxa_pure_virtual
                0x00000000080007a8        0x8 mbed/TARGET_NUCLEO_F401RE/TOOLCHAIN_GCC_ARM/retarget.o
                0x00000000080007a8                __cxa_pure_virtual
 .text.mbed_main
                0x00000000080007b0        0x4 mbed/TARGET_NUCLEO_F401RE/TOOLCHAIN_GCC_ARM/retarget.o
                0x00000000080007b0                mbed_main
 .text.__wrap_main
                0x00000000080007b4       0x14 mbed/TARGET_NUCLEO_F401RE/TOOLCHAIN_GCC_ARM/retarget.o
                0x00000000080007b4                __wrap_main
 .text._sbrk    0x00000000080007c8       0x28 mbed/TARGET_NUCLEO_F401RE/TOOLCHAIN_GCC_ARM/retarget.o
                0x00000000080007c8                _sbrk
 .text._exit    0x00000000080007f0       0x24 mbed/TARGET_NUCLEO_F401RE/TOOLCHAIN_GCC_ARM/retarget.o
                0x00000000080007f0                _exit
 .text._ZN4mbed26mbed_set_unbuffered_streamEP7__sFILE
                0x0000000008000814        0x8 mbed/TARGET_NUCLEO_F401RE/TOOLCHAIN_GCC_ARM/retarget.o
                0x0000000008000814                mbed::mbed_set_unbuffered_stream(__sFILE*)
 .text.Reset_Handler
                0x000000000800081c       0x54 mbed/TARGET_NUCLEO_F401RE/TOOLCHAIN_GCC_ARM/startup_stm32f401xe.o
                0x000000000800081c                Reset_Handler
 .text.Default_Handler
                0x0000000008000870        0x4 mbed/TARGET_NUCLEO_F401RE/TOOLCHAIN_GCC_ARM/startup_stm32f401xe.o
                0x0000000008000870                DMA1_Stream3_IRQHandler
                0x0000000008000870                EXTI2_IRQHandler
                0x0000000008000870                DebugMon_Handler
                0x0000000008000870                SPI4_IRQHandler
                0x0000000008000870                TIM1_CC_IRQHandler
                0x0000000008000870                DMA2_Stream5_IRQHandler
                0x0000000008000870                HardFault_Handler
                0x0000000008000870                DMA1_Stream5_IRQHandler
                0x0000000008000870                SysTick_Handler
                0x0000000008000870                PVD_IRQHandler
                0x0000000008000870                SDIO_IRQHandler
                0x0000000008000870                TAMP_STAMP_IRQHandler
                0x0000000008000870                PendSV_Handler
                0x0000000008000870                NMI_Handler
                0x0000000008000870                EXTI3_IRQHandler
                0x0000000008000870                TIM1_UP_TIM10_IRQHandler
                0x0000000008000870                I2C3_ER_IRQHandler
                0x0000000008000870                EXTI0_IRQHandler
                0x0000000008000870                I2C2_EV_IRQHandler
                0x0000000008000870                DMA1_Stream2_IRQHandler
                0x0000000008000870                FPU_IRQHandler
                0x0000000008000870                UsageFault_Handler
                0x0000000008000870                DMA2_Stream2_IRQHandler
                0x0000000008000870                SPI1_IRQHandler
                0x0000000008000870                TIM1_BRK_TIM9_IRQHandler
                0x0000000008000870                DMA2_Stream3_IRQHandler
                0x0000000008000870                USART6_IRQHandler
                0x0000000008000870                DMA2_Stream0_IRQHandler
                0x0000000008000870                TIM4_IRQHandler
                0x0000000008000870                I2C1_EV_IRQHandler
                0x0000000008000870                DMA1_Stream6_IRQHandler
                0x0000000008000870                DMA1_Stream1_IRQHandler
                0x0000000008000870                TIM3_IRQHandler
                0x0000000008000870                RCC_IRQHandler
                0x0000000008000870                Default_Handler
                0x0000000008000870                EXTI15_10_IRQHandler
                0x0000000008000870                ADC_IRQHandler
                0x0000000008000870                DMA1_Stream7_IRQHandler
                0x0000000008000870                TIM5_IRQHandler
                0x0000000008000870                DMA2_Stream7_IRQHandler
                0x0000000008000870                I2C3_EV_IRQHandler
                0x0000000008000870                EXTI9_5_IRQHandler
                0x0000000008000870                RTC_WKUP_IRQHandler
                0x0000000008000870                SPI2_IRQHandler
                0x0000000008000870                MemManage_Handler
                0x0000000008000870                DMA1_Stream0_IRQHandler
                0x0000000008000870                SVC_Handler
                0x0000000008000870                EXTI4_IRQHandler
                0x0000000008000870                WWDG_IRQHandler
                0x0000000008000870                TIM2_IRQHandler
                0x0000000008000870                OTG_FS_WKUP_IRQHandler
                0x0000000008000870                TIM1_TRG_COM_TIM11_IRQHandler
                0x0000000008000870                EXTI1_IRQHandler
                0x0000000008000870                USART2_IRQHandler
                0x0000000008000870                I2C2_ER_IRQHandler
                0x0000000008000870                DMA2_Stream1_IRQHandler
                0x0000000008000870                FLASH_IRQHandler
                0x0000000008000870                DMA2_Stream4_IRQHandler
                0x0000000008000870                BusFault_Handler
                0x0000000008000870                USART1_IRQHandler
                0x0000000008000870                OTG_FS_IRQHandler
                0x0000000008000870                SPI3_IRQHandler
                0x0000000008000870                DMA1_Stream4_IRQHandler
                0x0000000008000870                I2C1_ER_IRQHandler
                0x0000000008000870                DMA2_Stream6_IRQHandler
                0x0000000008000870                RTC_Alarm_IRQHandler
 .text.HAL_MspInit
                0x0000000008000874        0x4 mbed/TARGET_NUCLEO_F401RE/TOOLCHAIN_GCC_ARM/stm32f4xx_hal.o
                0x0000000008000874                HAL_MspInit
 .text.HAL_Init
                0x0000000008000878       0x34 mbed/TARGET_NUCLEO_F401RE/TOOLCHAIN_GCC_ARM/stm32f4xx_hal.o
                0x0000000008000878                HAL_Init
 .text.HAL_IncTick
                0x00000000080008ac       0x10 mbed/TARGET_NUCLEO_F401RE/TOOLCHAIN_GCC_ARM/stm32f4xx_hal.o
                0x00000000080008ac                HAL_IncTick
 .text.HAL_GetTick
                0x00000000080008bc        0xc mbed/TARGET_NUCLEO_F401RE/TOOLCHAIN_GCC_ARM/stm32f4xx_hal.o
                0x00000000080008bc                HAL_GetTick
 .text.HAL_NVIC_SetPriorityGrouping
                0x00000000080008c8       0x24 mbed/TARGET_NUCLEO_F401RE/TOOLCHAIN_GCC_ARM/stm32f4xx_hal_cortex.o
                0x00000000080008c8                HAL_NVIC_SetPriorityGrouping
 .text.HAL_GPIO_Init
                0x00000000080008ec      0x214 mbed/TARGET_NUCLEO_F401RE/TOOLCHAIN_GCC_ARM/stm32f4xx_hal_gpio.o
                0x00000000080008ec                HAL_GPIO_Init
 .text.HAL_RCC_OscConfig
                0x0000000008000b00      0x370 mbed/TARGET_NUCLEO_F401RE/TOOLCHAIN_GCC_ARM/stm32f4xx_hal_rcc.o
                0x0000000008000b00                HAL_RCC_OscConfig
 .text.HAL_RCC_ClockConfig
                0x0000000008000e70      0x1fc mbed/TARGET_NUCLEO_F401RE/TOOLCHAIN_GCC_ARM/stm32f4xx_hal_rcc.o
                0x0000000008000e70                HAL_RCC_ClockConfig
 .text.HAL_RCC_GetSysClockFreq
                0x000000000800106c       0x88 mbed/TARGET_NUCLEO_F401RE/TOOLCHAIN_GCC_ARM/stm32f4xx_hal_rcc.o
                0x000000000800106c                HAL_RCC_GetSysClockFreq
 .text.HAL_RCC_GetHCLKFreq
                0x00000000080010f4       0x38 mbed/TARGET_NUCLEO_F401RE/TOOLCHAIN_GCC_ARM/stm32f4xx_hal_rcc.o
                0x00000000080010f4                HAL_RCC_GetHCLKFreq
 .text.HAL_RCC_GetPCLK1Freq
                0x000000000800112c       0x30 mbed/TARGET_NUCLEO_F401RE/TOOLCHAIN_GCC_ARM/stm32f4xx_hal_rcc.o
                0x000000000800112c                HAL_RCC_GetPCLK1Freq
 .text.HAL_RCC_GetPCLK2Freq
                0x000000000800115c       0x30 mbed/TARGET_NUCLEO_F401RE/TOOLCHAIN_GCC_ARM/stm32f4xx_hal_rcc.o
                0x000000000800115c                HAL_RCC_GetPCLK2Freq
 .text.HAL_TIM_OC_MspInit
                0x000000000800118c        0x4 mbed/TARGET_NUCLEO_F401RE/TOOLCHAIN_GCC_ARM/stm32f4xx_hal_tim.o
                0x000000000800118c                HAL_TIM_OC_MspInit
 .text.HAL_TIM_OC_Start
                0x0000000008001190       0x40 mbed/TARGET_NUCLEO_F401RE/TOOLCHAIN_GCC_ARM/stm32f4xx_hal_tim.o
                0x0000000008001190                HAL_TIM_OC_Start
 .text.TIM_Base_SetConfig
                0x00000000080011d0       0xa0 mbed/TARGET_NUCLEO_F401RE/TOOLCHAIN_GCC_ARM/stm32f4xx_hal_tim.o
                0x00000000080011d0                TIM_Base_SetConfig
 .text.HAL_TIM_OC_Init
                0x0000000008001270       0x38 mbed/TARGET_NUCLEO_F401RE/TOOLCHAIN_GCC_ARM/stm32f4xx_hal_tim.o
                0x0000000008001270                HAL_TIM_OC_Init
 .text.UART_SetConfig
                0x00000000080012a8      0x1b4 mbed/TARGET_NUCLEO_F401RE/TOOLCHAIN_GCC_ARM/stm32f4xx_hal_uart.o
 .text.HAL_UART_MspInit
                0x000000000800145c        0x4 mbed/TARGET_NUCLEO_F401RE/TOOLCHAIN_GCC_ARM/stm32f4xx_hal_uart.o
                0x000000000800145c                HAL_UART_MspInit
 .text.HAL_UART_Init
                0x0000000008001460       0x5c mbed/TARGET_NUCLEO_F401RE/TOOLCHAIN_GCC_ARM/stm32f4xx_hal_uart.o
                0x0000000008001460                HAL_UART_Init
 .text.SystemCoreClockUpdate
                0x00000000080014bc       0x70 mbed/TARGET_NUCLEO_F401RE/TOOLCHAIN_GCC_ARM/system_stm32f4xx.o
                0x00000000080014bc                SystemCoreClockUpdate
 .text.SetSysClock_PLL_HSE
                0x000000000800152c       0x94 mbed/TARGET_NUCLEO_F401RE/TOOLCHAIN_GCC_ARM/system_stm32f4xx.o
                0x000000000800152c                SetSysClock_PLL_HSE
 .text.SetSysClock_PLL_HSI
                0x00000000080015c0       0x98 mbed/TARGET_NUCLEO_F401RE/TOOLCHAIN_GCC_ARM/system_stm32f4xx.o
                0x00000000080015c0                SetSysClock_PLL_HSI
 .text.SetSysClock
                0x0000000008001658       0x20 mbed/TARGET_NUCLEO_F401RE/TOOLCHAIN_GCC_ARM/system_stm32f4xx.o
                0x0000000008001658                SetSysClock
 .text.SystemInit
                0x0000000008001678       0x74 mbed/TARGET_NUCLEO_F401RE/TOOLCHAIN_GCC_ARM/system_stm32f4xx.o
                0x0000000008001678                SystemInit
 .text.Set_GPIO_Clock
                0x00000000080016ec       0xec ./mbed/TARGET_NUCLEO_F401RE/TOOLCHAIN_GCC_ARM/libmbed.a(pinmap.o)
                0x00000000080016ec                Set_GPIO_Clock
 .text.pin_function
                0x00000000080017d8       0x60 ./mbed/TARGET_NUCLEO_F401RE/TOOLCHAIN_GCC_ARM/libmbed.a(pinmap.o)
                0x00000000080017d8                pin_function
 .text.pin_mode
                0x0000000008001838       0x50 ./mbed/TARGET_NUCLEO_F401RE/TOOLCHAIN_GCC_ARM/libmbed.a(pinmap.o)
                0x0000000008001838                pin_mode
 .text.init_uart
                0x0000000008001888       0x58 ./mbed/TARGET_NUCLEO_F401RE/TOOLCHAIN_GCC_ARM/libmbed.a(serial_api.o)
 .text.serial_init
                0x00000000080018e0      0x120 ./mbed/TARGET_NUCLEO_F401RE/TOOLCHAIN_GCC_ARM/libmbed.a(serial_api.o)
                0x00000000080018e0                serial_init
 .text.serial_irq_handler
                0x0000000008001a00       0x1c ./mbed/TARGET_NUCLEO_F401RE/TOOLCHAIN_GCC_ARM/libmbed.a(serial_api.o)
                0x0000000008001a00                serial_irq_handler
 .text.serial_getc
                0x0000000008001a1c       0x18 ./mbed/TARGET_NUCLEO_F401RE/TOOLCHAIN_GCC_ARM/libmbed.a(serial_api.o)
                0x0000000008001a1c                serial_getc
 .text.serial_putc
                0x0000000008001a34       0x18 ./mbed/TARGET_NUCLEO_F401RE/TOOLCHAIN_GCC_ARM/libmbed.a(serial_api.o)
                0x0000000008001a34                serial_putc
 .text._ZN4mbed8FilePathC2EPKc
                0x0000000008001a4c       0x58 ./mbed/TARGET_NUCLEO_F401RE/TOOLCHAIN_GCC_ARM/libmbed.a(FilePath.o)
                0x0000000008001a4c                mbed::FilePath::FilePath(char const*)
                0x0000000008001a4c                mbed::FilePath::FilePath(char const*)
 .text._ZN4mbed8FilePath8fileNameEv
                0x0000000008001aa4        0x4 ./mbed/TARGET_NUCLEO_F401RE/TOOLCHAIN_GCC_ARM/libmbed.a(FilePath.o)
                0x0000000008001aa4                mbed::FilePath::fileName()
 .text._ZN4mbed8FilePath10fileSystemEv
                0x0000000008001aa8       0x18 ./mbed/TARGET_NUCLEO_F401RE/TOOLCHAIN_GCC_ARM/libmbed.a(FilePath.o)
                0x0000000008001aa8                mbed::FilePath::fileSystem()
 .text._ZN4mbed8FilePath6isFileEv
                0x0000000008001ac0       0x14 ./mbed/TARGET_NUCLEO_F401RE/TOOLCHAIN_GCC_ARM/libmbed.a(FilePath.o)
                0x0000000008001ac0                mbed::FilePath::isFile()
 .text._ZN4mbed8FilePath4fileEv
                0x0000000008001ad4       0x1c ./mbed/TARGET_NUCLEO_F401RE/TOOLCHAIN_GCC_ARM/libmbed.a(FilePath.o)
                0x0000000008001ad4                mbed::FilePath::file()
 .text._ZN4mbed8FilePath6existsEv
                0x0000000008001af0        0xc ./mbed/TARGET_NUCLEO_F401RE/TOOLCHAIN_GCC_ARM/libmbed.a(FilePath.o)
                0x0000000008001af0                mbed::FilePath::exists()
 .text._ZN4mbed6Serial5_getcEv
                0x0000000008001afc        0x4 ./mbed/TARGET_NUCLEO_F401RE/TOOLCHAIN_GCC_ARM/libmbed.a(Serial.o)
                0x0000000008001afc                mbed::Serial::_getc()
 .text._ZThn84_N4mbed6Serial5_getcEv
                0x0000000008001b00        0x8 ./mbed/TARGET_NUCLEO_F401RE/TOOLCHAIN_GCC_ARM/libmbed.a(Serial.o)
                0x0000000008001b00                non-virtual thunk to mbed::Serial::_getc()
 .text._ZN4mbed6Serial5_putcEi
                0x0000000008001b08        0x4 ./mbed/TARGET_NUCLEO_F401RE/TOOLCHAIN_GCC_ARM/libmbed.a(Serial.o)
                0x0000000008001b08                mbed::Serial::_putc(int)
 .text._ZThn84_N4mbed6Serial5_putcEi
                0x0000000008001b0c        0x8 ./mbed/TARGET_NUCLEO_F401RE/TOOLCHAIN_GCC_ARM/libmbed.a(Serial.o)
                0x0000000008001b0c                non-virtual thunk to mbed::Serial::_putc(int)
 .text._ZN4mbed6SerialC2E7PinNameS1_PKc
                0x0000000008001b14       0x30 ./mbed/TARGET_NUCLEO_F401RE/TOOLCHAIN_GCC_ARM/libmbed.a(Serial.o)
                0x0000000008001b14                mbed::Serial::Serial(PinName, PinName, char const*)
                0x0000000008001b14                mbed::Serial::Serial(PinName, PinName, char const*)
 .text._ZN4mbed10SerialBase12_irq_handlerEm9SerialIrq
                0x0000000008001b44       0x24 ./mbed/TARGET_NUCLEO_F401RE/TOOLCHAIN_GCC_ARM/libmbed.a(SerialBase.o)
                0x0000000008001b44                mbed::SerialBase::_irq_handler(unsigned long, SerialIrq)
 .text._ZN4mbed10SerialBaseC2E7PinNameS1_
                0x0000000008001b68       0x48 ./mbed/TARGET_NUCLEO_F401RE/TOOLCHAIN_GCC_ARM/libmbed.a(SerialBase.o)
                0x0000000008001b68                mbed::SerialBase::SerialBase(PinName, PinName)
                0x0000000008001b68                mbed::SerialBase::SerialBase(PinName, PinName)
 .text._ZN4mbed10SerialBase10_base_getcEv
                0x0000000008001bb0        0x8 ./mbed/TARGET_NUCLEO_F401RE/TOOLCHAIN_GCC_ARM/libmbed.a(SerialBase.o)
                0x0000000008001bb0                mbed::SerialBase::_base_getc()
 .text._ZN4mbed10SerialBase10_base_putcEi
                0x0000000008001bb8       0x10 ./mbed/TARGET_NUCLEO_F401RE/TOOLCHAIN_GCC_ARM/libmbed.a(SerialBase.o)
                0x0000000008001bb8                mbed::SerialBase::_base_putc(int)
 .text._ZN4mbed6Stream5closeEv
                0x0000000008001bc8        0x4 ./mbed/TARGET_NUCLEO_F401RE/TOOLCHAIN_GCC_ARM/libmbed.a(Stream.o)
                0x0000000008001bc8                mbed::Stream::close()
 .text._ZN4mbed6Stream5writeEPKvj
                0x0000000008001bcc       0x30 ./mbed/TARGET_NUCLEO_F401RE/TOOLCHAIN_GCC_ARM/libmbed.a(Stream.o)
                0x0000000008001bcc                mbed::Stream::write(void const*, unsigned int)
 .text._ZN4mbed6Stream4readEPvj
                0x0000000008001bfc       0x30 ./mbed/TARGET_NUCLEO_F401RE/TOOLCHAIN_GCC_ARM/libmbed.a(Stream.o)
                0x0000000008001bfc                mbed::Stream::read(void*, unsigned int)
 .text._ZN4mbed6Stream5lseekEli
                0x0000000008001c2c        0x4 ./mbed/TARGET_NUCLEO_F401RE/TOOLCHAIN_GCC_ARM/libmbed.a(Stream.o)
                0x0000000008001c2c                mbed::Stream::lseek(long, int)
 .text._ZN4mbed6Stream6isattyEv
                0x0000000008001c30        0x4 ./mbed/TARGET_NUCLEO_F401RE/TOOLCHAIN_GCC_ARM/libmbed.a(Stream.o)
                0x0000000008001c30                mbed::Stream::isatty()
 .text._ZN4mbed6Stream5fsyncEv
                0x0000000008001c34        0x4 ./mbed/TARGET_NUCLEO_F401RE/TOOLCHAIN_GCC_ARM/libmbed.a(Stream.o)
                0x0000000008001c34                mbed::Stream::fsync()
 .text._ZN4mbed6Stream4flenEv
                0x0000000008001c38        0x4 ./mbed/TARGET_NUCLEO_F401RE/TOOLCHAIN_GCC_ARM/libmbed.a(Stream.o)
                0x0000000008001c38                mbed::Stream::flen()
 .text._ZN4mbed6StreamD2Ev
                0x0000000008001c3c       0x24 ./mbed/TARGET_NUCLEO_F401RE/TOOLCHAIN_GCC_ARM/libmbed.a(Stream.o)
                0x0000000008001c3c                mbed::Stream::~Stream()
                0x0000000008001c3c                mbed::Stream::~Stream()
 .text._ZThn4_N4mbed6StreamD1Ev
                0x0000000008001c60        0x8 ./mbed/TARGET_NUCLEO_F401RE/TOOLCHAIN_GCC_ARM/libmbed.a(Stream.o)
                0x0000000008001c60                non-virtual thunk to mbed::Stream::~Stream()
 .text._ZN4mbed6StreamD0Ev
                0x0000000008001c68       0x14 ./mbed/TARGET_NUCLEO_F401RE/TOOLCHAIN_GCC_ARM/libmbed.a(Stream.o)
                0x0000000008001c68                mbed::Stream::~Stream()
 .text._ZThn4_N4mbed6StreamD0Ev
                0x0000000008001c7c        0x8 ./mbed/TARGET_NUCLEO_F401RE/TOOLCHAIN_GCC_ARM/libmbed.a(Stream.o)
                0x0000000008001c7c                non-virtual thunk to mbed::Stream::~Stream()
 .text._ZN4mbed6StreamC2EPKc
                0x0000000008001c84       0x44 ./mbed/TARGET_NUCLEO_F401RE/TOOLCHAIN_GCC_ARM/libmbed.a(Stream.o)
                0x0000000008001c84                mbed::Stream::Stream(char const*)
                0x0000000008001c84                mbed::Stream::Stream(char const*)
 .text._ZN4mbed6Stream4putcEi
                0x0000000008001cc8       0x18 ./mbed/TARGET_NUCLEO_F401RE/TOOLCHAIN_GCC_ARM/libmbed.a(Stream.o)
                0x0000000008001cc8                mbed::Stream::putc(int)
 .text.mbed_assert_internal
                0x0000000008001ce0       0x18 ./mbed/TARGET_NUCLEO_F401RE/TOOLCHAIN_GCC_ARM/libmbed.a(assert.o)
                0x0000000008001ce0                mbed_assert_internal
 .text.error    0x0000000008001cf8       0x24 ./mbed/TARGET_NUCLEO_F401RE/TOOLCHAIN_GCC_ARM/libmbed.a(error.o)
                0x0000000008001cf8                error
 .text.gpio_init_out
                0x0000000008001d1c       0x48 ./mbed/TARGET_NUCLEO_F401RE/TOOLCHAIN_GCC_ARM/libmbed.a(gpio.o)
                0x0000000008001d1c                gpio_init_out
 .text.pinmap_pinout
                0x0000000008001d64       0x44 ./mbed/TARGET_NUCLEO_F401RE/TOOLCHAIN_GCC_ARM/libmbed.a(pinmap_common.o)
                0x0000000008001d64                pinmap_pinout
 .text.pinmap_merge
                0x0000000008001da8       0x24 ./mbed/TARGET_NUCLEO_F401RE/TOOLCHAIN_GCC_ARM/libmbed.a(pinmap_common.o)
                0x0000000008001da8                pinmap_merge
 .text.pinmap_peripheral
                0x0000000008001dcc       0x34 ./mbed/TARGET_NUCLEO_F401RE/TOOLCHAIN_GCC_ARM/libmbed.a(pinmap_common.o)
                0x0000000008001dcc                pinmap_peripheral
 .text.us_ticker_irq_handler
                0x0000000008001e00        0xc ./mbed/TARGET_NUCLEO_F401RE/TOOLCHAIN_GCC_ARM/libmbed.a(us_ticker_api.o)
                0x0000000008001e00                us_ticker_irq_handler
 .text.wait_us  0x0000000008001e0c       0x18 ./mbed/TARGET_NUCLEO_F401RE/TOOLCHAIN_GCC_ARM/libmbed.a(wait_api.o)
                0x0000000008001e0c                wait_us
 .text.wait_ms  0x0000000008001e24        0xc ./mbed/TARGET_NUCLEO_F401RE/TOOLCHAIN_GCC_ARM/libmbed.a(wait_api.o)
                0x0000000008001e24                wait_ms
 .text.gpio_set
                0x0000000008001e30       0x30 ./mbed/TARGET_NUCLEO_F401RE/TOOLCHAIN_GCC_ARM/libmbed.a(gpio_api.o)
                0x0000000008001e30                gpio_set
 .text.gpio_init
                0x0000000008001e60       0x2c ./mbed/TARGET_NUCLEO_F401RE/TOOLCHAIN_GCC_ARM/libmbed.a(gpio_api.o)
                0x0000000008001e60                gpio_init
 .text.gpio_mode
                0x0000000008001e8c        0x8 ./mbed/TARGET_NUCLEO_F401RE/TOOLCHAIN_GCC_ARM/libmbed.a(gpio_api.o)
                0x0000000008001e8c                gpio_mode
 .text.gpio_dir
                0x0000000008001e94       0x40 ./mbed/TARGET_NUCLEO_F401RE/TOOLCHAIN_GCC_ARM/libmbed.a(gpio_api.o)
                0x0000000008001e94                gpio_dir
 .text.us_ticker_init
                0x0000000008001ed4       0x24 ./mbed/TARGET_NUCLEO_F401RE/TOOLCHAIN_GCC_ARM/libmbed.a(us_ticker.o)
                0x0000000008001ed4                us_ticker_init
 .text.us_ticker_read
                0x0000000008001ef8       0x1c ./mbed/TARGET_NUCLEO_F401RE/TOOLCHAIN_GCC_ARM/libmbed.a(us_ticker.o)
                0x0000000008001ef8                us_ticker_read
 .text.us_ticker_set_interrupt
                0x0000000008001f14       0x14 ./mbed/TARGET_NUCLEO_F401RE/TOOLCHAIN_GCC_ARM/libmbed.a(us_ticker.o)
                0x0000000008001f14                us_ticker_set_interrupt
 .text.us_ticker_disable_interrupt
                0x0000000008001f28       0x14 ./mbed/TARGET_NUCLEO_F401RE/TOOLCHAIN_GCC_ARM/libmbed.a(us_ticker.o)
                0x0000000008001f28                us_ticker_disable_interrupt
 .text.us_ticker_clear_interrupt
                0x0000000008001f3c       0x10 ./mbed/TARGET_NUCLEO_F401RE/TOOLCHAIN_GCC_ARM/libmbed.a(us_ticker.o)
                0x0000000008001f3c                us_ticker_clear_interrupt
 .text._ZN4mbed8FileLikeD2Ev
                0x0000000008001f4c       0x24 ./mbed/TARGET_NUCLEO_F401RE/TOOLCHAIN_GCC_ARM/libmbed.a(FileLike.o)
                0x0000000008001f4c                mbed::FileLike::~FileLike()
                0x0000000008001f4c                mbed::FileLike::~FileLike()
 .text._ZThn4_N4mbed8FileLikeD1Ev
                0x0000000008001f70        0x8 ./mbed/TARGET_NUCLEO_F401RE/TOOLCHAIN_GCC_ARM/libmbed.a(FileLike.o)
                0x0000000008001f70                non-virtual thunk to mbed::FileLike::~FileLike()
 .text._ZN4mbed8FileLikeD0Ev
                0x0000000008001f78       0x2c ./mbed/TARGET_NUCLEO_F401RE/TOOLCHAIN_GCC_ARM/libmbed.a(FileLike.o)
                0x0000000008001f78                mbed::FileLike::~FileLike()
 .text._ZThn4_N4mbed8FileLikeD0Ev
                0x0000000008001fa4        0x8 ./mbed/TARGET_NUCLEO_F401RE/TOOLCHAIN_GCC_ARM/libmbed.a(FileLike.o)
                0x0000000008001fa4                non-virtual thunk to mbed::FileLike::~FileLike()
 .text._ZN4mbed8FileLikeC2EPKc
                0x0000000008001fac       0x28 ./mbed/TARGET_NUCLEO_F401RE/TOOLCHAIN_GCC_ARM/libmbed.a(FileLike.o)
                0x0000000008001fac                mbed::FileLike::FileLike(char const*)
                0x0000000008001fac                mbed::FileLike::FileLike(char const*)
 .text._ZN4mbed8FileBaseD2Ev
                0x0000000008001fd4       0x30 ./mbed/TARGET_NUCLEO_F401RE/TOOLCHAIN_GCC_ARM/libmbed.a(FileBase.o)
                0x0000000008001fd4                mbed::FileBase::~FileBase()
                0x0000000008001fd4                mbed::FileBase::~FileBase()
 .text._ZN4mbed8FileBaseD0Ev
                0x0000000008002004       0x3c ./mbed/TARGET_NUCLEO_F401RE/TOOLCHAIN_GCC_ARM/libmbed.a(FileBase.o)
                0x0000000008002004                mbed::FileBase::~FileBase()
 .text._ZN4mbed8FileBaseC2EPKcNS_8PathTypeE
                0x0000000008002040       0x20 ./mbed/TARGET_NUCLEO_F401RE/TOOLCHAIN_GCC_ARM/libmbed.a(FileBase.o)
                0x0000000008002040                mbed::FileBase::FileBase(char const*, mbed::PathType)
                0x0000000008002040                mbed::FileBase::FileBase(char const*, mbed::PathType)
 .text._ZN4mbed8FileBase6lookupEPKcj
                0x0000000008002060       0x3c ./mbed/TARGET_NUCLEO_F401RE/TOOLCHAIN_GCC_ARM/libmbed.a(FileBase.o)
                0x0000000008002060                mbed::FileBase::lookup(char const*, unsigned int)
 .text._ZN4mbed8FileBase11getPathTypeEv
                0x000000000800209c        0x4 ./mbed/TARGET_NUCLEO_F401RE/TOOLCHAIN_GCC_ARM/libmbed.a(FileBase.o)
                0x000000000800209c                mbed::FileBase::getPathType()
 .text.ticker_irq_handler
                0x00000000080020a0       0x48 ./mbed/TARGET_NUCLEO_F401RE/TOOLCHAIN_GCC_ARM/libmbed.a(ticker_api.o)
                0x00000000080020a0                ticker_irq_handler
 .text.__aeabi_atexit
                0x00000000080020e8        0xa /Users/yukisako/environment/gcc-arm-none-eabi-4_8-2013q4/bin/../lib/gcc/arm-none-eabi/4.8.3/../../../../arm-none-eabi/lib/armv7e-m/softfp/libstdc++_s.a(atexit_arm.o)
                0x00000000080020e8                __aeabi_atexit
 .text._ZdlPv   0x00000000080020f2        0x8 /Users/yukisako/environment/gcc-arm-none-eabi-4_8-2013q4/bin/../lib/gcc/arm-none-eabi/4.8.3/../../../../arm-none-eabi/lib/armv7e-m/softfp/libstdc++_s.a(del_op.o)
                0x00000000080020f2                operator delete(void*)
 *fill*         0x00000000080020fa        0x2 
 .text.__cxa_atexit
                0x00000000080020fc       0x20 /Users/yukisako/environment/gcc-arm-none-eabi-4_8-2013q4/bin/../lib/gcc/arm-none-eabi/4.8.3/../../../../arm-none-eabi/lib/armv7e-m/softfp/libc_s.a(lib_a-cxa_atexit.o)
                0x00000000080020fc                __cxa_atexit
 .text.__errno  0x000000000800211c        0xc /Users/yukisako/environment/gcc-arm-none-eabi-4_8-2013q4/bin/../lib/gcc/arm-none-eabi/4.8.3/../../../../arm-none-eabi/lib/armv7e-m/softfp/libc_s.a(lib_a-errno.o)
                0x000000000800211c                __errno
 .text.exit     0x0000000008002128       0x28 /Users/yukisako/environment/gcc-arm-none-eabi-4_8-2013q4/bin/../lib/gcc/arm-none-eabi/4.8.3/../../../../arm-none-eabi/lib/armv7e-m/softfp/libc_s.a(lib_a-exit.o)
                0x0000000008002128                exit
 .text._fclose_r
                0x0000000008002150       0xa4 /Users/yukisako/environment/gcc-arm-none-eabi-4_8-2013q4/bin/../lib/gcc/arm-none-eabi/4.8.3/../../../../arm-none-eabi/lib/armv7e-m/softfp/libc_s.a(lib_a-fclose.o)
                0x0000000008002150                _fclose_r
 .text.fclose   0x00000000080021f4       0x10 /Users/yukisako/environment/gcc-arm-none-eabi-4_8-2013q4/bin/../lib/gcc/arm-none-eabi/4.8.3/../../../../arm-none-eabi/lib/armv7e-m/softfp/libc_s.a(lib_a-fclose.o)
                0x00000000080021f4                fclose
 .text.__sflush_r
                0x0000000008002204      0x106 /Users/yukisako/environment/gcc-arm-none-eabi-4_8-2013q4/bin/../lib/gcc/arm-none-eabi/4.8.3/../../../../arm-none-eabi/lib/armv7e-m/softfp/libc_s.a(lib_a-fflush.o)
                0x0000000008002204                __sflush_r
 *fill*         0x000000000800230a        0x2 
 .text._fflush_r
                0x000000000800230c       0x54 /Users/yukisako/environment/gcc-arm-none-eabi-4_8-2013q4/bin/../lib/gcc/arm-none-eabi/4.8.3/../../../../arm-none-eabi/lib/armv7e-m/softfp/libc_s.a(lib_a-fflush.o)
                0x000000000800230c                _fflush_r
 .text.fflush   0x0000000008002360       0x24 /Users/yukisako/environment/gcc-arm-none-eabi-4_8-2013q4/bin/../lib/gcc/arm-none-eabi/4.8.3/../../../../arm-none-eabi/lib/armv7e-m/softfp/libc_s.a(lib_a-fflush.o)
                0x0000000008002360                fflush
 .text._cleanup_r
                0x0000000008002384       0x32 /Users/yukisako/environment/gcc-arm-none-eabi-4_8-2013q4/bin/../lib/gcc/arm-none-eabi/4.8.3/../../../../arm-none-eabi/lib/armv7e-m/softfp/libc_s.a(lib_a-findfp.o)
                0x0000000008002384                _cleanup_r
 *fill*         0x00000000080023b6        0x2 
 .text.std.isra.0
                0x00000000080023b8       0x48 /Users/yukisako/environment/gcc-arm-none-eabi-4_8-2013q4/bin/../lib/gcc/arm-none-eabi/4.8.3/../../../../arm-none-eabi/lib/armv7e-m/softfp/libc_s.a(lib_a-findfp.o)
 .text.__sfmoreglue
                0x0000000008002400       0x2c /Users/yukisako/environment/gcc-arm-none-eabi-4_8-2013q4/bin/../lib/gcc/arm-none-eabi/4.8.3/../../../../arm-none-eabi/lib/armv7e-m/softfp/libc_s.a(lib_a-findfp.o)
                0x0000000008002400                __sfmoreglue
 .text.__sinit  0x000000000800242c       0x60 /Users/yukisako/environment/gcc-arm-none-eabi-4_8-2013q4/bin/../lib/gcc/arm-none-eabi/4.8.3/../../../../arm-none-eabi/lib/armv7e-m/softfp/libc_s.a(lib_a-findfp.o)
                0x000000000800242c                __sinit
 .text.__sfp    0x000000000800248c       0x74 /Users/yukisako/environment/gcc-arm-none-eabi-4_8-2013q4/bin/../lib/gcc/arm-none-eabi/4.8.3/../../../../arm-none-eabi/lib/armv7e-m/softfp/libc_s.a(lib_a-findfp.o)
                0x000000000800248c                __sfp
 .text.__sfp_lock_acquire
                0x0000000008002500        0x2 /Users/yukisako/environment/gcc-arm-none-eabi-4_8-2013q4/bin/../lib/gcc/arm-none-eabi/4.8.3/../../../../arm-none-eabi/lib/armv7e-m/softfp/libc_s.a(lib_a-findfp.o)
                0x0000000008002500                __sfp_lock_acquire
 .text.__sfp_lock_release
                0x0000000008002502        0x2 /Users/yukisako/environment/gcc-arm-none-eabi-4_8-2013q4/bin/../lib/gcc/arm-none-eabi/4.8.3/../../../../arm-none-eabi/lib/armv7e-m/softfp/libc_s.a(lib_a-findfp.o)
                0x0000000008002502                __sfp_lock_release
 .text._fopen_r
                0x0000000008002504       0x80 /Users/yukisako/environment/gcc-arm-none-eabi-4_8-2013q4/bin/../lib/gcc/arm-none-eabi/4.8.3/../../../../arm-none-eabi/lib/armv7e-m/softfp/libc_s.a(lib_a-fopen.o)
                0x0000000008002504                _fopen_r
 .text.fopen    0x0000000008002584       0x14 /Users/yukisako/environment/gcc-arm-none-eabi-4_8-2013q4/bin/../lib/gcc/arm-none-eabi/4.8.3/../../../../arm-none-eabi/lib/armv7e-m/softfp/libc_s.a(lib_a-fopen.o)
                0x0000000008002584                fopen
 .text._fputc_r
                0x0000000008002598       0x48 /Users/yukisako/environment/gcc-arm-none-eabi-4_8-2013q4/bin/../lib/gcc/arm-none-eabi/4.8.3/../../../../arm-none-eabi/lib/armv7e-m/softfp/libc_s.a(lib_a-fputc.o)
                0x0000000008002598                _fputc_r
 .text.fputc    0x00000000080025e0       0x14 /Users/yukisako/environment/gcc-arm-none-eabi-4_8-2013q4/bin/../lib/gcc/arm-none-eabi/4.8.3/../../../../arm-none-eabi/lib/armv7e-m/softfp/libc_s.a(lib_a-fputc.o)
                0x00000000080025e0                fputc
 .text._fseek_r
                0x00000000080025f4        0x4 /Users/yukisako/environment/gcc-arm-none-eabi-4_8-2013q4/bin/../lib/gcc/arm-none-eabi/4.8.3/../../../../arm-none-eabi/lib/armv7e-m/softfp/libc_s.a(lib_a-fseek.o)
                0x00000000080025f4                _fseek_r
 .text._fseeko_r
                0x00000000080025f8      0x11c /Users/yukisako/environment/gcc-arm-none-eabi-4_8-2013q4/bin/../lib/gcc/arm-none-eabi/4.8.3/../../../../arm-none-eabi/lib/armv7e-m/softfp/libc_s.a(lib_a-fseeko.o)
                0x00000000080025f8                _fseeko_r
 .text._fwalk_reent
                0x0000000008002714       0x3c /Users/yukisako/environment/gcc-arm-none-eabi-4_8-2013q4/bin/../lib/gcc/arm-none-eabi/4.8.3/../../../../arm-none-eabi/lib/armv7e-m/softfp/libc_s.a(lib_a-fwalk.o)
                0x0000000008002714                _fwalk_reent
 .text.__libc_init_array
                0x0000000008002750       0x4c /Users/yukisako/environment/gcc-arm-none-eabi-4_8-2013q4/bin/../lib/gcc/arm-none-eabi/4.8.3/../../../../arm-none-eabi/lib/armv7e-m/softfp/libc_s.a(lib_a-init.o)
                0x0000000008002750                __libc_init_array
 .text.__smakebuf_r
                0x000000000800279c       0x9c /Users/yukisako/environment/gcc-arm-none-eabi-4_8-2013q4/bin/../lib/gcc/arm-none-eabi/4.8.3/../../../../arm-none-eabi/lib/armv7e-m/softfp/libc_s.a(lib_a-makebuf.o)
                0x000000000800279c                __smakebuf_r
 .text.malloc   0x0000000008002838       0x10 /Users/yukisako/environment/gcc-arm-none-eabi-4_8-2013q4/bin/../lib/gcc/arm-none-eabi/4.8.3/../../../../arm-none-eabi/lib/armv7e-m/softfp/libc_s.a(lib_a-malloc.o)
                0x0000000008002838                malloc
 .text.free     0x0000000008002848       0x10 /Users/yukisako/environment/gcc-arm-none-eabi-4_8-2013q4/bin/../lib/gcc/arm-none-eabi/4.8.3/../../../../arm-none-eabi/lib/armv7e-m/softfp/libc_s.a(lib_a-malloc.o)
                0x0000000008002848                free
 .text.memchr   0x0000000008002858       0x1e /Users/yukisako/environment/gcc-arm-none-eabi-4_8-2013q4/bin/../lib/gcc/arm-none-eabi/4.8.3/../../../../arm-none-eabi/lib/armv7e-m/softfp/libc_s.a(lib_a-memchr-stub.o)
                0x0000000008002858                memchr
 .text.memcpy   0x0000000008002876       0x12 /Users/yukisako/environment/gcc-arm-none-eabi-4_8-2013q4/bin/../lib/gcc/arm-none-eabi/4.8.3/../../../../arm-none-eabi/lib/armv7e-m/softfp/libc_s.a(lib_a-memcpy-stub.o)
                0x0000000008002876                memcpy
 .text.memset   0x0000000008002888       0x10 /Users/yukisako/environment/gcc-arm-none-eabi-4_8-2013q4/bin/../lib/gcc/arm-none-eabi/4.8.3/../../../../arm-none-eabi/lib/armv7e-m/softfp/libc_s.a(lib_a-memset.o)
                0x0000000008002888                memset
 .text._free_r  0x0000000008002898       0x88 /Users/yukisako/environment/gcc-arm-none-eabi-4_8-2013q4/bin/../lib/gcc/arm-none-eabi/4.8.3/../../../../arm-none-eabi/lib/armv7e-m/softfp/libc_s.a(lib_a-nano-freer.o)
                0x0000000008002898                _free_r
 .text._malloc_r
                0x0000000008002920       0xa8 /Users/yukisako/environment/gcc-arm-none-eabi-4_8-2013q4/bin/../lib/gcc/arm-none-eabi/4.8.3/../../../../arm-none-eabi/lib/armv7e-m/softfp/libc_s.a(lib_a-nano-mallocr.o)
                0x0000000008002920                _malloc_r
 .text._open_r  0x00000000080029c8       0x24 /Users/yukisako/environment/gcc-arm-none-eabi-4_8-2013q4/bin/../lib/gcc/arm-none-eabi/4.8.3/../../../../arm-none-eabi/lib/armv7e-m/softfp/libc_s.a(lib_a-openr.o)
                0x00000000080029c8                _open_r
 .text._putc_r  0x00000000080029ec       0x78 /Users/yukisako/environment/gcc-arm-none-eabi-4_8-2013q4/bin/../lib/gcc/arm-none-eabi/4.8.3/../../../../arm-none-eabi/lib/armv7e-m/softfp/libc_s.a(lib_a-putc.o)
                0x00000000080029ec                _putc_r
 .text._puts_r  0x0000000008002a64       0xc0 /Users/yukisako/environment/gcc-arm-none-eabi-4_8-2013q4/bin/../lib/gcc/arm-none-eabi/4.8.3/../../../../arm-none-eabi/lib/armv7e-m/softfp/libc_s.a(lib_a-puts.o)
                0x0000000008002a64                _puts_r
 .text.puts     0x0000000008002b24       0x10 /Users/yukisako/environment/gcc-arm-none-eabi-4_8-2013q4/bin/../lib/gcc/arm-none-eabi/4.8.3/../../../../arm-none-eabi/lib/armv7e-m/softfp/libc_s.a(lib_a-puts.o)
                0x0000000008002b24                puts
 .text._sbrk_r  0x0000000008002b34       0x20 /Users/yukisako/environment/gcc-arm-none-eabi-4_8-2013q4/bin/../lib/gcc/arm-none-eabi/4.8.3/../../../../arm-none-eabi/lib/armv7e-m/softfp/libc_s.a(lib_a-sbrkr.o)
                0x0000000008002b34                _sbrk_r
 .text.setbuf   0x0000000008002b54       0x10 /Users/yukisako/environment/gcc-arm-none-eabi-4_8-2013q4/bin/../lib/gcc/arm-none-eabi/4.8.3/../../../../arm-none-eabi/lib/armv7e-m/softfp/libc_s.a(lib_a-setbuf.o)
                0x0000000008002b54                setbuf
 .text.setvbuf  0x0000000008002b64      0x110 /Users/yukisako/environment/gcc-arm-none-eabi-4_8-2013q4/bin/../lib/gcc/arm-none-eabi/4.8.3/../../../../arm-none-eabi/lib/armv7e-m/softfp/libc_s.a(lib_a-setvbuf.o)
                0x0000000008002b64                setvbuf
 .text.sprintf  0x0000000008002c74       0x48 /Users/yukisako/environment/gcc-arm-none-eabi-4_8-2013q4/bin/../lib/gcc/arm-none-eabi/4.8.3/../../../../arm-none-eabi/lib/armv7e-m/softfp/libc_s.a(lib_a-sprintf.o)
                0x0000000008002c74                sprintf
                0x0000000008002c74                siprintf
 .text.sscanf   0x0000000008002cbc       0x54 /Users/yukisako/environment/gcc-arm-none-eabi-4_8-2013q4/bin/../lib/gcc/arm-none-eabi/4.8.3/../../../../arm-none-eabi/lib/armv7e-m/softfp/libc_s.a(lib_a-sscanf.o)
                0x0000000008002cbc                sscanf
                0x0000000008002cbc                siscanf
 .text.__sread  0x0000000008002d10       0x22 /Users/yukisako/environment/gcc-arm-none-eabi-4_8-2013q4/bin/../lib/gcc/arm-none-eabi/4.8.3/../../../../arm-none-eabi/lib/armv7e-m/softfp/libc_s.a(lib_a-stdio.o)
                0x0000000008002d10                __sread
 .text.__seofread
                0x0000000008002d32        0x4 /Users/yukisako/environment/gcc-arm-none-eabi-4_8-2013q4/bin/../lib/gcc/arm-none-eabi/4.8.3/../../../../arm-none-eabi/lib/armv7e-m/softfp/libc_s.a(lib_a-stdio.o)
                0x0000000008002d32                __seofread
 .text.__swrite
                0x0000000008002d36       0x38 /Users/yukisako/environment/gcc-arm-none-eabi-4_8-2013q4/bin/../lib/gcc/arm-none-eabi/4.8.3/../../../../arm-none-eabi/lib/armv7e-m/softfp/libc_s.a(lib_a-stdio.o)
                0x0000000008002d36                __swrite
 .text.__sseek  0x0000000008002d6e       0x24 /Users/yukisako/environment/gcc-arm-none-eabi-4_8-2013q4/bin/../lib/gcc/arm-none-eabi/4.8.3/../../../../arm-none-eabi/lib/armv7e-m/softfp/libc_s.a(lib_a-stdio.o)
                0x0000000008002d6e                __sseek
 .text.__sclose
                0x0000000008002d92        0x8 /Users/yukisako/environment/gcc-arm-none-eabi-4_8-2013q4/bin/../lib/gcc/arm-none-eabi/4.8.3/../../../../arm-none-eabi/lib/armv7e-m/softfp/libc_s.a(lib_a-stdio.o)
                0x0000000008002d92                __sclose
 .text          0x0000000008002d9a       0x14 /Users/yukisako/environment/gcc-arm-none-eabi-4_8-2013q4/bin/../lib/gcc/arm-none-eabi/4.8.3/../../../../arm-none-eabi/lib/armv7e-m/softfp/libc_s.a(lib_a-strcmp.o)
                0x0000000008002d9a                strcmp
 .text.strlen   0x0000000008002dae       0x10 /Users/yukisako/environment/gcc-arm-none-eabi-4_8-2013q4/bin/../lib/gcc/arm-none-eabi/4.8.3/../../../../arm-none-eabi/lib/armv7e-m/softfp/libc_s.a(lib_a-strlen.o)
                0x0000000008002dae                strlen
 .text.strncmp  0x0000000008002dbe       0x2e /Users/yukisako/environment/gcc-arm-none-eabi-4_8-2013q4/bin/../lib/gcc/arm-none-eabi/4.8.3/../../../../arm-none-eabi/lib/armv7e-m/softfp/libc_s.a(lib_a-strncmp.o)
                0x0000000008002dbe                strncmp
 .text.__ssputs_r
                0x0000000008002dec       0xb8 /Users/yukisako/environment/gcc-arm-none-eabi-4_8-2013q4/bin/../lib/gcc/arm-none-eabi/4.8.3/../../../../arm-none-eabi/lib/armv7e-m/softfp/libc_s.a(lib_a-svfprintf.o)
                0x0000000008002dec                __ssputs_r
 .text._svfprintf_r
                0x0000000008002ea4      0x1dc /Users/yukisako/environment/gcc-arm-none-eabi-4_8-2013q4/bin/../lib/gcc/arm-none-eabi/4.8.3/../../../../arm-none-eabi/lib/armv7e-m/softfp/libc_s.a(lib_a-svfprintf.o)
                0x0000000008002ea4                _svfprintf_r
                0x0000000008002ea4                _svfiprintf_r
 .text._sungetc_r
                0x0000000008003080       0x7a /Users/yukisako/environment/gcc-arm-none-eabi-4_8-2013q4/bin/../lib/gcc/arm-none-eabi/4.8.3/../../../../arm-none-eabi/lib/armv7e-m/softfp/libc_s.a(lib_a-svfscanf.o)
                0x0000000008003080                _sungetc_r
 .text.__ssrefill_r
                0x00000000080030fa       0x3a /Users/yukisako/environment/gcc-arm-none-eabi-4_8-2013q4/bin/../lib/gcc/arm-none-eabi/4.8.3/../../../../arm-none-eabi/lib/armv7e-m/softfp/libc_s.a(lib_a-svfscanf.o)
                0x00000000080030fa                __ssrefill_r
 .text.__ssvfscanf_r
                0x0000000008003134      0x298 /Users/yukisako/environment/gcc-arm-none-eabi-4_8-2013q4/bin/../lib/gcc/arm-none-eabi/4.8.3/../../../../arm-none-eabi/lib/armv7e-m/softfp/libc_s.a(lib_a-svfscanf.o)
                0x0000000008003134                __ssvfscanf_r
                0x0000000008003134                __ssvfiscanf_r
 .text.__submore
                0x00000000080033cc       0x76 /Users/yukisako/environment/gcc-arm-none-eabi-4_8-2013q4/bin/../lib/gcc/arm-none-eabi/4.8.3/../../../../arm-none-eabi/lib/armv7e-m/softfp/libc_s.a(lib_a-ungetc.o)
                0x00000000080033cc                __submore
 .text.__sfputc_r
                0x0000000008003442       0x2c /Users/yukisako/environment/gcc-arm-none-eabi-4_8-2013q4/bin/../lib/gcc/arm-none-eabi/4.8.3/../../../../arm-none-eabi/lib/armv7e-m/softfp/libc_s.a(lib_a-vfprintf.o)
 .text.__sfputs_r
                0x000000000800346e       0x24 /Users/yukisako/environment/gcc-arm-none-eabi-4_8-2013q4/bin/../lib/gcc/arm-none-eabi/4.8.3/../../../../arm-none-eabi/lib/armv7e-m/softfp/libc_s.a(lib_a-vfprintf.o)
                0x000000000800346e                __sfputs_r
 *fill*         0x0000000008003492        0x2 
 .text._vfprintf_r
                0x0000000008003494      0x208 /Users/yukisako/environment/gcc-arm-none-eabi-4_8-2013q4/bin/../lib/gcc/arm-none-eabi/4.8.3/../../../../arm-none-eabi/lib/armv7e-m/softfp/libc_s.a(lib_a-vfprintf.o)
                0x0000000008003494                _vfiprintf_r
                0x0000000008003494                _vfprintf_r
 .text.vfprintf
                0x000000000800369c       0x1c /Users/yukisako/environment/gcc-arm-none-eabi-4_8-2013q4/bin/../lib/gcc/arm-none-eabi/4.8.3/../../../../arm-none-eabi/lib/armv7e-m/softfp/libc_s.a(lib_a-vfprintf.o)
                0x000000000800369c                vfiprintf
                0x000000000800369c                vfprintf
 .text.__cvt    0x00000000080036b8       0xc0 /Users/yukisako/environment/gcc-arm-none-eabi-4_8-2013q4/bin/../lib/gcc/arm-none-eabi/4.8.3/../../../../arm-none-eabi/lib/armv7e-m/softfp/libc_s.a(lib_a-vfprintf_float.o)
                0x00000000080036b8                __cvt
 .text.__exponent
                0x0000000008003778       0x66 /Users/yukisako/environment/gcc-arm-none-eabi-4_8-2013q4/bin/../lib/gcc/arm-none-eabi/4.8.3/../../../../arm-none-eabi/lib/armv7e-m/softfp/libc_s.a(lib_a-vfprintf_float.o)
                0x0000000008003778                __exponent
 *fill*         0x00000000080037de        0x2 
 .text._printf_float
                0x00000000080037e0      0x41c /Users/yukisako/environment/gcc-arm-none-eabi-4_8-2013q4/bin/../lib/gcc/arm-none-eabi/4.8.3/../../../../arm-none-eabi/lib/armv7e-m/softfp/libc_s.a(lib_a-vfprintf_float.o)
                0x00000000080037e0                _printf_float
 .text._printf_common
                0x0000000008003bfc       0xe4 /Users/yukisako/environment/gcc-arm-none-eabi-4_8-2013q4/bin/../lib/gcc/arm-none-eabi/4.8.3/../../../../arm-none-eabi/lib/armv7e-m/softfp/libc_s.a(lib_a-vfprintf_i.o)
                0x0000000008003bfc                _printf_common
 .text._printf_i
                0x0000000008003ce0      0x228 /Users/yukisako/environment/gcc-arm-none-eabi-4_8-2013q4/bin/../lib/gcc/arm-none-eabi/4.8.3/../../../../arm-none-eabi/lib/armv7e-m/softfp/libc_s.a(lib_a-vfprintf_i.o)
                0x0000000008003ce0                _printf_i
 .text._scanf_float
                0x0000000008003f08      0x3d8 /Users/yukisako/environment/gcc-arm-none-eabi-4_8-2013q4/bin/../lib/gcc/arm-none-eabi/4.8.3/../../../../arm-none-eabi/lib/armv7e-m/softfp/libc_s.a(lib_a-vfscanf_float.o)
                0x0000000008003f08                _scanf_float
 .text._scanf_chars
                0x00000000080042e0       0xc0 /Users/yukisako/environment/gcc-arm-none-eabi-4_8-2013q4/bin/../lib/gcc/arm-none-eabi/4.8.3/../../../../arm-none-eabi/lib/armv7e-m/softfp/libc_s.a(lib_a-vfscanf_i.o)
                0x00000000080042e0                _scanf_chars
 .text._scanf_i
                0x00000000080043a0      0x1ec /Users/yukisako/environment/gcc-arm-none-eabi-4_8-2013q4/bin/../lib/gcc/arm-none-eabi/4.8.3/../../../../arm-none-eabi/lib/armv7e-m/softfp/libc_s.a(lib_a-vfscanf_i.o)
                0x00000000080043a0                _scanf_i
 .text.__swbuf_r
                0x000000000800458c       0xa8 /Users/yukisako/environment/gcc-arm-none-eabi-4_8-2013q4/bin/../lib/gcc/arm-none-eabi/4.8.3/../../../../arm-none-eabi/lib/armv7e-m/softfp/libc_s.a(lib_a-wbuf.o)
                0x000000000800458c                __swbuf_r
 .text._write_r
                0x0000000008004634       0x24 /Users/yukisako/environment/gcc-arm-none-eabi-4_8-2013q4/bin/../lib/gcc/arm-none-eabi/4.8.3/../../../../arm-none-eabi/lib/armv7e-m/softfp/libc_s.a(lib_a-writer.o)
                0x0000000008004634                _write_r
 .text.__swsetup_r
                0x0000000008004658       0xdc /Users/yukisako/environment/gcc-arm-none-eabi-4_8-2013q4/bin/../lib/gcc/arm-none-eabi/4.8.3/../../../../arm-none-eabi/lib/armv7e-m/softfp/libc_s.a(lib_a-wsetup.o)
                0x0000000008004658                __swsetup_r
 .text._close_r
                0x0000000008004734       0x20 /Users/yukisako/environment/gcc-arm-none-eabi-4_8-2013q4/bin/../lib/gcc/arm-none-eabi/4.8.3/../../../../arm-none-eabi/lib/armv7e-m/softfp/libc_s.a(lib_a-closer.o)
                0x0000000008004734                _close_r
 .text.quorem   0x0000000008004754      0x11a /Users/yukisako/environment/gcc-arm-none-eabi-4_8-2013q4/bin/../lib/gcc/arm-none-eabi/4.8.3/../../../../arm-none-eabi/lib/armv7e-m/softfp/libc_s.a(lib_a-dtoa.o)
 *fill*         0x000000000800486e        0x2 
 .text._dtoa_r  0x0000000008004870      0xb70 /Users/yukisako/environment/gcc-arm-none-eabi-4_8-2013q4/bin/../lib/gcc/arm-none-eabi/4.8.3/../../../../arm-none-eabi/lib/armv7e-m/softfp/libc_s.a(lib_a-dtoa.o)
                0x0000000008004870                _dtoa_r
 .text.__sflags
                0x00000000080053e0       0x6e /Users/yukisako/environment/gcc-arm-none-eabi-4_8-2013q4/bin/../lib/gcc/arm-none-eabi/4.8.3/../../../../arm-none-eabi/lib/armv7e-m/softfp/libc_s.a(lib_a-flags.o)
                0x00000000080053e0                __sflags
 *fill*         0x000000000800544e        0x2 
 .text._fstat_r
                0x0000000008005450       0x24 /Users/yukisako/environment/gcc-arm-none-eabi-4_8-2013q4/bin/../lib/gcc/arm-none-eabi/4.8.3/../../../../arm-none-eabi/lib/armv7e-m/softfp/libc_s.a(lib_a-fstatr.o)
                0x0000000008005450                _fstat_r
 .text._isatty_r
                0x0000000008005474       0x20 /Users/yukisako/environment/gcc-arm-none-eabi-4_8-2013q4/bin/../lib/gcc/arm-none-eabi/4.8.3/../../../../arm-none-eabi/lib/armv7e-m/softfp/libc_s.a(lib_a-isattyr.o)
                0x0000000008005474                _isatty_r
 .text._localeconv_r
                0x0000000008005494        0x8 /Users/yukisako/environment/gcc-arm-none-eabi-4_8-2013q4/bin/../lib/gcc/arm-none-eabi/4.8.3/../../../../arm-none-eabi/lib/armv7e-m/softfp/libc_s.a(lib_a-locale.o)
                0x0000000008005494                _localeconv_r
 .text._lseek_r
                0x000000000800549c       0x24 /Users/yukisako/environment/gcc-arm-none-eabi-4_8-2013q4/bin/../lib/gcc/arm-none-eabi/4.8.3/../../../../arm-none-eabi/lib/armv7e-m/softfp/libc_s.a(lib_a-lseekr.o)
                0x000000000800549c                _lseek_r
 .text.memmove  0x00000000080054c0       0x36 /Users/yukisako/environment/gcc-arm-none-eabi-4_8-2013q4/bin/../lib/gcc/arm-none-eabi/4.8.3/../../../../arm-none-eabi/lib/armv7e-m/softfp/libc_s.a(lib_a-memmove.o)
                0x00000000080054c0                memmove
 .text._Balloc  0x00000000080054f6       0x6a /Users/yukisako/environment/gcc-arm-none-eabi-4_8-2013q4/bin/../lib/gcc/arm-none-eabi/4.8.3/../../../../arm-none-eabi/lib/armv7e-m/softfp/libc_s.a(lib_a-mprec.o)
                0x00000000080054f6                _Balloc
 .text._Bfree   0x0000000008005560       0x2e /Users/yukisako/environment/gcc-arm-none-eabi-4_8-2013q4/bin/../lib/gcc/arm-none-eabi/4.8.3/../../../../arm-none-eabi/lib/armv7e-m/softfp/libc_s.a(lib_a-mprec.o)
                0x0000000008005560                _Bfree
 .text.__multadd
                0x000000000800558e       0x74 /Users/yukisako/environment/gcc-arm-none-eabi-4_8-2013q4/bin/../lib/gcc/arm-none-eabi/4.8.3/../../../../arm-none-eabi/lib/armv7e-m/softfp/libc_s.a(lib_a-mprec.o)
                0x000000000800558e                __multadd
 .text.__s2b    0x0000000008005602       0x84 /Users/yukisako/environment/gcc-arm-none-eabi-4_8-2013q4/bin/../lib/gcc/arm-none-eabi/4.8.3/../../../../arm-none-eabi/lib/armv7e-m/softfp/libc_s.a(lib_a-mprec.o)
                0x0000000008005602                __s2b
 .text.__hi0bits
                0x0000000008005686       0x40 /Users/yukisako/environment/gcc-arm-none-eabi-4_8-2013q4/bin/../lib/gcc/arm-none-eabi/4.8.3/../../../../arm-none-eabi/lib/armv7e-m/softfp/libc_s.a(lib_a-mprec.o)
                0x0000000008005686                __hi0bits
 .text.__lo0bits
                0x00000000080056c6       0x5a /Users/yukisako/environment/gcc-arm-none-eabi-4_8-2013q4/bin/../lib/gcc/arm-none-eabi/4.8.3/../../../../arm-none-eabi/lib/armv7e-m/softfp/libc_s.a(lib_a-mprec.o)
                0x00000000080056c6                __lo0bits
 .text.__i2b    0x0000000008005720       0x12 /Users/yukisako/environment/gcc-arm-none-eabi-4_8-2013q4/bin/../lib/gcc/arm-none-eabi/4.8.3/../../../../arm-none-eabi/lib/armv7e-m/softfp/libc_s.a(lib_a-mprec.o)
                0x0000000008005720                __i2b
 .text.__multiply
                0x0000000008005732      0x130 /Users/yukisako/environment/gcc-arm-none-eabi-4_8-2013q4/bin/../lib/gcc/arm-none-eabi/4.8.3/../../../../arm-none-eabi/lib/armv7e-m/softfp/libc_s.a(lib_a-mprec.o)
                0x0000000008005732                __multiply
 *fill*         0x0000000008005862        0x2 
 .text.__pow5mult
                0x0000000008005864       0x9c /Users/yukisako/environment/gcc-arm-none-eabi-4_8-2013q4/bin/../lib/gcc/arm-none-eabi/4.8.3/../../../../arm-none-eabi/lib/armv7e-m/softfp/libc_s.a(lib_a-mprec.o)
                0x0000000008005864                __pow5mult
 .text.__lshift
                0x0000000008005900       0xa6 /Users/yukisako/environment/gcc-arm-none-eabi-4_8-2013q4/bin/../lib/gcc/arm-none-eabi/4.8.3/../../../../arm-none-eabi/lib/armv7e-m/softfp/libc_s.a(lib_a-mprec.o)
                0x0000000008005900                __lshift
 .text.__mcmp   0x00000000080059a6       0x3a /Users/yukisako/environment/gcc-arm-none-eabi-4_8-2013q4/bin/../lib/gcc/arm-none-eabi/4.8.3/../../../../arm-none-eabi/lib/armv7e-m/softfp/libc_s.a(lib_a-mprec.o)
                0x00000000080059a6                __mcmp
 .text.__mdiff  0x00000000080059e0       0xbc /Users/yukisako/environment/gcc-arm-none-eabi-4_8-2013q4/bin/../lib/gcc/arm-none-eabi/4.8.3/../../../../arm-none-eabi/lib/armv7e-m/softfp/libc_s.a(lib_a-mprec.o)
                0x00000000080059e0                __mdiff
 .text.__ulp    0x0000000008005a9c       0x44 /Users/yukisako/environment/gcc-arm-none-eabi-4_8-2013q4/bin/../lib/gcc/arm-none-eabi/4.8.3/../../../../arm-none-eabi/lib/armv7e-m/softfp/libc_s.a(lib_a-mprec.o)
                0x0000000008005a9c                __ulp
 .text.__b2d    0x0000000008005ae0       0xa6 /Users/yukisako/environment/gcc-arm-none-eabi-4_8-2013q4/bin/../lib/gcc/arm-none-eabi/4.8.3/../../../../arm-none-eabi/lib/armv7e-m/softfp/libc_s.a(lib_a-mprec.o)
                0x0000000008005ae0                __b2d
 .text.__d2b    0x0000000008005b86       0xa4 /Users/yukisako/environment/gcc-arm-none-eabi-4_8-2013q4/bin/../lib/gcc/arm-none-eabi/4.8.3/../../../../arm-none-eabi/lib/armv7e-m/softfp/libc_s.a(lib_a-mprec.o)
                0x0000000008005b86                __d2b
 .text.__ratio  0x0000000008005c2a       0x4a /Users/yukisako/environment/gcc-arm-none-eabi-4_8-2013q4/bin/../lib/gcc/arm-none-eabi/4.8.3/../../../../arm-none-eabi/lib/armv7e-m/softfp/libc_s.a(lib_a-mprec.o)
                0x0000000008005c2a                __ratio
 .text.__copybits
                0x0000000008005c74       0x32 /Users/yukisako/environment/gcc-arm-none-eabi-4_8-2013q4/bin/../lib/gcc/arm-none-eabi/4.8.3/../../../../arm-none-eabi/lib/armv7e-m/softfp/libc_s.a(lib_a-mprec.o)
                0x0000000008005c74                __copybits
 .text.__any_on
                0x0000000008005ca6       0x48 /Users/yukisako/environment/gcc-arm-none-eabi-4_8-2013q4/bin/../lib/gcc/arm-none-eabi/4.8.3/../../../../arm-none-eabi/lib/armv7e-m/softfp/libc_s.a(lib_a-mprec.o)
                0x0000000008005ca6                __any_on
 .text._calloc_r
                0x0000000008005cee       0x1c /Users/yukisako/environment/gcc-arm-none-eabi-4_8-2013q4/bin/../lib/gcc/arm-none-eabi/4.8.3/../../../../arm-none-eabi/lib/armv7e-m/softfp/libc_s.a(lib_a-nano-callocr.o)
                0x0000000008005cee                _calloc_r
 .text._realloc_r
                0x0000000008005d0a       0x4c /Users/yukisako/environment/gcc-arm-none-eabi-4_8-2013q4/bin/../lib/gcc/arm-none-eabi/4.8.3/../../../../arm-none-eabi/lib/armv7e-m/softfp/libc_s.a(lib_a-nano-reallocr.o)
                0x0000000008005d0a                _realloc_r
 *fill*         0x0000000008005d56        0x2 
 .text._read_r  0x0000000008005d58       0x24 /Users/yukisako/environment/gcc-arm-none-eabi-4_8-2013q4/bin/../lib/gcc/arm-none-eabi/4.8.3/../../../../arm-none-eabi/lib/armv7e-m/softfp/libc_s.a(lib_a-readr.o)
                0x0000000008005d58                _read_r
 .text.__fpclassifyd
                0x0000000008005d7c       0x44 /Users/yukisako/environment/gcc-arm-none-eabi-4_8-2013q4/bin/../lib/gcc/arm-none-eabi/4.8.3/../../../../arm-none-eabi/lib/armv7e-m/softfp/libc_s.a(lib_a-s_fpclassify.o)
                0x0000000008005d7c                __fpclassifyd
 .text.__sccl   0x0000000008005dc0       0x64 /Users/yukisako/environment/gcc-arm-none-eabi-4_8-2013q4/bin/../lib/gcc/arm-none-eabi/4.8.3/../../../../arm-none-eabi/lib/armv7e-m/softfp/libc_s.a(lib_a-sccl.o)
                0x0000000008005dc0                __sccl
 .text.nanf     0x0000000008005e24        0x8 /Users/yukisako/environment/gcc-arm-none-eabi-4_8-2013q4/bin/../lib/gcc/arm-none-eabi/4.8.3/../../../../arm-none-eabi/lib/armv7e-m/softfp/libc_s.a(lib_a-sf_nan.o)
                0x0000000008005e24                nanf
 .text.match    0x0000000008005e2c       0x2a /Users/yukisako/environment/gcc-arm-none-eabi-4_8-2013q4/bin/../lib/gcc/arm-none-eabi/4.8.3/../../../../arm-none-eabi/lib/armv7e-m/softfp/libc_s.a(lib_a-strtod.o)
 .text.sulp     0x0000000008005e56       0x3e /Users/yukisako/environment/gcc-arm-none-eabi-4_8-2013q4/bin/../lib/gcc/arm-none-eabi/4.8.3/../../../../arm-none-eabi/lib/armv7e-m/softfp/libc_s.a(lib_a-strtod.o)
 *fill*         0x0000000008005e94        0x4 
 .text._strtod_r
                0x0000000008005e98      0xc38 /Users/yukisako/environment/gcc-arm-none-eabi-4_8-2013q4/bin/../lib/gcc/arm-none-eabi/4.8.3/../../../../arm-none-eabi/lib/armv7e-m/softfp/libc_s.a(lib_a-strtod.o)
                0x0000000008005e98                _strtod_r
 .text._strtol_r
                0x0000000008006ad0      0x104 /Users/yukisako/environment/gcc-arm-none-eabi-4_8-2013q4/bin/../lib/gcc/arm-none-eabi/4.8.3/../../../../arm-none-eabi/lib/armv7e-m/softfp/libc_s.a(lib_a-strtol.o)
                0x0000000008006ad0                _strtol_r
 .text._strtoul_r
                0x0000000008006bd4       0xf0 /Users/yukisako/environment/gcc-arm-none-eabi-4_8-2013q4/bin/../lib/gcc/arm-none-eabi/4.8.3/../../../../arm-none-eabi/lib/armv7e-m/softfp/libc_s.a(lib_a-strtoul.o)
                0x0000000008006bd4                _strtoul_r
 .text.rshift   0x0000000008006cc4       0x6a /Users/yukisako/environment/gcc-arm-none-eabi-4_8-2013q4/bin/../lib/gcc/arm-none-eabi/4.8.3/../../../../arm-none-eabi/lib/armv7e-m/softfp/libc_s.a(lib_a-gdtoa-gethex.o)
 .text.__hexdig_fun
                0x0000000008006d2e       0x30 /Users/yukisako/environment/gcc-arm-none-eabi-4_8-2013q4/bin/../lib/gcc/arm-none-eabi/4.8.3/../../../../arm-none-eabi/lib/armv7e-m/softfp/libc_s.a(lib_a-gdtoa-gethex.o)
                0x0000000008006d2e                __hexdig_fun
 .text.__gethex
                0x0000000008006d5e      0x45e /Users/yukisako/environment/gcc-arm-none-eabi-4_8-2013q4/bin/../lib/gcc/arm-none-eabi/4.8.3/../../../../arm-none-eabi/lib/armv7e-m/softfp/libc_s.a(lib_a-gdtoa-gethex.o)
                0x0000000008006d5e                __gethex
 .text.L_shift  0x00000000080071bc       0x26 /Users/yukisako/environment/gcc-arm-none-eabi-4_8-2013q4/bin/../lib/gcc/arm-none-eabi/4.8.3/../../../../arm-none-eabi/lib/armv7e-m/softfp/libc_s.a(lib_a-gdtoa-hexnan.o)
 .text.__hexnan
                0x00000000080071e2      0x120 /Users/yukisako/environment/gcc-arm-none-eabi-4_8-2013q4/bin/../lib/gcc/arm-none-eabi/4.8.3/../../../../arm-none-eabi/lib/armv7e-m/softfp/libc_s.a(lib_a-gdtoa-hexnan.o)
                0x00000000080071e2                __hexnan
 .text._malloc_usable_size_r
                0x0000000008007302       0x12 /Users/yukisako/environment/gcc-arm-none-eabi-4_8-2013q4/bin/../lib/gcc/arm-none-eabi/4.8.3/../../../../arm-none-eabi/lib/armv7e-m/softfp/libc_s.a(lib_a-nano-msizer.o)
                0x0000000008007302                _malloc_usable_size_r
 .text          0x0000000008007314      0x370 /Users/yukisako/environment/gcc-arm-none-eabi-4_8-2013q4/bin/../lib/gcc/arm-none-eabi/4.8.3/armv7e-m/softfp/libgcc.a(_arm_addsubdf3.o)
                0x0000000008007314                __aeabi_drsub
                0x000000000800731c                __subdf3
                0x000000000800731c                __aeabi_dsub
                0x0000000008007320                __aeabi_dadd
                0x0000000008007320                __adddf3
                0x0000000008007598                __aeabi_ui2d
                0x0000000008007598                __floatunsidf
                0x00000000080075b8                __floatsidf
                0x00000000080075b8                __aeabi_i2d
                0x00000000080075dc                __extendsfdf2
                0x00000000080075dc                __aeabi_f2d
                0x0000000008007618                __aeabi_ul2d
                0x0000000008007618                __floatundidf
                0x0000000008007628                __aeabi_l2d
                0x0000000008007628                __floatdidf
 .text          0x0000000008007684      0x424 /Users/yukisako/environment/gcc-arm-none-eabi-4_8-2013q4/bin/../lib/gcc/arm-none-eabi/4.8.3/armv7e-m/softfp/libgcc.a(_arm_muldivdf3.o)
                0x0000000008007684                __aeabi_dmul
                0x0000000008007684                __muldf3
                0x00000000080078d8                __aeabi_ddiv
                0x00000000080078d8                __divdf3
 .text          0x0000000008007aa8      0x110 /Users/yukisako/environment/gcc-arm-none-eabi-4_8-2013q4/bin/../lib/gcc/arm-none-eabi/4.8.3/armv7e-m/softfp/libgcc.a(_arm_cmpdf2.o)
                0x0000000008007aa8                __gtdf2
                0x0000000008007aa8                __gedf2
                0x0000000008007ab0                __ltdf2
                0x0000000008007ab0                __ledf2
                0x0000000008007ab8                __eqdf2
                0x0000000008007ab8                __nedf2
                0x0000000008007ab8                __cmpdf2
                0x0000000008007b34                __aeabi_cdrcmple
                0x0000000008007b44                __aeabi_cdcmple
                0x0000000008007b44                __aeabi_cdcmpeq
                0x0000000008007b54                __aeabi_dcmpeq
                0x0000000008007b68                __aeabi_dcmplt
                0x0000000008007b7c                __aeabi_dcmple
                0x0000000008007b90                __aeabi_dcmpge
                0x0000000008007ba4                __aeabi_dcmpgt
 .text          0x0000000008007bb8       0x50 /Users/yukisako/environment/gcc-arm-none-eabi-4_8-2013q4/bin/../lib/gcc/arm-none-eabi/4.8.3/armv7e-m/softfp/libgcc.a(_arm_fixdfsi.o)
                0x0000000008007bb8                __fixdfsi
                0x0000000008007bb8                __aeabi_d2iz
 .text          0x0000000008007c08       0x40 /Users/yukisako/environment/gcc-arm-none-eabi-4_8-2013q4/bin/../lib/gcc/arm-none-eabi/4.8.3/armv7e-m/softfp/libgcc.a(_arm_fixunsdfsi.o)
                0x0000000008007c08                __fixunsdfsi
                0x0000000008007c08                __aeabi_d2uiz
 .text          0x0000000008007c48       0xa0 /Users/yukisako/environment/gcc-arm-none-eabi-4_8-2013q4/bin/../lib/gcc/arm-none-eabi/4.8.3/armv7e-m/softfp/libgcc.a(_arm_truncdfsf2.o)
                0x0000000008007c48                __aeabi_d2f
                0x0000000008007c48                __truncdfsf2
 *(.init)
 .init          0x0000000008007ce8        0x4 /Users/yukisako/environment/gcc-arm-none-eabi-4_8-2013q4/bin/../lib/gcc/arm-none-eabi/4.8.3/armv7e-m/softfp/crti.o
                0x0000000008007ce8                _init
 .init          0x0000000008007cec        0x8 /Users/yukisako/environment/gcc-arm-none-eabi-4_8-2013q4/bin/../lib/gcc/arm-none-eabi/4.8.3/armv7e-m/softfp/crtn.o
 *(.fini)
 .fini          0x0000000008007cf4        0x4 /Users/yukisako/environment/gcc-arm-none-eabi-4_8-2013q4/bin/../lib/gcc/arm-none-eabi/4.8.3/armv7e-m/softfp/crti.o
                0x0000000008007cf4                _fini
 .fini          0x0000000008007cf8        0x8 /Users/yukisako/environment/gcc-arm-none-eabi-4_8-2013q4/bin/../lib/gcc/arm-none-eabi/4.8.3/armv7e-m/softfp/crtn.o
 *crtbegin.o(.ctors)
 *crtbegin?.o(.ctors)
 *(EXCLUDE_FILE(*crtend.o *crtend?.o) .ctors)
 *(SORT(.ctors.*))
 *(.ctors)
 *crtbegin.o(.dtors)
 *crtbegin?.o(.dtors)
 *(EXCLUDE_FILE(*crtend.o *crtend?.o) .dtors)
 *(SORT(.dtors.*))
 *(.dtors)
 *(.rodata*)
 .rodata._ZTVN4mbed10SerialBaseE
                0x0000000008007d00       0x10 main.o
                0x0000000008007d00                vtable for mbed::SerialBase
 .rodata.str1.1
                0x0000000008007d10        0xb main.o
 *fill*         0x0000000008007d1b        0x1 
 .rodata.str1.4
                0x0000000008007d1c       0x86 mbed/TARGET_NUCLEO_F401RE/TOOLCHAIN_GCC_ARM/board.o
                                         0x88 (size before relaxing)
 *fill*         0x0000000008007da2        0x2 
 .rodata.__stdin_name
                0x0000000008007da4        0x8 mbed/TARGET_NUCLEO_F401RE/TOOLCHAIN_GCC_ARM/retarget.o
                0x0000000008007da4                __stdin_name
 .rodata.__stderr_name
                0x0000000008007dac        0x8 mbed/TARGET_NUCLEO_F401RE/TOOLCHAIN_GCC_ARM/retarget.o
                0x0000000008007dac                __stderr_name
 .rodata.__stdout_name
                0x0000000008007db4        0x8 mbed/TARGET_NUCLEO_F401RE/TOOLCHAIN_GCC_ARM/retarget.o
                0x0000000008007db4                __stdout_name
 *fill*         0x0000000008007dbc        0x4 
 .rodata._ZTVN4mbed10FileHandleE
                0x0000000008007dc0       0x30 mbed/TARGET_NUCLEO_F401RE/TOOLCHAIN_GCC_ARM/retarget.o
                0x0000000008007dc0                vtable for mbed::FileHandle
 .rodata.str1.4
                0x0000000008007df0        0xe mbed/TARGET_NUCLEO_F401RE/TOOLCHAIN_GCC_ARM/retarget.o
                                         0x10 (size before relaxing)
 *fill*         0x0000000008007dfe        0x2 
 .rodata.APBAHBPrescTable
                0x0000000008007e00       0x10 mbed/TARGET_NUCLEO_F401RE/TOOLCHAIN_GCC_ARM/stm32f4xx_hal_rcc.o
                0x0000000008007e00                APBAHBPrescTable
 .rodata.AHBPrescTable
                0x0000000008007e10       0x10 mbed/TARGET_NUCLEO_F401RE/TOOLCHAIN_GCC_ARM/system_stm32f4xx.o
                0x0000000008007e10                AHBPrescTable
 .rodata.gpio_mode
                0x0000000008007e20       0x34 ./mbed/TARGET_NUCLEO_F401RE/TOOLCHAIN_GCC_ARM/libmbed.a(pinmap.o)
 .rodata.str1.4
                0x0000000008007e54       0x9c ./mbed/TARGET_NUCLEO_F401RE/TOOLCHAIN_GCC_ARM/libmbed.a(pinmap.o)
 .rodata.str1.4
                0x0000000008007ef0       0x9c ./mbed/TARGET_NUCLEO_F401RE/TOOLCHAIN_GCC_ARM/libmbed.a(serial_api.o)
 *fill*         0x0000000008007f8c        0x4 
 .rodata._ZTVN4mbed6SerialE
                0x0000000008007f90       0x60 ./mbed/TARGET_NUCLEO_F401RE/TOOLCHAIN_GCC_ARM/libmbed.a(Serial.o)
                0x0000000008007f90                vtable for mbed::Serial
 .rodata._ZTVN4mbed6StreamE
                0x0000000008007ff0       0x48 ./mbed/TARGET_NUCLEO_F401RE/TOOLCHAIN_GCC_ARM/libmbed.a(Stream.o)
                0x0000000008007ff0                vtable for mbed::Stream
 .rodata.str1.4
                0x0000000008008038        0x3 ./mbed/TARGET_NUCLEO_F401RE/TOOLCHAIN_GCC_ARM/libmbed.a(Stream.o)
                                          0x8 (size before relaxing)
 *fill*         0x000000000800803b        0x1 
 .rodata.str1.4
                0x000000000800803c       0x31 ./mbed/TARGET_NUCLEO_F401RE/TOOLCHAIN_GCC_ARM/libmbed.a(assert.o)
                                         0x34 (size before relaxing)
 .rodata.str1.4
                0x0000000000000000       0x88 ./mbed/TARGET_NUCLEO_F401RE/TOOLCHAIN_GCC_ARM/libmbed.a(gpio.o)
 *fill*         0x000000000800806d        0x3 
 .rodata.str1.4
                0x0000000008008070       0x66 ./mbed/TARGET_NUCLEO_F401RE/TOOLCHAIN_GCC_ARM/libmbed.a(pinmap_common.o)
                                         0x68 (size before relaxing)
 *fill*         0x00000000080080d6        0x2 
 .rodata.us_interface
                0x00000000080080d8       0x14 ./mbed/TARGET_NUCLEO_F401RE/TOOLCHAIN_GCC_ARM/libmbed.a(us_ticker_api.o)
 .rodata.us_data
                0x00000000080080ec        0x8 ./mbed/TARGET_NUCLEO_F401RE/TOOLCHAIN_GCC_ARM/libmbed.a(us_ticker_api.o)
 .rodata.PinMap_UART_RX
                0x00000000080080f4       0x48 ./mbed/TARGET_NUCLEO_F401RE/TOOLCHAIN_GCC_ARM/libmbed.a(PeripheralPins.o)
                0x00000000080080f4                PinMap_UART_RX
 .rodata.PinMap_UART_TX
                0x000000000800813c       0x48 ./mbed/TARGET_NUCLEO_F401RE/TOOLCHAIN_GCC_ARM/libmbed.a(PeripheralPins.o)
                0x000000000800813c                PinMap_UART_TX
 .rodata.str1.4
                0x0000000008008184       0x68 ./mbed/TARGET_NUCLEO_F401RE/TOOLCHAIN_GCC_ARM/libmbed.a(gpio_api.o)
                                         0x94 (size before relaxing)
 *fill*         0x00000000080081ec        0x4 
 .rodata._ZTVN4mbed8FileLikeE
                0x00000000080081f0       0x40 ./mbed/TARGET_NUCLEO_F401RE/TOOLCHAIN_GCC_ARM/libmbed.a(FileLike.o)
                0x00000000080081f0                vtable for mbed::FileLike
 .rodata._ZTVN4mbed8FileBaseE
                0x0000000008008230       0x10 ./mbed/TARGET_NUCLEO_F401RE/TOOLCHAIN_GCC_ARM/libmbed.a(FileBase.o)
                0x0000000008008230                vtable for mbed::FileBase
 .rodata.__sf_fake_stdin
                0x0000000008008240       0x20 /Users/yukisako/environment/gcc-arm-none-eabi-4_8-2013q4/bin/../lib/gcc/arm-none-eabi/4.8.3/../../../../arm-none-eabi/lib/armv7e-m/softfp/libc_s.a(lib_a-findfp.o)
                0x0000000008008240                __sf_fake_stdin
 .rodata.__sf_fake_stdout
                0x0000000008008260       0x20 /Users/yukisako/environment/gcc-arm-none-eabi-4_8-2013q4/bin/../lib/gcc/arm-none-eabi/4.8.3/../../../../arm-none-eabi/lib/armv7e-m/softfp/libc_s.a(lib_a-findfp.o)
                0x0000000008008260                __sf_fake_stdout
 .rodata.__sf_fake_stderr
                0x0000000008008280       0x20 /Users/yukisako/environment/gcc-arm-none-eabi-4_8-2013q4/bin/../lib/gcc/arm-none-eabi/4.8.3/../../../../arm-none-eabi/lib/armv7e-m/softfp/libc_s.a(lib_a-findfp.o)
                0x0000000008008280                __sf_fake_stderr
 .rodata.str1.1
                0x00000000080082a0        0x2 /Users/yukisako/environment/gcc-arm-none-eabi-4_8-2013q4/bin/../lib/gcc/arm-none-eabi/4.8.3/../../../../arm-none-eabi/lib/armv7e-m/softfp/libc_s.a(lib_a-impure.o)
 *fill*         0x00000000080082a2        0x2 
 .rodata._global_impure_ptr
                0x00000000080082a4        0x4 /Users/yukisako/environment/gcc-arm-none-eabi-4_8-2013q4/bin/../lib/gcc/arm-none-eabi/4.8.3/../../../../arm-none-eabi/lib/armv7e-m/softfp/libc_s.a(lib_a-impure.o)
                0x00000000080082a4                _global_impure_ptr
 .rodata.str1.1
                0x00000000080082a8       0x11 /Users/yukisako/environment/gcc-arm-none-eabi-4_8-2013q4/bin/../lib/gcc/arm-none-eabi/4.8.3/../../../../arm-none-eabi/lib/armv7e-m/softfp/libc_s.a(lib_a-svfprintf.o)
 .rodata.str1.1
                0x0000000000000000        0x4 /Users/yukisako/environment/gcc-arm-none-eabi-4_8-2013q4/bin/../lib/gcc/arm-none-eabi/4.8.3/../../../../arm-none-eabi/lib/armv7e-m/softfp/libc_s.a(lib_a-svfscanf.o)
 .rodata.str1.1
                0x0000000000000000       0x11 /Users/yukisako/environment/gcc-arm-none-eabi-4_8-2013q4/bin/../lib/gcc/arm-none-eabi/4.8.3/../../../../arm-none-eabi/lib/armv7e-m/softfp/libc_s.a(lib_a-vfprintf.o)
 .rodata.str1.1
                0x00000000080082b9       0x10 /Users/yukisako/environment/gcc-arm-none-eabi-4_8-2013q4/bin/../lib/gcc/arm-none-eabi/4.8.3/../../../../arm-none-eabi/lib/armv7e-m/softfp/libc_s.a(lib_a-vfprintf_float.o)
                                         0x12 (size before relaxing)
 .rodata.str1.1
                0x00000000080082c9       0x22 /Users/yukisako/environment/gcc-arm-none-eabi-4_8-2013q4/bin/../lib/gcc/arm-none-eabi/4.8.3/../../../../arm-none-eabi/lib/armv7e-m/softfp/libc_s.a(lib_a-vfprintf_i.o)
 .rodata.str1.1
                0x00000000080082eb        0x5 /Users/yukisako/environment/gcc-arm-none-eabi-4_8-2013q4/bin/../lib/gcc/arm-none-eabi/4.8.3/../../../../arm-none-eabi/lib/armv7e-m/softfp/libc_s.a(lib_a-vfscanf_float.o)
 .rodata        0x00000000080082f0        0xc /Users/yukisako/environment/gcc-arm-none-eabi-4_8-2013q4/bin/../lib/gcc/arm-none-eabi/4.8.3/../../../../arm-none-eabi/lib/armv7e-m/softfp/libc_s.a(lib_a-vfscanf_i.o)
 .rodata.str1.1
                0x00000000080082fc       0x1b /Users/yukisako/environment/gcc-arm-none-eabi-4_8-2013q4/bin/../lib/gcc/arm-none-eabi/4.8.3/../../../../arm-none-eabi/lib/armv7e-m/softfp/libc_s.a(lib_a-vfscanf_i.o)
 .rodata._ctype_
                0x0000000008008317      0x101 /Users/yukisako/environment/gcc-arm-none-eabi-4_8-2013q4/bin/../lib/gcc/arm-none-eabi/4.8.3/../../../../arm-none-eabi/lib/armv7e-m/softfp/libc_s.a(lib_a-ctype_.o)
                0x0000000008008317                _ctype_
 .rodata.str1.1
                0x0000000008008418        0xd /Users/yukisako/environment/gcc-arm-none-eabi-4_8-2013q4/bin/../lib/gcc/arm-none-eabi/4.8.3/../../../../arm-none-eabi/lib/armv7e-m/softfp/libc_s.a(lib_a-dtoa.o)
                                          0xf (size before relaxing)
 .rodata.str1.1
                0x0000000008008425        0x8 /Users/yukisako/environment/gcc-arm-none-eabi-4_8-2013q4/bin/../lib/gcc/arm-none-eabi/4.8.3/../../../../arm-none-eabi/lib/armv7e-m/softfp/libc_s.a(lib_a-locale.o)
                                          0xb (size before relaxing)
 *fill*         0x000000000800842d        0x3 
 .rodata.__mprec_tens
                0x0000000008008430       0xc8 /Users/yukisako/environment/gcc-arm-none-eabi-4_8-2013q4/bin/../lib/gcc/arm-none-eabi/4.8.3/../../../../arm-none-eabi/lib/armv7e-m/softfp/libc_s.a(lib_a-mprec.o)
                0x0000000008008430                __mprec_tens
 .rodata.p05.5300
                0x00000000080084f8        0xc /Users/yukisako/environment/gcc-arm-none-eabi-4_8-2013q4/bin/../lib/gcc/arm-none-eabi/4.8.3/../../../../arm-none-eabi/lib/armv7e-m/softfp/libc_s.a(lib_a-mprec.o)
 *fill*         0x0000000008008504        0x4 
 .rodata.__mprec_bigtens
                0x0000000008008508       0x28 /Users/yukisako/environment/gcc-arm-none-eabi-4_8-2013q4/bin/../lib/gcc/arm-none-eabi/4.8.3/../../../../arm-none-eabi/lib/armv7e-m/softfp/libc_s.a(lib_a-mprec.o)
                0x0000000008008508                __mprec_bigtens
 .rodata.fpinan.5301
                0x0000000008008530       0x14 /Users/yukisako/environment/gcc-arm-none-eabi-4_8-2013q4/bin/../lib/gcc/arm-none-eabi/4.8.3/../../../../arm-none-eabi/lib/armv7e-m/softfp/libc_s.a(lib_a-strtod.o)
 .rodata.str1.1
                0x0000000000000000        0x8 /Users/yukisako/environment/gcc-arm-none-eabi-4_8-2013q4/bin/../lib/gcc/arm-none-eabi/4.8.3/../../../../arm-none-eabi/lib/armv7e-m/softfp/libc_s.a(lib_a-strtod.o)
                                          0xc (size before relaxing)
 .rodata.fpi.5265
                0x0000000008008544       0x14 /Users/yukisako/environment/gcc-arm-none-eabi-4_8-2013q4/bin/../lib/gcc/arm-none-eabi/4.8.3/../../../../arm-none-eabi/lib/armv7e-m/softfp/libc_s.a(lib_a-strtod.o)
 .rodata.tinytens
                0x0000000008008558       0x28 /Users/yukisako/environment/gcc-arm-none-eabi-4_8-2013q4/bin/../lib/gcc/arm-none-eabi/4.8.3/../../../../arm-none-eabi/lib/armv7e-m/softfp/libc_s.a(lib_a-strtod.o)
 *(.eh_frame*)
 .eh_frame      0x0000000008008580        0x0 /Users/yukisako/environment/gcc-arm-none-eabi-4_8-2013q4/bin/../lib/gcc/arm-none-eabi/4.8.3/armv7e-m/softfp/crtbegin.o
 .eh_frame      0x0000000008008580        0x4 /Users/yukisako/environment/gcc-arm-none-eabi-4_8-2013q4/bin/../lib/gcc/arm-none-eabi/4.8.3/armv7e-m/softfp/crtend.o

.glue_7         0x0000000008008584        0x0
 .glue_7        0x0000000000000000        0x0 linker stubs

.glue_7t        0x0000000008008584        0x0
 .glue_7t       0x0000000000000000        0x0 linker stubs

.vfp11_veneer   0x0000000008008584        0x0
 .vfp11_veneer  0x0000000000000000        0x0 linker stubs

.v4_bx          0x0000000008008584        0x0
 .v4_bx         0x0000000000000000        0x0 linker stubs

.iplt           0x0000000008008584        0x0
 .iplt          0x0000000000000000        0x0 /Users/yukisako/environment/gcc-arm-none-eabi-4_8-2013q4/bin/../lib/gcc/arm-none-eabi/4.8.3/armv7e-m/softfp/crtbegin.o

.ARM.extab
 *(.ARM.extab* .gnu.linkonce.armextab.*)
                0x0000000008008584                __exidx_start = .

.ARM.exidx      0x0000000008008584        0x8
 *(.ARM.exidx* .gnu.linkonce.armexidx.*)
 .ARM.exidx     0x0000000008008584        0x8 /Users/yukisako/environment/gcc-arm-none-eabi-4_8-2013q4/bin/../lib/gcc/arm-none-eabi/4.8.3/../../../../arm-none-eabi/lib/armv7e-m/softfp/crt0.o
                0x000000000800858c                __exidx_end = .
                0x000000000800858c                __etext = .
                0x000000000800858c                _sidata = .

.rel.dyn        0x000000000800858c        0x0
 .rel.iplt      0x0000000000000000        0x0 /Users/yukisako/environment/gcc-arm-none-eabi-4_8-2013q4/bin/../lib/gcc/arm-none-eabi/4.8.3/armv7e-m/softfp/crtbegin.o

.data           0x0000000020000194       0xbc load address 0x000000000800858c
                0x0000000020000194                __data_start__ = .
                0x0000000020000194                _sdata = .
 *(vtable)
 *(.data*)
 .data          0x0000000020000194        0x4 /Users/yukisako/environment/gcc-arm-none-eabi-4_8-2013q4/bin/../lib/gcc/arm-none-eabi/4.8.3/armv7e-m/softfp/crtbegin.o
                0x0000000020000194                __dso_handle
 .data._ZZ5_sbrkE4heap
                0x0000000020000198        0x4 mbed/TARGET_NUCLEO_F401RE/TOOLCHAIN_GCC_ARM/retarget.o
 .data.SystemCoreClock
                0x000000002000019c        0x4 mbed/TARGET_NUCLEO_F401RE/TOOLCHAIN_GCC_ARM/system_stm32f4xx.o
                0x000000002000019c                SystemCoreClock
 .data.impure_data
                0x00000000200001a0       0x60 /Users/yukisako/environment/gcc-arm-none-eabi-4_8-2013q4/bin/../lib/gcc/arm-none-eabi/4.8.3/../../../../arm-none-eabi/lib/armv7e-m/softfp/libc_s.a(lib_a-impure.o)
 .data._impure_ptr
                0x0000000020000200        0x4 /Users/yukisako/environment/gcc-arm-none-eabi-4_8-2013q4/bin/../lib/gcc/arm-none-eabi/4.8.3/../../../../arm-none-eabi/lib/armv7e-m/softfp/libc_s.a(lib_a-impure.o)
                0x0000000020000200                _impure_ptr
 .data.__ctype_ptr__
                0x0000000020000204        0x4 /Users/yukisako/environment/gcc-arm-none-eabi-4_8-2013q4/bin/../lib/gcc/arm-none-eabi/4.8.3/../../../../arm-none-eabi/lib/armv7e-m/softfp/libc_s.a(lib_a-ctype_.o)
                0x0000000020000204                __ctype_ptr__
 .data.lconv    0x0000000020000208       0x38 /Users/yukisako/environment/gcc-arm-none-eabi-4_8-2013q4/bin/../lib/gcc/arm-none-eabi/4.8.3/../../../../arm-none-eabi/lib/armv7e-m/softfp/libc_s.a(lib_a-locale.o)
                0x0000000020000240                . = ALIGN (0x4)
                0x0000000020000240                PROVIDE (__preinit_array_start, .)
 *(.preinit_array)
                0x0000000020000240                PROVIDE (__preinit_array_end, .)
                0x0000000020000240                . = ALIGN (0x4)
                0x0000000020000240                PROVIDE (__init_array_start, .)
 *(SORT(.init_array.*))
 *(.init_array)
 .init_array    0x0000000020000240        0x4 /Users/yukisako/environment/gcc-arm-none-eabi-4_8-2013q4/bin/../lib/gcc/arm-none-eabi/4.8.3/armv7e-m/softfp/crtbegin.o
 .init_array    0x0000000020000244        0x4 main.o
                0x0000000020000248                PROVIDE (__init_array_end, .)
                0x0000000020000248                . = ALIGN (0x4)
                0x0000000020000248                PROVIDE (__fini_array_start, .)
 *(SORT(.fini_array.*))
 *(.fini_array)
 .fini_array    0x0000000020000248        0x4 /Users/yukisako/environment/gcc-arm-none-eabi-4_8-2013q4/bin/../lib/gcc/arm-none-eabi/4.8.3/armv7e-m/softfp/crtbegin.o
                0x000000002000024c                PROVIDE (__fini_array_end, .)
 *(.jcr*)
 .jcr           0x000000002000024c        0x0 /Users/yukisako/environment/gcc-arm-none-eabi-4_8-2013q4/bin/../lib/gcc/arm-none-eabi/4.8.3/armv7e-m/softfp/crtbegin.o
 .jcr           0x000000002000024c        0x4 /Users/yukisako/environment/gcc-arm-none-eabi-4_8-2013q4/bin/../lib/gcc/arm-none-eabi/4.8.3/armv7e-m/softfp/crtend.o
                0x0000000020000250                . = ALIGN (0x4)
                0x0000000020000250                __data_end__ = .
                0x0000000020000250                _edata = .

.igot.plt       0x0000000020000250        0x0 load address 0x0000000008008648
 .igot.plt      0x0000000000000000        0x0 /Users/yukisako/environment/gcc-arm-none-eabi-4_8-2013q4/bin/../lib/gcc/arm-none-eabi/4.8.3/armv7e-m/softfp/crtbegin.o

.bss            0x0000000020000250      0x2a8 load address 0x0000000008008648
                0x0000000020000250                . = ALIGN (0x4)
                0x0000000020000250                __bss_start__ = .
                0x0000000020000250                _sbss = .
 *(.bss*)
 .bss           0x0000000020000250       0x1c /Users/yukisako/environment/gcc-arm-none-eabi-4_8-2013q4/bin/../lib/gcc/arm-none-eabi/4.8.3/armv7e-m/softfp/crtbegin.o
 .bss.device    0x000000002000026c       0x6c main.o
                0x000000002000026c                device
 .bss.PreviousVal
                0x00000000200002d8        0x4 mbed/TARGET_NUCLEO_F401RE/TOOLCHAIN_GCC_ARM/hal_tick.o
                0x00000000200002d8                PreviousVal
 .bss._ZL11filehandles
                0x00000000200002dc      0x100 mbed/TARGET_NUCLEO_F401RE/TOOLCHAIN_GCC_ARM/retarget.o
 .bss.uwTick    0x00000000200003dc        0x4 mbed/TARGET_NUCLEO_F401RE/TOOLCHAIN_GCC_ARM/stm32f4xx_hal.o
 .bss.stdio_uart_inited
                0x00000000200003e0        0x4 ./mbed/TARGET_NUCLEO_F401RE/TOOLCHAIN_GCC_ARM/libmbed.a(serial_api.o)
                0x00000000200003e0                stdio_uart_inited
 .bss.serial_irq_ids
                0x00000000200003e4       0x20 ./mbed/TARGET_NUCLEO_F401RE/TOOLCHAIN_GCC_ARM/libmbed.a(serial_api.o)
 .bss.irq_handler
                0x0000000020000404        0x4 ./mbed/TARGET_NUCLEO_F401RE/TOOLCHAIN_GCC_ARM/libmbed.a(serial_api.o)
 .bss.events    0x0000000020000408        0x8 ./mbed/TARGET_NUCLEO_F401RE/TOOLCHAIN_GCC_ARM/libmbed.a(us_ticker_api.o)
 .bss.TimMasterHandle
                0x0000000020000410       0x3c ./mbed/TARGET_NUCLEO_F401RE/TOOLCHAIN_GCC_ARM/libmbed.a(us_ticker.o)
 .bss.us_ticker_inited
                0x000000002000044c        0x4 ./mbed/TARGET_NUCLEO_F401RE/TOOLCHAIN_GCC_ARM/libmbed.a(us_ticker.o)