Archive member included because of file (symbol)

./mbed/TARGET_NUCLEO_F401RE/TOOLCHAIN_GCC_ARM/libmbed.a(gpio_irq_api.o)
                              QEI.o (gpio_irq_set)
./mbed/TARGET_NUCLEO_F401RE/TOOLCHAIN_GCC_ARM/libmbed.a(pinmap.o)
                              ./mbed/TARGET_NUCLEO_F401RE/TOOLCHAIN_GCC_ARM/libmbed.a(gpio_irq_api.o) (Set_GPIO_Clock)
./mbed/TARGET_NUCLEO_F401RE/TOOLCHAIN_GCC_ARM/libmbed.a(pwmout_api.o)
                              main.o (pwmout_init)
./mbed/TARGET_NUCLEO_F401RE/TOOLCHAIN_GCC_ARM/libmbed.a(serial_api.o)
                              mbed/TARGET_NUCLEO_F401RE/TOOLCHAIN_GCC_ARM/retarget.o (serial_init)
./mbed/TARGET_NUCLEO_F401RE/TOOLCHAIN_GCC_ARM/libmbed.a(FileSystemLike.o)
                              mbed/TARGET_NUCLEO_F401RE/TOOLCHAIN_GCC_ARM/retarget.o (mbed::FileSystemLike::opendir())
./mbed/TARGET_NUCLEO_F401RE/TOOLCHAIN_GCC_ARM/libmbed.a(FilePath.o)
                              mbed/TARGET_NUCLEO_F401RE/TOOLCHAIN_GCC_ARM/retarget.o (mbed::FilePath::FilePath(char const*))
./mbed/TARGET_NUCLEO_F401RE/TOOLCHAIN_GCC_ARM/libmbed.a(InterruptIn.o)
                              QEI.o (mbed::InterruptIn::InterruptIn(PinName))
./mbed/TARGET_NUCLEO_F401RE/TOOLCHAIN_GCC_ARM/libmbed.a(Serial.o)
                              main.o (mbed::Serial::Serial(PinName, PinName, char const*))
./mbed/TARGET_NUCLEO_F401RE/TOOLCHAIN_GCC_ARM/libmbed.a(SerialBase.o)
                              ./mbed/TARGET_NUCLEO_F401RE/TOOLCHAIN_GCC_ARM/libmbed.a(Serial.o) (mbed::SerialBase::SerialBase(PinName, PinName))
./mbed/TARGET_NUCLEO_F401RE/TOOLCHAIN_GCC_ARM/libmbed.a(Stream.o)
                              ./mbed/TARGET_NUCLEO_F401RE/TOOLCHAIN_GCC_ARM/libmbed.a(Serial.o) (mbed::Stream::close())
./mbed/TARGET_NUCLEO_F401RE/TOOLCHAIN_GCC_ARM/libmbed.a(assert.o)
                              mbed/TARGET_NUCLEO_F401RE/TOOLCHAIN_GCC_ARM/board.o (mbed_assert_internal)
./mbed/TARGET_NUCLEO_F401RE/TOOLCHAIN_GCC_ARM/libmbed.a(error.o)
                              mbed/TARGET_NUCLEO_F401RE/TOOLCHAIN_GCC_ARM/retarget.o (error)
./mbed/TARGET_NUCLEO_F401RE/TOOLCHAIN_GCC_ARM/libmbed.a(gpio.o)
                              ./mbed/TARGET_NUCLEO_F401RE/TOOLCHAIN_GCC_ARM/libmbed.a(InterruptIn.o) (gpio_init_in)
./mbed/TARGET_NUCLEO_F401RE/TOOLCHAIN_GCC_ARM/libmbed.a(pinmap_common.o)
                              ./mbed/TARGET_NUCLEO_F401RE/TOOLCHAIN_GCC_ARM/libmbed.a(pwmout_api.o) (pinmap_pinout)
./mbed/TARGET_NUCLEO_F401RE/TOOLCHAIN_GCC_ARM/libmbed.a(us_ticker_api.o)
                              mbed/TARGET_NUCLEO_F401RE/TOOLCHAIN_GCC_ARM/hal_tick.o (us_ticker_irq_handler)
./mbed/TARGET_NUCLEO_F401RE/TOOLCHAIN_GCC_ARM/libmbed.a(wait_api.o)
                              ./mbed/TARGET_NUCLEO_F401RE/TOOLCHAIN_GCC_ARM/libmbed.a(SerialBase.o) (wait_us)
./mbed/TARGET_NUCLEO_F401RE/TOOLCHAIN_GCC_ARM/libmbed.a(PeripheralPins.o)
                              ./mbed/TARGET_NUCLEO_F401RE/TOOLCHAIN_GCC_ARM/libmbed.a(serial_api.o) (PinMap_UART_RX)
./mbed/TARGET_NUCLEO_F401RE/TOOLCHAIN_GCC_ARM/libmbed.a(gpio_api.o)
                              ./mbed/TARGET_NUCLEO_F401RE/TOOLCHAIN_GCC_ARM/libmbed.a(gpio.o) (gpio_init)
./mbed/TARGET_NUCLEO_F401RE/TOOLCHAIN_GCC_ARM/libmbed.a(us_ticker.o)
                              ./mbed/TARGET_NUCLEO_F401RE/TOOLCHAIN_GCC_ARM/libmbed.a(us_ticker_api.o) (us_ticker_init)
./mbed/TARGET_NUCLEO_F401RE/TOOLCHAIN_GCC_ARM/libmbed.a(FileLike.o)
                              ./mbed/TARGET_NUCLEO_F401RE/TOOLCHAIN_GCC_ARM/libmbed.a(Stream.o) (mbed::FileLike::~FileLike())
./mbed/TARGET_NUCLEO_F401RE/TOOLCHAIN_GCC_ARM/libmbed.a(FileBase.o)
                              ./mbed/TARGET_NUCLEO_F401RE/TOOLCHAIN_GCC_ARM/libmbed.a(FileSystemLike.o) (mbed::FileBase::~FileBase())
./mbed/TARGET_NUCLEO_F401RE/TOOLCHAIN_GCC_ARM/libmbed.a(ticker_api.o)
                              ./mbed/TARGET_NUCLEO_F401RE/TOOLCHAIN_GCC_ARM/libmbed.a(us_ticker_api.o) (ticker_irq_handler)
/Users/yukisako/environment/gcc-arm-none-eabi-4_8-2013q4/bin/../lib/gcc/arm-none-eabi/4.8.3/../../../../arm-none-eabi/lib/armv7e-m/softfp/libstdc++_s.a(atexit_arm.o)
                              main.o (__aeabi_atexit)
/Users/yukisako/environment/gcc-arm-none-eabi-4_8-2013q4/bin/../lib/gcc/arm-none-eabi/4.8.3/../../../../arm-none-eabi/lib/armv7e-m/softfp/libstdc++_s.a(del_op.o)
                              main.o (operator delete(void*))
/Users/yukisako/environment/gcc-arm-none-eabi-4_8-2013q4/bin/../lib/gcc/arm-none-eabi/4.8.3/../../../../arm-none-eabi/lib/armv7e-m/softfp/libstdc++_s.a(new_op.o)
                              ./mbed/TARGET_NUCLEO_F401RE/TOOLCHAIN_GCC_ARM/libmbed.a(FileSystemLike.o) (operator new(unsigned int))
/Users/yukisako/environment/gcc-arm-none-eabi-4_8-2013q4/bin/../lib/gcc/arm-none-eabi/4.8.3/../../../../arm-none-eabi/lib/armv7e-m/softfp/libstdc++_s.a(new_handler.o)
[...]
Memory Configuration

Name             Origin             Length             Attributes
FLASH            0x0000000008000000 0x0000000000080000 xr
RAM              0x0000000020000194 0x0000000000017e6c xrw
*default*        0x0000000000000000 0xffffffffffffffff

Linker script and memory map

LOAD /Users/yukisako/environment/gcc-arm-none-eabi-4_8-2013q4/bin/../lib/gcc/arm-none-eabi/4.8.3/armv7e-m/softfp/crti.o
LOAD /Users/yukisako/environment/gcc-arm-none-eabi-4_8-2013q4/bin/../lib/gcc/arm-none-eabi/4.8.3/armv7e-m/softfp/crtbegin.o
LOAD /Users/yukisako/environment/gcc-arm-none-eabi-4_8-2013q4/bin/../lib/gcc/arm-none-eabi/4.8.3/../../../../arm-none-eabi/lib/armv7e-m/softfp/crt0.o
LOAD main.o
LOAD QEI.o
LOAD mbed/TARGET_NUCLEO_F401RE/TOOLCHAIN_GCC_ARM/stm32f4xx_hal_flash_ramfunc.o
LOAD mbed/TARGET_NUCLEO_F401RE/TOOLCHAIN_GCC_ARM/board.o
LOAD mbed/TARGET_NUCLEO_F401RE/TOOLCHAIN_GCC_ARM/cmsis_nvic.o
LOAD mbed/TARGET_NUCLEO_F401RE/TOOLCHAIN_GCC_ARM/hal_tick.o
LOAD mbed/TARGET_NUCLEO_F401RE/TOOLCHAIN_GCC_ARM/mbed_overrides.o
LOAD mbed/TARGET_NUCLEO_F401RE/TOOLCHAIN_GCC_ARM/retarget.o
LOAD mbed/TARGET_NUCLEO_F401RE/TOOLCHAIN_GCC_ARM/startup_stm32f401xe.o
LOAD mbed/TARGET_NUCLEO_F401RE/TOOLCHAIN_GCC_ARM/stm32f4xx_hal.o
LOAD mbed/TARGET_NUCLEO_F401RE/TOOLCHAIN_GCC_ARM/stm32f4xx_hal_adc.o
LOAD mbed/TARGET_NUCLEO_F401RE/TOOLCHAIN_GCC_ARM/stm32f4xx_hal_adc_ex.o
LOAD mbed/TARGET_NUCLEO_F401RE/TOOLCHAIN_GCC_ARM/stm32f4xx_hal_can.o
LOAD mbed/TARGET_NUCLEO_F401RE/TOOLCHAIN_GCC_ARM/stm32f4xx_hal_cec.o
LOAD mbed/TARGET_NUCLEO_F401RE/TOOLCHAIN_GCC_ARM/stm32f4xx_hal_cortex.o
LOAD mbed/TARGET_NUCLEO_F401RE/TOOLCHAIN_GCC_ARM/stm32f4xx_hal_crc.o
LOAD mbed/TARGET_NUCLEO_F401RE/TOOLCHAIN_GCC_ARM/stm32f4xx_hal_cryp.o
LOAD mbed/TARGET_NUCLEO_F401RE/TOOLCHAIN_GCC_ARM/stm32f4xx_hal_cryp_ex.o
LOAD mbed/TARGET_NUCLEO_F401RE/TOOLCHAIN_GCC_ARM/stm32f4xx_hal_dac.o
LOAD mbed/TARGET_NUCLEO_F401RE/TOOLCHAIN_GCC_ARM/stm32f4xx_hal_dac_ex.o
LOAD mbed/TARGET_NUCLEO_F401RE/TOOLCHAIN_GCC_ARM/stm32f4xx_hal_dcmi.o
LOAD mbed/TARGET_NUCLEO_F401RE/TOOLCHAIN_GCC_ARM/stm32f4xx_hal_dcmi_ex.o
LOAD mbed/TARGET_NUCLEO_F401RE/TOOLCHAIN_GCC_ARM/stm32f4xx_hal_dma.o
LOAD mbed/TARGET_NUCLEO_F401RE/TOOLCHAIN_GCC_ARM/stm32f4xx_hal_dma2d.o
LOAD mbed/TARGET_NUCLEO_F401RE/TOOLCHAIN_GCC_ARM/stm32f4xx_hal_dma_ex.o
LOAD mbed/TARGET_NUCLEO_F401RE/TOOLCHAIN_GCC_ARM/stm32f4xx_hal_eth.o
LOAD mbed/TARGET_NUCLEO_F401RE/TOOLCHAIN_GCC_ARM/stm32f4xx_hal_flash.o
LOAD mbed/TARGET_NUCLEO_F401RE/TOOLCHAIN_GCC_ARM/stm32f4xx_hal_flash_ex.o
LOAD mbed/TARGET_NUCLEO_F401RE/TOOLCHAIN_GCC_ARM/stm32f4xx_hal_fmpi2c_ex.o
LOAD mbed/TARGET_NUCLEO_F401RE/TOOLCHAIN_GCC_ARM/stm32f4xx_hal_fmpi2c.o
LOAD mbed/TARGET_NUCLEO_F401RE/TOOLCHAIN_GCC_ARM/stm32f4xx_hal_smartcard.o
LOAD mbed/TARGET_NUCLEO_F401RE/TOOLCHAIN_GCC_ARM/stm32f4xx_hal_gpio.o
LOAD mbed/TARGET_NUCLEO_F401RE/TOOLCHAIN_GCC_ARM/stm32f4xx_hal_hash.o
LOAD mbed/TARGET_NUCLEO_F401RE/TOOLCHAIN_GCC_ARM/stm32f4xx_hal_hash_ex.o
LOAD mbed/TARGET_NUCLEO_F401RE/TOOLCHAIN_GCC_ARM/stm32f4xx_hal_hcd.o
LOAD mbed/TARGET_NUCLEO_F401RE/TOOLCHAIN_GCC_ARM/stm32f4xx_hal_i2c.o
LOAD mbed/TARGET_NUCLEO_F401RE/TOOLCHAIN_GCC_ARM/stm32f4xx_hal_i2c_ex.o
LOAD mbed/TARGET_NUCLEO_F401RE/TOOLCHAIN_GCC_ARM/stm32f4xx_hal_i2s.o
LOAD mbed/TARGET_NUCLEO_F401RE/TOOLCHAIN_GCC_ARM/stm32f4xx_hal_i2s_ex.o
LOAD mbed/TARGET_NUCLEO_F401RE/TOOLCHAIN_GCC_ARM/stm32f4xx_hal_irda.o
LOAD mbed/TARGET_NUCLEO_F401RE/TOOLCHAIN_GCC_ARM/stm32f4xx_hal_iwdg.o
LOAD mbed/TARGET_NUCLEO_F401RE/TOOLCHAIN_GCC_ARM/stm32f4xx_hal_ltdc.o
LOAD mbed/TARGET_NUCLEO_F401RE/TOOLCHAIN_GCC_ARM/stm32f4xx_hal_nand.o
LOAD mbed/TARGET_NUCLEO_F401RE/TOOLCHAIN_GCC_ARM/stm32f4xx_hal_nor.o
LOAD mbed/TARGET_NUCLEO_F401RE/TOOLCHAIN_GCC_ARM/stm32f4xx_hal_pccard.o
LOAD mbed/TARGET_NUCLEO_F401RE/TOOLCHAIN_GCC_ARM/stm32f4xx_hal_pcd.o
LOAD mbed/TARGET_NUCLEO_F401RE/TOOLCHAIN_GCC_ARM/stm32f4xx_hal_pcd_ex.o
LOAD mbed/TARGET_NUCLEO_F401RE/TOOLCHAIN_GCC_ARM/stm32f4xx_hal_pwr.o
LOAD mbed/TARGET_NUCLEO_F401RE/TOOLCHAIN_GCC_ARM/stm32f4xx_hal_pwr_ex.o
LOAD mbed/TARGET_NUCLEO_F401RE/TOOLCHAIN_GCC_ARM/stm32f4xx_hal_qspi.o
LOAD mbed/TARGET_NUCLEO_F401RE/TOOLCHAIN_GCC_ARM/stm32f4xx_hal_rcc.o
LOAD mbed/TARGET_NUCLEO_F401RE/TOOLCHAIN_GCC_ARM/stm32f4xx_hal_rcc_ex.o
LOAD mbed/TARGET_NUCLEO_F401RE/TOOLCHAIN_GCC_ARM/stm32f4xx_hal_rng.o
LOAD mbed/TARGET_NUCLEO_F401RE/TOOLCHAIN_GCC_ARM/stm32f4xx_hal_rtc.o
LOAD mbed/TARGET_NUCLEO_F401RE/TOOLCHAIN_GCC_ARM/stm32f4xx_hal_rtc_ex.o
LOAD mbed/TARGET_NUCLEO_F401RE/TOOLCHAIN_GCC_ARM/stm32f4xx_hal_sai.o
LOAD mbed/TARGET_NUCLEO_F401RE/TOOLCHAIN_GCC_ARM/stm32f4xx_hal_sai_ex.o
LOAD mbed/TARGET_NUCLEO_F401RE/TOOLCHAIN_GCC_ARM/stm32f4xx_hal_sd.o
LOAD mbed/TARGET_NUCLEO_F401RE/TOOLCHAIN_GCC_ARM/stm32f4xx_hal_sdram.o
LOAD mbed/TARGET_NUCLEO_F401RE/TOOLCHAIN_GCC_ARM/stm32f4xx_hal_spdifrx.o
LOAD mbed/TARGET_NUCLEO_F401RE/TOOLCHAIN_GCC_ARM/stm32f4xx_hal_spi.o
LOAD mbed/TARGET_NUCLEO_F401RE/TOOLCHAIN_GCC_ARM/stm32f4xx_hal_sram.o
LOAD mbed/TARGET_NUCLEO_F401RE/TOOLCHAIN_GCC_ARM/stm32f4xx_hal_tim.o
LOAD mbed/TARGET_NUCLEO_F401RE/TOOLCHAIN_GCC_ARM/stm32f4xx_hal_tim_ex.o
LOAD mbed/TARGET_NUCLEO_F401RE/TOOLCHAIN_GCC_ARM/stm32f4xx_hal_uart.o
LOAD mbed/TARGET_NUCLEO_F401RE/TOOLCHAIN_GCC_ARM/stm32f4xx_hal_usart.o
LOAD mbed/TARGET_NUCLEO_F401RE/TOOLCHAIN_GCC_ARM/stm32f4xx_hal_wwdg.o
LOAD mbed/TARGET_NUCLEO_F401RE/TOOLCHAIN_GCC_ARM/stm32f4xx_ll_fmc.o
LOAD mbed/TARGET_NUCLEO_F401RE/TOOLCHAIN_GCC_ARM/stm32f4xx_ll_fsmc.o
LOAD mbed/TARGET_NUCLEO_F401RE/TOOLCHAIN_GCC_ARM/stm32f4xx_ll_sdmmc.o
LOAD mbed/TARGET_NUCLEO_F401RE/TOOLCHAIN_GCC_ARM/stm32f4xx_ll_usb.o
LOAD mbed/TARGET_NUCLEO_F401RE/TOOLCHAIN_GCC_ARM/system_stm32f4xx.o
LOAD ./mbed/TARGET_NUCLEO_F401RE/TOOLCHAIN_GCC_ARM/libmbed.a
LOAD /Users/yukisako/environment/gcc-arm-none-eabi-4_8-2013q4/bin/../lib/gcc/arm-none-eabi/4.8.3/../../../../arm-none-eabi/lib/armv7e-m/softfp/libstdc++_s.a
LOAD /Users/yukisako/environment/gcc-arm-none-eabi-4_8-2013q4/bin/../lib/gcc/arm-none-eabi/4.8.3/../../../../arm-none-eabi/lib/armv7e-m/softfp/libsupc++_s.a
LOAD /Users/yukisako/environment/gcc-arm-none-eabi-4_8-2013q4/bin/../lib/gcc/arm-none-eabi/4.8.3/../../../../arm-none-eabi/lib/armv7e-m/softfp/libm.a
LOAD /Users/yukisako/environment/gcc-arm-none-eabi-4_8-2013q4/bin/../lib/gcc/arm-none-eabi/4.8.3/../../../../arm-none-eabi/lib/armv7e-m/softfp/libc_s.a
LOAD /Users/yukisako/environment/gcc-arm-none-eabi-4_8-2013q4/bin/../lib/gcc/arm-none-eabi/4.8.3/armv7e-m/softfp/libgcc.a
LOAD /Users/yukisako/environment/gcc-arm-none-eabi-4_8-2013q4/bin/../lib/gcc/arm-none-eabi/4.8.3/../../../../arm-none-eabi/lib/armv7e-m/softfp/libnosys.a
LOAD ./mbed/TARGET_NUCLEO_F401RE/TOOLCHAIN_GCC_ARM/libmbed.a
LOAD /Users/yukisako/environment/gcc-arm-none-eabi-4_8-2013q4/bin/../lib/gcc/arm-none-eabi/4.8.3/../../../../arm-none-eabi/lib/armv7e-m/softfp/libstdc++_s.a
LOAD /Users/yukisako/environment/gcc-arm-none-eabi-4_8-2013q4/bin/../lib/gcc/arm-none-eabi/4.8.3/../../../../arm-none-eabi/lib/armv7e-m/softfp/libsupc++_s.a
LOAD /Users/yukisako/environment/gcc-arm-none-eabi-4_8-2013q4/bin/../lib/gcc/arm-none-eabi/4.8.3/../../../../arm-none-eabi/lib/armv7e-m/softfp/libm.a
LOAD /Users/yukisako/environment/gcc-arm-none-eabi-4_8-2013q4/bin/../lib/gcc/arm-none-eabi/4.8.3/../../../../arm-none-eabi/lib/armv7e-m/softfp/libc_s.a
LOAD /Users/yukisako/environment/gcc-arm-none-eabi-4_8-2013q4/bin/../lib/gcc/arm-none-eabi/4.8.3/armv7e-m/softfp/libgcc.a
LOAD /Users/yukisako/environment/gcc-arm-none-eabi-4_8-2013q4/bin/../lib/gcc/arm-none-eabi/4.8.3/../../../../arm-none-eabi/lib/armv7e-m/softfp/libnosys.a
START GROUP
LOAD /Users/yukisako/environment/gcc-arm-none-eabi-4_8-2013q4/bin/../lib/gcc/arm-none-eabi/4.8.3/armv7e-m/softfp/libgcc.a
LOAD /Users/yukisako/environment/gcc-arm-none-eabi-4_8-2013q4/bin/../lib/gcc/arm-none-eabi/4.8.3/../../../../arm-none-eabi/lib/armv7e-m/softfp/libc_s.a
END GROUP
START GROUP
LOAD /Users/yukisako/environment/gcc-arm-none-eabi-4_8-2013q4/bin/../lib/gcc/arm-none-eabi/4.8.3/armv7e-m/softfp/libgcc.a
LOAD /Users/yukisako/environment/gcc-arm-none-eabi-4_8-2013q4/bin/../lib/gcc/arm-none-eabi/4.8.3/../../../../arm-none-eabi/lib/armv7e-m/softfp/libc_s.a
END GROUP
LOAD /Users/yukisako/environment/gcc-arm-none-eabi-4_8-2013q4/bin/../lib/gcc/arm-none-eabi/4.8.3/armv7e-m/softfp/crtend.o
LOAD /Users/yukisako/environment/gcc-arm-none-eabi-4_8-2013q4/bin/../lib/gcc/arm-none-eabi/4.8.3/armv7e-m/softfp/crtn.o

.text           0x0000000008000000     0x90ec
 *(.isr_vector)
 .isr_vector    0x0000000008000000      0x194 mbed/TARGET_NUCLEO_F401RE/TOOLCHAIN_GCC_ARM/startup_stm32f401xe.o
                0x0000000008000000                g_pfnVectors
 *(.text*)
 .text          0x0000000008000194       0x54 /Users/yukisako/environment/gcc-arm-none-eabi-4_8-2013q4/bin/../lib/gcc/arm-none-eabi/4.8.3/armv7e-m/softfp/crtbegin.o
 .text          0x00000000080001e8       0x74 /Users/yukisako/environment/gcc-arm-none-eabi-4_8-2013q4/bin/../lib/gcc/arm-none-eabi/4.8.3/../../../../arm-none-eabi/lib/armv7e-m/softfp/crt0.o
                0x00000000080001e8                _mainCRTStartup
                0x00000000080001e8                _start
 .text._ZN4mbed10SerialBaseD2Ev
                0x000000000800025c        0xc main.o
                0x000000000800025c                mbed::SerialBase::~SerialBase()
                0x000000000800025c                mbed::SerialBase::~SerialBase()
 .text._ZN4mbed10SerialBaseD0Ev
                0x0000000008000268       0x14 main.o
                0x0000000008000268                mbed::SerialBase::~SerialBase()
 .text._ZN4mbed6SerialD2Ev
                0x000000000800027c       0x28 main.o
                0x000000000800027c                mbed::Serial::~Serial()
                0x000000000800027c                mbed::Serial::~Serial()
 .text._ZN4mbed6SerialD1Ev
                0x00000000080002a4       0x10 main.o
                0x00000000080002a4                non-virtual thunk to mbed::Serial::~Serial()
                0x00000000080002ac                non-virtual thunk to mbed::Serial::~Serial()
 .text._ZN4mbed6SerialD0Ev
                0x00000000080002b4       0x1e main.o
                0x00000000080002b4                mbed::Serial::~Serial()
                0x00000000080002c6                non-virtual thunk to mbed::Serial::~Serial()
                0x00000000080002cc                non-virtual thunk to mbed::Serial::~Serial()
 *fill*         0x00000000080002d2        0x2 
 .text.startup.main
                0x00000000080002d4       0x2c main.o
                0x00000000080002d4                main
 .text.startup._GLOBAL__sub_I_pc
                0x0000000008000300       0x94 main.o
 .text.mbed_die
                0x0000000008000394       0x5c mbed/TARGET_NUCLEO_F401RE/TOOLCHAIN_GCC_ARM/board.o
                0x0000000008000394                mbed_die
 .text.NVIC_SetVector
                0x00000000080003f0       0x48 mbed/TARGET_NUCLEO_F401RE/TOOLCHAIN_GCC_ARM/cmsis_nvic.o
                0x00000000080003f0                NVIC_SetVector
 .text.timer_irq_handler
                0x0000000008000438       0x50 mbed/TARGET_NUCLEO_F401RE/TOOLCHAIN_GCC_ARM/hal_tick.o
                0x0000000008000438                timer_irq_handler
 .text.HAL_InitTick
                0x0000000008000488       0xb4 mbed/TARGET_NUCLEO_F401RE/TOOLCHAIN_GCC_ARM/hal_tick.o
                0x0000000008000488                HAL_InitTick
 .text.mbed_sdk_init
                0x000000000800053c       0x10 mbed/TARGET_NUCLEO_F401RE/TOOLCHAIN_GCC_ARM/mbed_overrides.o
                0x000000000800053c                mbed_sdk_init
 .text._ZN4mbed10FileHandle4flenEv
                0x000000000800054c       0x34 mbed/TARGET_NUCLEO_F401RE/TOOLCHAIN_GCC_ARM/retarget.o
                0x000000000800054c                mbed::FileHandle::flen()
 .text._ZN4mbed10FileHandleD2Ev
                0x0000000008000580       0x2c mbed/TARGET_NUCLEO_F401RE/TOOLCHAIN_GCC_ARM/retarget.o
                0x0000000008000580                mbed::FileHandle::~FileHandle()
                0x0000000008000580                mbed::FileHandle::~FileHandle()
 .text._ZN4mbed10FileHandleD0Ev
                0x00000000080005ac       0x34 mbed/TARGET_NUCLEO_F401RE/TOOLCHAIN_GCC_ARM/retarget.o
                0x00000000080005ac                mbed::FileHandle::~FileHandle()
 .text._ZL11init_serialv.part.0
                0x00000000080005e0       0x10 mbed/TARGET_NUCLEO_F401RE/TOOLCHAIN_GCC_ARM/retarget.o
 .text._open    0x00000000080005f0       0xf8 mbed/TARGET_NUCLEO_F401RE/TOOLCHAIN_GCC_ARM/retarget.o
                0x00000000080005f0                _open
 .text._close   0x00000000080006e8       0x2c mbed/TARGET_NUCLEO_F401RE/TOOLCHAIN_GCC_ARM/retarget.o
                0x00000000080006e8                _close
 .text._write   0x0000000008000714       0x50 mbed/TARGET_NUCLEO_F401RE/TOOLCHAIN_GCC_ARM/retarget.o
                0x0000000008000714                _write
 .text._read    0x0000000008000764       0x4c mbed/TARGET_NUCLEO_F401RE/TOOLCHAIN_GCC_ARM/retarget.o
                0x0000000008000764                _read
 .text._isatty  0x00000000080007b0       0x28 mbed/TARGET_NUCLEO_F401RE/TOOLCHAIN_GCC_ARM/retarget.o
                0x00000000080007b0                _isatty
 .text._lseek   0x00000000080007d8       0x28 mbed/TARGET_NUCLEO_F401RE/TOOLCHAIN_GCC_ARM/retarget.o
                0x00000000080007d8                _lseek
 .text._fstat   0x0000000008000800       0x20 mbed/TARGET_NUCLEO_F401RE/TOOLCHAIN_GCC_ARM/retarget.o
                0x0000000008000800                _fstat
 .text.__cxa_pure_virtual
                0x0000000008000820        0x8 mbed/TARGET_NUCLEO_F401RE/TOOLCHAIN_GCC_ARM/retarget.o
                0x0000000008000820                __cxa_pure_virtual
 .text.mbed_main
                0x0000000008000828        0x4 mbed/TARGET_NUCLEO_F401RE/TOOLCHAIN_GCC_ARM/retarget.o
                0x0000000008000828                mbed_main
 .text.__wrap_main
                0x000000000800082c       0x14 mbed/TARGET_NUCLEO_F401RE/TOOLCHAIN_GCC_ARM/retarget.o
                0x000000000800082c                __wrap_main
 .text._sbrk    0x0000000008000840       0x28 mbed/TARGET_NUCLEO_F401RE/TOOLCHAIN_GCC_ARM/retarget.o
                0x0000000008000840                _sbrk
 .text._exit    0x0000000008000868       0x24 mbed/TARGET_NUCLEO_F401RE/TOOLCHAIN_GCC_ARM/retarget.o
                0x0000000008000868                _exit
 .text._ZN4mbed26mbed_set_unbuffered_streamEP7__sFILE
                0x000000000800088c        0x8 mbed/TARGET_NUCLEO_F401RE/TOOLCHAIN_GCC_ARM/retarget.o
                0x000000000800088c                mbed::mbed_set_unbuffered_stream(__sFILE*)
 .text._ZN4mbed9mbed_getcEP7__sFILE
                0x0000000008000894        0x4 mbed/TARGET_NUCLEO_F401RE/TOOLCHAIN_GCC_ARM/retarget.o
                0x0000000008000894                mbed::mbed_getc(__sFILE*)
 .text.Reset_Handler
                0x0000000008000898       0x54 mbed/TARGET_NUCLEO_F401RE/TOOLCHAIN_GCC_ARM/startup_stm32f401xe.o
                0x0000000008000898                Reset_Handler
 .text.Default_Handler
                0x00000000080008ec        0x4 mbed/TARGET_NUCLEO_F401RE/TOOLCHAIN_GCC_ARM/startup_stm32f401xe.o
                0x00000000080008ec                DMA1_Stream3_IRQHandler
                0x00000000080008ec                EXTI2_IRQHandler
                0x00000000080008ec                DebugMon_Handler
                0x00000000080008ec                SPI4_IRQHandler
                0x00000000080008ec                TIM1_CC_IRQHandler
                0x00000000080008ec                DMA2_Stream5_IRQHandler
                0x00000000080008ec                HardFault_Handler
                0x00000000080008ec                DMA1_Stream5_IRQHandler
                0x00000000080008ec                SysTick_Handler
                0x00000000080008ec                PVD_IRQHandler
                0x00000000080008ec                SDIO_IRQHandler
                0x00000000080008ec                TAMP_STAMP_IRQHandler
                0x00000000080008ec                PendSV_Handler
                0x00000000080008ec                NMI_Handler
                0x00000000080008ec                EXTI3_IRQHandler
                0x00000000080008ec                TIM1_UP_TIM10_IRQHandler
                0x00000000080008ec                I2C3_ER_IRQHandler
                0x00000000080008ec                EXTI0_IRQHandler
                0x00000000080008ec                I2C2_EV_IRQHandler
                0x00000000080008ec                DMA1_Stream2_IRQHandler
                0x00000000080008ec                FPU_IRQHandler
                0x00000000080008ec                UsageFault_Handler
                0x00000000080008ec                DMA2_Stream2_IRQHandler
                0x00000000080008ec                SPI1_IRQHandler
                0x00000000080008ec                TIM1_BRK_TIM9_IRQHandler
                0x00000000080008ec                DMA2_Stream3_IRQHandler
                0x00000000080008ec                USART6_IRQHandler
                0x00000000080008ec                DMA2_Stream0_IRQHandler
                0x00000000080008ec                TIM4_IRQHandler
                0x00000000080008ec                I2C1_EV_IRQHandler
                0x00000000080008ec                DMA1_Stream6_IRQHandler
                0x00000000080008ec                DMA1_Stream1_IRQHandler
                0x00000000080008ec                TIM3_IRQHandler
                0x00000000080008ec                RCC_IRQHandler
                0x00000000080008ec                Default_Handler
                0x00000000080008ec                EXTI15_10_IRQHandler
                0x00000000080008ec                ADC_IRQHandler
                0x00000000080008ec                DMA1_Stream7_IRQHandler
                0x00000000080008ec                TIM5_IRQHandler
                0x00000000080008ec                DMA2_Stream7_IRQHandler
                0x00000000080008ec                I2C3_EV_IRQHandler
                0x00000000080008ec                EXTI9_5_IRQHandler
                0x00000000080008ec                RTC_WKUP_IRQHandler
                0x00000000080008ec                SPI2_IRQHandler
                0x00000000080008ec                MemManage_Handler
                0x00000000080008ec                DMA1_Stream0_IRQHandler
                0x00000000080008ec                SVC_Handler
                0x00000000080008ec                EXTI4_IRQHandler
                0x00000000080008ec                WWDG_IRQHandler
                0x00000000080008ec                TIM2_IRQHandler
                0x00000000080008ec                OTG_FS_WKUP_IRQHandler
                0x00000000080008ec                TIM1_TRG_COM_TIM11_IRQHandler
                0x00000000080008ec                EXTI1_IRQHandler
                0x00000000080008ec                USART2_IRQHandler
                0x00000000080008ec                I2C2_ER_IRQHandler
                0x00000000080008ec                DMA2_Stream1_IRQHandler
                0x00000000080008ec                FLASH_IRQHandler
                0x00000000080008ec                DMA2_Stream4_IRQHandler
                0x00000000080008ec                BusFault_Handler
                0x00000000080008ec                USART1_IRQHandler
                0x00000000080008ec                OTG_FS_IRQHandler
                0x00000000080008ec                SPI3_IRQHandler
                0x00000000080008ec                DMA1_Stream4_IRQHandler
                0x00000000080008ec                I2C1_ER_IRQHandler
                0x00000000080008ec                DMA2_Stream6_IRQHandler
                0x00000000080008ec                RTC_Alarm_IRQHandler
 .text.HAL_MspInit
                0x00000000080008f0        0x4 mbed/TARGET_NUCLEO_F401RE/TOOLCHAIN_GCC_ARM/stm32f4xx_hal.o
                0x00000000080008f0                HAL_MspInit
 .text.HAL_Init
                0x00000000080008f4       0x34 mbed/TARGET_NUCLEO_F401RE/TOOLCHAIN_GCC_ARM/stm32f4xx_hal.o
                0x00000000080008f4                HAL_Init
 .text.HAL_IncTick
                0x0000000008000928       0x10 mbed/TARGET_NUCLEO_F401RE/TOOLCHAIN_GCC_ARM/stm32f4xx_hal.o
                0x0000000008000928                HAL_IncTick
 .text.HAL_GetTick
                0x0000000008000938        0xc mbed/TARGET_NUCLEO_F401RE/TOOLCHAIN_GCC_ARM/stm32f4xx_hal.o
                0x0000000008000938                HAL_GetTick
 .text.HAL_NVIC_SetPriorityGrouping
                0x0000000008000944       0x24 mbed/TARGET_NUCLEO_F401RE/TOOLCHAIN_GCC_ARM/stm32f4xx_hal_cortex.o
                0x0000000008000944                HAL_NVIC_SetPriorityGrouping
 .text.HAL_GPIO_Init
                0x0000000008000968      0x214 mbed/TARGET_NUCLEO_F401RE/TOOLCHAIN_GCC_ARM/stm32f4xx_hal_gpio.o
                0x0000000008000968                HAL_GPIO_Init
 .text.HAL_RCC_OscConfig
                0x0000000008000b7c      0x370 mbed/TARGET_NUCLEO_F401RE/TOOLCHAIN_GCC_ARM/stm32f4xx_hal_rcc.o
                0x0000000008000b7c                HAL_RCC_OscConfig
 .text.HAL_RCC_ClockConfig
                0x0000000008000eec      0x1fc mbed/TARGET_NUCLEO_F401RE/TOOLCHAIN_GCC_ARM/stm32f4xx_hal_rcc.o
                0x0000000008000eec                HAL_RCC_ClockConfig
 .text.HAL_RCC_GetSysClockFreq
                0x00000000080010e8       0x88 mbed/TARGET_NUCLEO_F401RE/TOOLCHAIN_GCC_ARM/stm32f4xx_hal_rcc.o
                0x00000000080010e8                HAL_RCC_GetSysClockFreq
 .text.HAL_RCC_GetHCLKFreq
                0x0000000008001170       0x38 mbed/TARGET_NUCLEO_F401RE/TOOLCHAIN_GCC_ARM/stm32f4xx_hal_rcc.o
                0x0000000008001170                HAL_RCC_GetHCLKFreq
 .text.HAL_RCC_GetPCLK1Freq
                0x00000000080011a8       0x30 mbed/TARGET_NUCLEO_F401RE/TOOLCHAIN_GCC_ARM/stm32f4xx_hal_rcc.o
                0x00000000080011a8                HAL_RCC_GetPCLK1Freq
 .text.HAL_RCC_GetPCLK2Freq
                0x00000000080011d8       0x30 mbed/TARGET_NUCLEO_F401RE/TOOLCHAIN_GCC_ARM/stm32f4xx_hal_rcc.o
                0x00000000080011d8                HAL_RCC_GetPCLK2Freq
 .text.HAL_RCC_GetClockConfig
                0x0000000008001208       0x44 mbed/TARGET_NUCLEO_F401RE/TOOLCHAIN_GCC_ARM/stm32f4xx_hal_rcc.o
                0x0000000008001208                HAL_RCC_GetClockConfig
 .text.TIM_OC1_SetConfig
                0x000000000800124c       0x58 mbed/TARGET_NUCLEO_F401RE/TOOLCHAIN_GCC_ARM/stm32f4xx_hal_tim.o
 .text.TIM_OC3_SetConfig
                0x00000000080012a4       0x5c mbed/TARGET_NUCLEO_F401RE/TOOLCHAIN_GCC_ARM/stm32f4xx_hal_tim.o
 .text.TIM_OC4_SetConfig
                0x0000000008001300       0x48 mbed/TARGET_NUCLEO_F401RE/TOOLCHAIN_GCC_ARM/stm32f4xx_hal_tim.o
 .text.HAL_TIM_OC_MspInit
                0x0000000008001348        0x4 mbed/TARGET_NUCLEO_F401RE/TOOLCHAIN_GCC_ARM/stm32f4xx_hal_tim.o
                0x0000000008001348                HAL_TIM_OC_MspInit
 .text.HAL_TIM_OC_Start
                0x000000000800134c       0x40 mbed/TARGET_NUCLEO_F401RE/TOOLCHAIN_GCC_ARM/stm32f4xx_hal_tim.o
                0x000000000800134c                HAL_TIM_OC_Start
 .text.HAL_TIM_PWM_MspInit
                0x000000000800138c        0x4 mbed/TARGET_NUCLEO_F401RE/TOOLCHAIN_GCC_ARM/stm32f4xx_hal_tim.o
                0x000000000800138c                HAL_TIM_PWM_MspInit
 .text.HAL_TIM_PWM_Start
                0x0000000008001390       0x40 mbed/TARGET_NUCLEO_F401RE/TOOLCHAIN_GCC_ARM/stm32f4xx_hal_tim.o
                0x0000000008001390                HAL_TIM_PWM_Start
 .text.TIM_Base_SetConfig
                0x00000000080013d0       0xa0 mbed/TARGET_NUCLEO_F401RE/TOOLCHAIN_GCC_ARM/stm32f4xx_hal_tim.o
                0x00000000080013d0                TIM_Base_SetConfig
 .text.HAL_TIM_OC_Init
                0x0000000008001470       0x38 mbed/TARGET_NUCLEO_F401RE/TOOLCHAIN_GCC_ARM/stm32f4xx_hal_tim.o
                0x0000000008001470                HAL_TIM_OC_Init
 .text.HAL_TIM_PWM_Init
                0x00000000080014a8       0x38 mbed/TARGET_NUCLEO_F401RE/TOOLCHAIN_GCC_ARM/stm32f4xx_hal_tim.o
                0x00000000080014a8                HAL_TIM_PWM_Init
 .text.TIM_OC2_SetConfig
                0x00000000080014e0       0x5c mbed/TARGET_NUCLEO_F401RE/TOOLCHAIN_GCC_ARM/stm32f4xx_hal_tim.o
                0x00000000080014e0                TIM_OC2_SetConfig
 .text.HAL_TIM_PWM_ConfigChannel
                0x000000000800153c       0xd4 mbed/TARGET_NUCLEO_F401RE/TOOLCHAIN_GCC_ARM/stm32f4xx_hal_tim.o
                0x000000000800153c                HAL_TIM_PWM_ConfigChannel
 .text.HAL_TIMEx_PWMN_Start
                0x0000000008001610       0x2c mbed/TARGET_NUCLEO_F401RE/TOOLCHAIN_GCC_ARM/stm32f4xx_hal_tim_ex.o
                0x0000000008001610                HAL_TIMEx_PWMN_Start
 .text.UART_SetConfig
                0x000000000800163c      0x1b4 mbed/TARGET_NUCLEO_F401RE/TOOLCHAIN_GCC_ARM/stm32f4xx_hal_uart.o
 .text.HAL_UART_MspInit
                0x00000000080017f0        0x4 mbed/TARGET_NUCLEO_F401RE/TOOLCHAIN_GCC_ARM/stm32f4xx_hal_uart.o
                0x00000000080017f0                HAL_UART_MspInit
 .text.HAL_UART_Init
                0x00000000080017f4       0x5c mbed/TARGET_NUCLEO_F401RE/TOOLCHAIN_GCC_ARM/stm32f4xx_hal_uart.o
                0x00000000080017f4                HAL_UART_Init
 .text.SystemCoreClockUpdate
                0x0000000008001850       0x70 mbed/TARGET_NUCLEO_F401RE/TOOLCHAIN_GCC_ARM/system_stm32f4xx.o
                0x0000000008001850                SystemCoreClockUpdate
 .text.SetSysClock_PLL_HSE
                0x00000000080018c0       0x94 mbed/TARGET_NUCLEO_F401RE/TOOLCHAIN_GCC_ARM/system_stm32f4xx.o
                0x00000000080018c0                SetSysClock_PLL_HSE
 .text.SetSysClock_PLL_HSI
                0x0000000008001954       0x98 mbed/TARGET_NUCLEO_F401RE/TOOLCHAIN_GCC_ARM/system_stm32f4xx.o
                0x0000000008001954                SetSysClock_PLL_HSI
 .text.SetSysClock
                0x00000000080019ec       0x20 mbed/TARGET_NUCLEO_F401RE/TOOLCHAIN_GCC_ARM/system_stm32f4xx.o
                0x00000000080019ec                SetSysClock
 .text.SystemInit
                0x0000000008001a0c       0x74 mbed/TARGET_NUCLEO_F401RE/TOOLCHAIN_GCC_ARM/system_stm32f4xx.o
                0x0000000008001a0c                SystemInit
 .text.Set_GPIO_Clock
                0x0000000008001a80       0xec ./mbed/TARGET_NUCLEO_F401RE/TOOLCHAIN_GCC_ARM/libmbed.a(pinmap.o)
                0x0000000008001a80                Set_GPIO_Clock
 .text.pin_function
                0x0000000008001b6c       0x60 ./mbed/TARGET_NUCLEO_F401RE/TOOLCHAIN_GCC_ARM/libmbed.a(pinmap.o)
                0x0000000008001b6c                pin_function
 .text.pin_mode
                0x0000000008001bcc       0x50 ./mbed/TARGET_NUCLEO_F401RE/TOOLCHAIN_GCC_ARM/libmbed.a(pinmap.o)
                0x0000000008001bcc                pin_mode
 .text.pwmout_write
                0x0000000008001c1c       0xb0 ./mbed/TARGET_NUCLEO_F401RE/TOOLCHAIN_GCC_ARM/libmbed.a(pwmout_api.o)
                0x0000000008001c1c                pwmout_write
 .text.pwmout_period_us
                0x0000000008001ccc      0x138 ./mbed/TARGET_NUCLEO_F401RE/TOOLCHAIN_GCC_ARM/libmbed.a(pwmout_api.o)
                0x0000000008001ccc                pwmout_period_us
 .text.pwmout_init
                0x0000000008001e04      0x158 ./mbed/TARGET_NUCLEO_F401RE/TOOLCHAIN_GCC_ARM/libmbed.a(pwmout_api.o)
                0x0000000008001e04                pwmout_init
 .text.init_uart
                0x0000000008001f5c       0x58 ./mbed/TARGET_NUCLEO_F401RE/TOOLCHAIN_GCC_ARM/libmbed.a(serial_api.o)
 .text.serial_init
                0x0000000008001fb4      0x120 ./mbed/TARGET_NUCLEO_F401RE/TOOLCHAIN_GCC_ARM/libmbed.a(serial_api.o)
                0x0000000008001fb4                serial_init
 .text.serial_irq_handler
                0x00000000080020d4       0x1c ./mbed/TARGET_NUCLEO_F401RE/TOOLCHAIN_GCC_ARM/libmbed.a(serial_api.o)
                0x00000000080020d4                serial_irq_handler
 .text.serial_getc
                0x00000000080020f0       0x18 ./mbed/TARGET_NUCLEO_F401RE/TOOLCHAIN_GCC_ARM/libmbed.a(serial_api.o)
                0x00000000080020f0                serial_getc
 .text.serial_putc
                0x0000000008002108       0x18 ./mbed/TARGET_NUCLEO_F401RE/TOOLCHAIN_GCC_ARM/libmbed.a(serial_api.o)
                0x0000000008002108                serial_putc
 .text._ZN4mbed8FilePathC2EPKc
                0x0000000008002120       0x58 ./mbed/TARGET_NUCLEO_F401RE/TOOLCHAIN_GCC_ARM/libmbed.a(FilePath.o)
                0x0000000008002120                mbed::FilePath::FilePath(char const*)
                0x0000000008002120                mbed::FilePath::FilePath(char const*)
 .text._ZN4mbed8FilePath8fileNameEv
                0x0000000008002178        0x4 ./mbed/TARGET_NUCLEO_F401RE/TOOLCHAIN_GCC_ARM/libmbed.a(FilePath.o)
                0x0000000008002178                mbed::FilePath::fileName()
 .text._ZN4mbed8FilePath10fileSystemEv
                0x000000000800217c       0x18 ./mbed/TARGET_NUCLEO_F401RE/TOOLCHAIN_GCC_ARM/libmbed.a(FilePath.o)
                0x000000000800217c                mbed::FilePath::fileSystem()
 .text._ZN4mbed8FilePath6isFileEv
                0x0000000008002194       0x14 ./mbed/TARGET_NUCLEO_F401RE/TOOLCHAIN_GCC_ARM/libmbed.a(FilePath.o)
                0x0000000008002194                mbed::FilePath::isFile()
 .text._ZN4mbed8FilePath4fileEv
                0x00000000080021a8       0x1c ./mbed/TARGET_NUCLEO_F401RE/TOOLCHAIN_GCC_ARM/libmbed.a(FilePath.o)
                0x00000000080021a8                mbed::FilePath::file()
 .text._ZN4mbed8FilePath6existsEv
                0x00000000080021c4        0xc ./mbed/TARGET_NUCLEO_F401RE/TOOLCHAIN_GCC_ARM/libmbed.a(FilePath.o)
                0x00000000080021c4                mbed::FilePath::exists()
 .text._ZN4mbed6Serial5_getcEv
                0x00000000080021d0        0x4 ./mbed/TARGET_NUCLEO_F401RE/TOOLCHAIN_GCC_ARM/libmbed.a(Serial.o)
                0x00000000080021d0                mbed::Serial::_getc()
 .text._ZThn84_N4mbed6Serial5_getcEv
                0x00000000080021d4        0x8 ./mbed/TARGET_NUCLEO_F401RE/TOOLCHAIN_GCC_ARM/libmbed.a(Serial.o)
                0x00000000080021d4                non-virtual thunk to mbed::Serial::_getc()
 .text._ZN4mbed6Serial5_putcEi
                0x00000000080021dc        0x4 ./mbed/TARGET_NUCLEO_F401RE/TOOLCHAIN_GCC_ARM/libmbed.a(Serial.o)
                0x00000000080021dc                mbed::Serial::_putc(int)
 .text._ZThn84_N4mbed6Serial5_putcEi
                0x00000000080021e0        0x8 ./mbed/TARGET_NUCLEO_F401RE/TOOLCHAIN_GCC_ARM/libmbed.a(Serial.o)
                0x00000000080021e0                non-virtual thunk to mbed::Serial::_putc(int)
 .text._ZN4mbed6SerialC2E7PinNameS1_PKc
                0x00000000080021e8       0x30 ./mbed/TARGET_NUCLEO_F401RE/TOOLCHAIN_GCC_ARM/libmbed.a(Serial.o)
                0x00000000080021e8                mbed::Serial::Serial(PinName, PinName, char const*)
                0x00000000080021e8                mbed::Serial::Serial(PinName, PinName, char const*)
 .text._ZN4mbed10SerialBase12_irq_handlerEm9SerialIrq
                0x0000000008002218       0x24 ./mbed/TARGET_NUCLEO_F401RE/TOOLCHAIN_GCC_ARM/libmbed.a(SerialBase.o)
                0x0000000008002218                mbed::SerialBase::_irq_handler(unsigned long, SerialIrq)
 .text._ZN4mbed10SerialBaseC2E7PinNameS1_
                0x000000000800223c       0x48 ./mbed/TARGET_NUCLEO_F401RE/TOOLCHAIN_GCC_ARM/libmbed.a(SerialBase.o)
                0x000000000800223c                mbed::SerialBase::SerialBase(PinName, PinName)
                0x000000000800223c                mbed::SerialBase::SerialBase(PinName, PinName)
 .text._ZN4mbed10SerialBase10_base_getcEv
                0x0000000008002284        0x8 ./mbed/TARGET_NUCLEO_F401RE/TOOLCHAIN_GCC_ARM/libmbed.a(SerialBase.o)
                0x0000000008002284                mbed::SerialBase::_base_getc()
 .text._ZN4mbed10SerialBase10_base_putcEi
                0x000000000800228c       0x10 ./mbed/TARGET_NUCLEO_F401RE/TOOLCHAIN_GCC_ARM/libmbed.a(SerialBase.o)
                0x000000000800228c                mbed::SerialBase::_base_putc(int)
 .text._ZN4mbed6Stream5closeEv
                0x000000000800229c        0x4 ./mbed/TARGET_NUCLEO_F401RE/TOOLCHAIN_GCC_ARM/libmbed.a(Stream.o)
                0x000000000800229c                mbed::Stream::close()
 .text._ZN4mbed6Stream5writeEPKvj
                0x00000000080022a0       0x30 ./mbed/TARGET_NUCLEO_F401RE/TOOLCHAIN_GCC_ARM/libmbed.a(Stream.o)
                0x00000000080022a0                mbed::Stream::write(void const*, unsigned int)
 .text._ZN4mbed6Stream4readEPvj
                0x00000000080022d0       0x30 ./mbed/TARGET_NUCLEO_F401RE/TOOLCHAIN_GCC_ARM/libmbed.a(Stream.o)
                0x00000000080022d0                mbed::Stream::read(void*, unsigned int)
 .text._ZN4mbed6Stream5lseekEli
                0x0000000008002300        0x4 ./mbed/TARGET_NUCLEO_F401RE/TOOLCHAIN_GCC_ARM/libmbed.a(Stream.o)
                0x0000000008002300                mbed::Stream::lseek(long, int)
 .text._ZN4mbed6Stream6isattyEv
                0x0000000008002304        0x4 ./mbed/TARGET_NUCLEO_F401RE/TOOLCHAIN_GCC_ARM/libmbed.a(Stream.o)
                0x0000000008002304                mbed::Stream::isatty()
 .text._ZN4mbed6Stream5fsyncEv
                0x0000000008002308        0x4 ./mbed/TARGET_NUCLEO_F401RE/TOOLCHAIN_GCC_ARM/libmbed.a(Stream.o)
                0x0000000008002308                mbed::Stream::fsync()
 .text._ZN4mbed6Stream4flenEv
                0x000000000800230c        0x4 ./mbed/TARGET_NUCLEO_F401RE/TOOLCHAIN_GCC_ARM/libmbed.a(Stream.o)
                0x000000000800230c                mbed::Stream::flen()
 .text._ZN4mbed6StreamD2Ev
                0x0000000008002310       0x24 ./mbed/TARGET_NUCLEO_F401RE/TOOLCHAIN_GCC_ARM/libmbed.a(Stream.o)
                0x0000000008002310                mbed::Stream::~Stream()
                0x0000000008002310                mbed::Stream::~Stream()
 .text._ZThn4_N4mbed6StreamD1Ev
                0x0000000008002334        0x8 ./mbed/TARGET_NUCLEO_F401RE/TOOLCHAIN_GCC_ARM/libmbed.a(Stream.o)
                0x0000000008002334                non-virtual thunk to mbed::Stream::~Stream()
 .text._ZN4mbed6StreamD0Ev
                0x000000000800233c       0x14 ./mbed/TARGET_NUCLEO_F401RE/TOOLCHAIN_GCC_ARM/libmbed.a(Stream.o)
                0x000000000800233c                mbed::Stream::~Stream()
 .text._ZThn4_N4mbed6StreamD0Ev
                0x0000000008002350        0x8 ./mbed/TARGET_NUCLEO_F401RE/TOOLCHAIN_GCC_ARM/libmbed.a(Stream.o)
                0x0000000008002350                non-virtual thunk to mbed::Stream::~Stream()
 .text._ZN4mbed6StreamC2EPKc
                0x0000000008002358       0x44 ./mbed/TARGET_NUCLEO_F401RE/TOOLCHAIN_GCC_ARM/libmbed.a(Stream.o)
                0x0000000008002358                mbed::Stream::Stream(char const*)
                0x0000000008002358                mbed::Stream::Stream(char const*)
 .text._ZN4mbed6Stream4putcEi
                0x000000000800239c       0x18 ./mbed/TARGET_NUCLEO_F401RE/TOOLCHAIN_GCC_ARM/libmbed.a(Stream.o)
                0x000000000800239c                mbed::Stream::putc(int)
 .text._ZN4mbed6Stream4getcEv
                0x00000000080023b4       0x14 ./mbed/TARGET_NUCLEO_F401RE/TOOLCHAIN_GCC_ARM/libmbed.a(Stream.o)
                0x00000000080023b4                mbed::Stream::getc()
 .text.mbed_assert_internal
                0x00000000080023c8       0x18 ./mbed/TARGET_NUCLEO_F401RE/TOOLCHAIN_GCC_ARM/libmbed.a(assert.o)
                0x00000000080023c8                mbed_assert_internal
 .text.error    0x00000000080023e0       0x24 ./mbed/TARGET_NUCLEO_F401RE/TOOLCHAIN_GCC_ARM/libmbed.a(error.o)
                0x00000000080023e0                error
 .text.gpio_init_out
                0x0000000008002404       0x48 ./mbed/TARGET_NUCLEO_F401RE/TOOLCHAIN_GCC_ARM/libmbed.a(gpio.o)
                0x0000000008002404                gpio_init_out
 .text.pinmap_pinout
                0x000000000800244c       0x44 ./mbed/TARGET_NUCLEO_F401RE/TOOLCHAIN_GCC_ARM/libmbed.a(pinmap_common.o)
                0x000000000800244c                pinmap_pinout
 .text.pinmap_merge
                0x0000000008002490       0x24 ./mbed/TARGET_NUCLEO_F401RE/TOOLCHAIN_GCC_ARM/libmbed.a(pinmap_common.o)
                0x0000000008002490                pinmap_merge
 .text.pinmap_peripheral
                0x00000000080024b4       0x34 ./mbed/TARGET_NUCLEO_F401RE/TOOLCHAIN_GCC_ARM/libmbed.a(pinmap_common.o)
                0x00000000080024b4                pinmap_peripheral
 .text.pinmap_function
                0x00000000080024e8       0x34 ./mbed/TARGET_NUCLEO_F401RE/TOOLCHAIN_GCC_ARM/libmbed.a(pinmap_common.o)
                0x00000000080024e8                pinmap_function
 .text.us_ticker_irq_handler
                0x000000000800251c        0xc ./mbed/TARGET_NUCLEO_F401RE/TOOLCHAIN_GCC_ARM/libmbed.a(us_ticker_api.o)
                0x000000000800251c                us_ticker_irq_handler
 .text.wait_us  0x0000000008002528       0x18 ./mbed/TARGET_NUCLEO_F401RE/TOOLCHAIN_GCC_ARM/libmbed.a(wait_api.o)
                0x0000000008002528                wait_us
 .text.wait     0x0000000008002540       0x1c ./mbed/TARGET_NUCLEO_F401RE/TOOLCHAIN_GCC_ARM/libmbed.a(wait_api.o)
                0x0000000008002540                wait
 .text.wait_ms  0x000000000800255c        0xc ./mbed/TARGET_NUCLEO_F401RE/TOOLCHAIN_GCC_ARM/libmbed.a(wait_api.o)
                0x000000000800255c                wait_ms
 .text.gpio_set
                0x0000000008002568       0x30 ./mbed/TARGET_NUCLEO_F401RE/TOOLCHAIN_GCC_ARM/libmbed.a(gpio_api.o)
                0x0000000008002568                gpio_set
 .text.gpio_init
                0x0000000008002598       0x2c ./mbed/TARGET_NUCLEO_F401RE/TOOLCHAIN_GCC_ARM/libmbed.a(gpio_api.o)
                0x0000000008002598                gpio_init
 .text.gpio_mode
                0x00000000080025c4        0x8 ./mbed/TARGET_NUCLEO_F401RE/TOOLCHAIN_GCC_ARM/libmbed.a(gpio_api.o)
                0x00000000080025c4                gpio_mode
 .text.gpio_dir
                0x00000000080025cc       0x40 ./mbed/TARGET_NUCLEO_F401RE/TOOLCHAIN_GCC_ARM/libmbed.a(gpio_api.o)
                0x00000000080025cc                gpio_dir
 .text.us_ticker_init
                0x000000000800260c       0x24 ./mbed/TARGET_NUCLEO_F401RE/TOOLCHAIN_GCC_ARM/libmbed.a(us_ticker.o)
                0x000000000800260c                us_ticker_init
 .text.us_ticker_read
                0x0000000008002630       0x1c ./mbed/TARGET_NUCLEO_F401RE/TOOLCHAIN_GCC_ARM/libmbed.a(us_ticker.o)
                0x0000000008002630                us_ticker_read
 .text.us_ticker_set_interrupt
                0x000000000800264c       0x14 ./mbed/TARGET_NUCLEO_F401RE/TOOLCHAIN_GCC_ARM/libmbed.a(us_ticker.o)
                0x000000000800264c                us_ticker_set_interrupt
 .text.us_ticker_disable_interrupt
                0x0000000008002660       0x14 ./mbed/TARGET_NUCLEO_F401RE/TOOLCHAIN_GCC_ARM/libmbed.a(us_ticker.o)
                0x0000000008002660                us_ticker_disable_interrupt
 .text.us_ticker_clear_interrupt
                0x0000000008002674       0x10 ./mbed/TARGET_NUCLEO_F401RE/TOOLCHAIN_GCC_ARM/libmbed.a(us_ticker.o)
                0x0000000008002674                us_ticker_clear_interrupt
 .text._ZN4mbed8FileLikeD2Ev
                0x0000000008002684       0x24 ./mbed/TARGET_NUCLEO_F401RE/TOOLCHAIN_GCC_ARM/libmbed.a(FileLike.o)
                0x0000000008002684                mbed::FileLike::~FileLike()
                0x0000000008002684                mbed::FileLike::~FileLike()
 .text._ZThn4_N4mbed8FileLikeD1Ev
                0x00000000080026a8        0x8 ./mbed/TARGET_NUCLEO_F401RE/TOOLCHAIN_GCC_ARM/libmbed.a(FileLike.o)
                0x00000000080026a8                non-virtual thunk to mbed::FileLike::~FileLike()
 .text._ZN4mbed8FileLikeD0Ev
                0x00000000080026b0       0x2c ./mbed/TARGET_NUCLEO_F401RE/TOOLCHAIN_GCC_ARM/libmbed.a(FileLike.o)
                0x00000000080026b0                mbed::FileLike::~FileLike()
 .text._ZThn4_N4mbed8FileLikeD0Ev
                0x00000000080026dc        0x8 ./mbed/TARGET_NUCLEO_F401RE/TOOLCHAIN_GCC_ARM/libmbed.a(FileLike.o)
                0x00000000080026dc                non-virtual thunk to mbed::FileLike::~FileLike()
 .text._ZN4mbed8FileLikeC2EPKc
                0x00000000080026e4       0x28 ./mbed/TARGET_NUCLEO_F401RE/TOOLCHAIN_GCC_ARM/libmbed.a(FileLike.o)
                0x00000000080026e4                mbed::FileLike::FileLike(char const*)
                0x00000000080026e4                mbed::FileLike::FileLike(char const*)
 .text._ZN4mbed8FileBaseD2Ev
                0x000000000800270c       0x30 ./mbed/TARGET_NUCLEO_F401RE/TOOLCHAIN_GCC_ARM/libmbed.a(FileBase.o)
                0x000000000800270c                mbed::FileBase::~FileBase()
                0x000000000800270c                mbed::FileBase::~FileBase()
 .text._ZN4mbed8FileBaseD0Ev
                0x000000000800273c       0x3c ./mbed/TARGET_NUCLEO_F401RE/TOOLCHAIN_GCC_ARM/libmbed.a(FileBase.o)
                0x000000000800273c                mbed::FileBase::~FileBase()
 .text._ZN4mbed8FileBaseC2EPKcNS_8PathTypeE
                0x0000000008002778       0x20 ./mbed/TARGET_NUCLEO_F401RE/TOOLCHAIN_GCC_ARM/libmbed.a(FileBase.o)
                0x0000000008002778                mbed::FileBase::FileBase(char const*, mbed::PathType)
                0x0000000008002778                mbed::FileBase::FileBase(char const*, mbed::PathType)
 .text._ZN4mbed8FileBase6lookupEPKcj
                0x0000000008002798       0x3c ./mbed/TARGET_NUCLEO_F401RE/TOOLCHAIN_GCC_ARM/libmbed.a(FileBase.o)
                0x0000000008002798                mbed::FileBase::lookup(char const*, unsigned int)
 .text._ZN4mbed8FileBase11getPathTypeEv
                0x00000000080027d4        0x4 ./mbed/TARGET_NUCLEO_F401RE/TOOLCHAIN_GCC_ARM/libmbed.a(FileBase.o)
                0x00000000080027d4                mbed::FileBase::getPathType()
 .text.ticker_irq_handler
                0x00000000080027d8       0x48 ./mbed/TARGET_NUCLEO_F401RE/TOOLCHAIN_GCC_ARM/libmbed.a(ticker_api.o)
                0x00000000080027d8                ticker_irq_handler
 .text.__aeabi_atexit
                0x0000000008002820        0xa /Users/yukisako/environment/gcc-arm-none-eabi-4_8-2013q4/bin/../lib/gcc/arm-none-eabi/4.8.3/../../../../arm-none-eabi/lib/armv7e-m/softfp/libstdc++_s.a(atexit_arm.o)
                0x0000000008002820                __aeabi_atexit
 .text._ZdlPv   0x000000000800282a        0x8 /Users/yukisako/environment/gcc-arm-none-eabi-4_8-2013q4/bin/../lib/gcc/arm-none-eabi/4.8.3/../../../../arm-none-eabi/lib/armv7e-m/softfp/libstdc++_s.a(del_op.o)
                0x000000000800282a                operator delete(void*)
 *fill*         0x0000000008002832        0x2 
 .text.__cxa_atexit
                0x0000000008002834       0x20 /Users/yukisako/environment/gcc-arm-none-eabi-4_8-2013q4/bin/../lib/gcc/arm-none-eabi/4.8.3/../../../../arm-none-eabi/lib/armv7e-m/softfp/libc_s.a(lib_a-cxa_atexit.o)
                0x0000000008002834                __cxa_atexit
 .text.__errno  0x0000000008002854        0xc /Users/yukisako/environment/gcc-arm-none-eabi-4_8-2013q4/bin/../lib/gcc/arm-none-eabi/4.8.3/../../../../arm-none-eabi/lib/armv7e-m/softfp/libc_s.a(lib_a-errno.o)
                0x0000000008002854                __errno
 .text.exit     0x0000000008002860       0x28 /Users/yukisako/environment/gcc-arm-none-eabi-4_8-2013q4/bin/../lib/gcc/arm-none-eabi/4.8.3/../../../../arm-none-eabi/lib/armv7e-m/softfp/libc_s.a(lib_a-exit.o)
                0x0000000008002860                exit
 .text._fclose_r
                0x0000000008002888       0xa4 /Users/yukisako/environment/gcc-arm-none-eabi-4_8-2013q4/bin/../lib/gcc/arm-none-eabi/4.8.3/../../../../arm-none-eabi/lib/armv7e-m/softfp/libc_s.a(lib_a-fclose.o)
                0x0000000008002888                _fclose_r
 .text.fclose   0x000000000800292c       0x10 /Users/yukisako/environment/gcc-arm-none-eabi-4_8-2013q4/bin/../lib/gcc/arm-none-eabi/4.8.3/../../../../arm-none-eabi/lib/armv7e-m/softfp/libc_s.a(lib_a-fclose.o)
                0x000000000800292c                fclose
 .text.__sflush_r
                0x000000000800293c      0x106 /Users/yukisako/environment/gcc-arm-none-eabi-4_8-2013q4/bin/../lib/gcc/arm-none-eabi/4.8.3/../../../../arm-none-eabi/lib/armv7e-m/softfp/libc_s.a(lib_a-fflush.o)
                0x000000000800293c                __sflush_r
 *fill*         0x0000000008002a42        0x2 
 .text._fflush_r
                0x0000000008002a44       0x54 /Users/yukisako/environment/gcc-arm-none-eabi-4_8-2013q4/bin/../lib/gcc/arm-none-eabi/4.8.3/../../../../arm-none-eabi/lib/armv7e-m/softfp/libc_s.a(lib_a-fflush.o)
                0x0000000008002a44                _fflush_r
 .text.fflush   0x0000000008002a98       0x24 /Users/yukisako/environment/gcc-arm-none-eabi-4_8-2013q4/bin/../lib/gcc/arm-none-eabi/4.8.3/../../../../arm-none-eabi/lib/armv7e-m/softfp/libc_s.a(lib_a-fflush.o)
                0x0000000008002a98                fflush
 .text._fgetc_r
                0x0000000008002abc       0x58 /Users/yukisako/environment/gcc-arm-none-eabi-4_8-2013q4/bin/../lib/gcc/arm-none-eabi/4.8.3/../../../../arm-none-eabi/lib/armv7e-m/softfp/libc_s.a(lib_a-fgetc.o)
                0x0000000008002abc                _fgetc_r
 .text.fgetc    0x0000000008002b14       0x10 /Users/yukisako/environment/gcc-arm-none-eabi-4_8-2013q4/bin/../lib/gcc/arm-none-eabi/4.8.3/../../../../arm-none-eabi/lib/armv7e-m/softfp/libc_s.a(lib_a-fgetc.o)
                0x0000000008002b14                fgetc
 .text._cleanup_r
                0x0000000008002b24       0x32 /Users/yukisako/environment/gcc-arm-none-eabi-4_8-2013q4/bin/../lib/gcc/arm-none-eabi/4.8.3/../../../../arm-none-eabi/lib/armv7e-m/softfp/libc_s.a(lib_a-findfp.o)
                0x0000000008002b24                _cleanup_r
 *fill*         0x0000000008002b56        0x2 
 .text.std.isra.0
                0x0000000008002b58       0x48 /Users/yukisako/environment/gcc-arm-none-eabi-4_8-2013q4/bin/../lib/gcc/arm-none-eabi/4.8.3/../../../../arm-none-eabi/lib/armv7e-m/softfp/libc_s.a(lib_a-findfp.o)
 .text.__sfmoreglue
                0x0000000008002ba0       0x2c /Users/yukisako/environment/gcc-arm-none-eabi-4_8-2013q4/bin/../lib/gcc/arm-none-eabi/4.8.3/../../../../arm-none-eabi/lib/armv7e-m/softfp/libc_s.a(lib_a-findfp.o)
                0x0000000008002ba0                __sfmoreglue
 .text.__sinit  0x0000000008002bcc       0x60 /Users/yukisako/environment/gcc-arm-none-eabi-4_8-2013q4/bin/../lib/gcc/arm-none-eabi/4.8.3/../../../../arm-none-eabi/lib/armv7e-m/softfp/libc_s.a(lib_a-findfp.o)
                0x0000000008002bcc                __sinit
 .text.__sfp    0x0000000008002c2c       0x74 /Users/yukisako/environment/gcc-arm-none-eabi-4_8-2013q4/bin/../lib/gcc/arm-none-eabi/4.8.3/../../../../arm-none-eabi/lib/armv7e-m/softfp/libc_s.a(lib_a-findfp.o)
                0x0000000008002c2c                __sfp
 .text.__sfp_lock_acquire
                0x0000000008002ca0        0x2 /Users/yukisako/environment/gcc-arm-none-eabi-4_8-2013q4/bin/../lib/gcc/arm-none-eabi/4.8.3/../../../../arm-none-eabi/lib/armv7e-m/softfp/libc_s.a(lib_a-findfp.o)
                0x0000000008002ca0                __sfp_lock_acquire
 .text.__sfp_lock_release
                0x0000000008002ca2        0x2 /Users/yukisako/environment/gcc-arm-none-eabi-4_8-2013q4/bin/../lib/gcc/arm-none-eabi/4.8.3/../../../../arm-none-eabi/lib/armv7e-m/softfp/libc_s.a(lib_a-findfp.o)
                0x0000000008002ca2                __sfp_lock_release
 .text._fopen_r
                0x0000000008002ca4       0x80 /Users/yukisako/environment/gcc-arm-none-eabi-4_8-2013q4/bin/../lib/gcc/arm-none-eabi/4.8.3/../../../../arm-none-eabi/lib/armv7e-m/softfp/libc_s.a(lib_a-fopen.o)
                0x0000000008002ca4                _fopen_r
 .text.fopen    0x0000000008002d24       0x14 /Users/yukisako/environment/gcc-arm-none-eabi-4_8-2013q4/bin/../lib/gcc/arm-none-eabi/4.8.3/../../../../arm-none-eabi/lib/armv7e-m/softfp/libc_s.a(lib_a-fopen.o)
                0x0000000008002d24                fopen
 .text._fputc_r
                0x0000000008002d38       0x48 /Users/yukisako/environment/gcc-arm-none-eabi-4_8-2013q4/bin/../lib/gcc/arm-none-eabi/4.8.3/../../../../arm-none-eabi/lib/armv7e-m/softfp/libc_s.a(lib_a-fputc.o)
                0x0000000008002d38                _fputc_r
 .text.fputc    0x0000000008002d80       0x14 /Users/yukisako/environment/gcc-arm-none-eabi-4_8-2013q4/bin/../lib/gcc/arm-none-eabi/4.8.3/../../../../arm-none-eabi/lib/armv7e-m/softfp/libc_s.a(lib_a-fputc.o)
                0x0000000008002d80                fputc
 .text._fseek_r
                0x0000000008002d94        0x4 /Users/yukisako/environment/gcc-arm-none-eabi-4_8-2013q4/bin/../lib/gcc/arm-none-eabi/4.8.3/../../../../arm-none-eabi/lib/armv7e-m/softfp/libc_s.a(lib_a-fseek.o)
                0x0000000008002d94                _fseek_r
 .text._fseeko_r
                0x0000000008002d98      0x11c /Users/yukisako/environment/gcc-arm-none-eabi-4_8-2013q4/bin/../lib/gcc/arm-none-eabi/4.8.3/../../../../arm-none-eabi/lib/armv7e-m/softfp/libc_s.a(lib_a-fseeko.o)
                0x0000000008002d98                _fseeko_r
 .text._fwalk   0x0000000008002eb4       0x38 /Users/yukisako/environment/gcc-arm-none-eabi-4_8-2013q4/bin/../lib/gcc/arm-none-eabi/4.8.3/../../../../arm-none-eabi/lib/armv7e-m/softfp/libc_s.a(lib_a-fwalk.o)
                0x0000000008002eb4                _fwalk
 .text._fwalk_reent
                0x0000000008002eec       0x3c /Users/yukisako/environment/gcc-arm-none-eabi-4_8-2013q4/bin/../lib/gcc/arm-none-eabi/4.8.3/../../../../arm-none-eabi/lib/armv7e-m/softfp/libc_s.a(lib_a-fwalk.o)
                0x0000000008002eec                _fwalk_reent
 .text.__libc_init_array
                0x0000000008002f28       0x4c /Users/yukisako/environment/gcc-arm-none-eabi-4_8-2013q4/bin/../lib/gcc/arm-none-eabi/4.8.3/../../../../arm-none-eabi/lib/armv7e-m/softfp/libc_s.a(lib_a-init.o)
                0x0000000008002f28                __libc_init_array
 .text.__smakebuf_r
                0x0000000008002f74       0x9c /Users/yukisako/environment/gcc-arm-none-eabi-4_8-2013q4/bin/../lib/gcc/arm-none-eabi/4.8.3/../../../../arm-none-eabi/lib/armv7e-m/softfp/libc_s.a(lib_a-makebuf.o)
                0x0000000008002f74                __smakebuf_r
 .text.malloc   0x0000000008003010       0x10 /Users/yukisako/environment/gcc-arm-none-eabi-4_8-2013q4/bin/../lib/gcc/arm-none-eabi/4.8.3/../../../../arm-none-eabi/lib/armv7e-m/softfp/libc_s.a(lib_a-malloc.o)
                0x0000000008003010                malloc
 .text.free     0x0000000008003020       0x10 /Users/yukisako/environment/gcc-arm-none-eabi-4_8-2013q4/bin/../lib/gcc/arm-none-eabi/4.8.3/../../../../arm-none-eabi/lib/armv7e-m/softfp/libc_s.a(lib_a-malloc.o)
                0x0000000008003020                free
 .text.memchr   0x0000000008003030       0x1e /Users/yukisako/environment/gcc-arm-none-eabi-4_8-2013q4/bin/../lib/gcc/arm-none-eabi/4.8.3/../../../../arm-none-eabi/lib/armv7e-m/softfp/libc_s.a(lib_a-memchr-stub.o)
                0x0000000008003030                memchr
 .text.memcpy   0x000000000800304e       0x12 /Users/yukisako/environment/gcc-arm-none-eabi-4_8-2013q4/bin/../lib/gcc/arm-none-eabi/4.8.3/../../../../arm-none-eabi/lib/armv7e-m/softfp/libc_s.a(lib_a-memcpy-stub.o)
                0x000000000800304e                memcpy
 .text.memset   0x0000000008003060       0x10 /Users/yukisako/environment/gcc-arm-none-eabi-4_8-2013q4/bin/../lib/gcc/arm-none-eabi/4.8.3/../../../../arm-none-eabi/lib/armv7e-m/softfp/libc_s.a(lib_a-memset.o)
                0x0000000008003060                memset
 .text._free_r  0x0000000008003070       0x88 /Users/yukisako/environment/gcc-arm-none-eabi-4_8-2013q4/bin/../lib/gcc/arm-none-eabi/4.8.3/../../../../arm-none-eabi/lib/armv7e-m/softfp/libc_s.a(lib_a-nano-freer.o)
                0x0000000008003070                _free_r
 .text._malloc_r
                0x00000000080030f8       0xa8 /Users/yukisako/environment/gcc-arm-none-eabi-4_8-2013q4/bin/../lib/gcc/arm-none-eabi/4.8.3/../../../../arm-none-eabi/lib/armv7e-m/softfp/libc_s.a(lib_a-nano-mallocr.o)
                0x00000000080030f8                _malloc_r
 .text._open_r  0x00000000080031a0       0x24 /Users/yukisako/environment/gcc-arm-none-eabi-4_8-2013q4/bin/../lib/gcc/arm-none-eabi/4.8.3/../../../../arm-none-eabi/lib/armv7e-m/softfp/libc_s.a(lib_a-openr.o)
                0x00000000080031a0                _open_r
 .text._putc_r  0x00000000080031c4       0x78 /Users/yukisako/environment/gcc-arm-none-eabi-4_8-2013q4/bin/../lib/gcc/arm-none-eabi/4.8.3/../../../../arm-none-eabi/lib/armv7e-m/softfp/libc_s.a(lib_a-putc.o)
                0x00000000080031c4                _putc_r
 .text._puts_r  0x000000000800323c       0xc0 /Users/yukisako/environment/gcc-arm-none-eabi-4_8-2013q4/bin/../lib/gcc/arm-none-eabi/4.8.3/../../../../arm-none-eabi/lib/armv7e-m/softfp/libc_s.a(lib_a-puts.o)
                0x000000000800323c                _puts_r
 .text.puts     0x00000000080032fc       0x10 /Users/yukisako/environment/gcc-arm-none-eabi-4_8-2013q4/bin/../lib/gcc/arm-none-eabi/4.8.3/../../../../arm-none-eabi/lib/armv7e-m/softfp/libc_s.a(lib_a-puts.o)
                0x00000000080032fc                puts
 .text.lflush   0x000000000800330c       0x12 /Users/yukisako/environment/gcc-arm-none-eabi-4_8-2013q4/bin/../lib/gcc/arm-none-eabi/4.8.3/../../../../arm-none-eabi/lib/armv7e-m/softfp/libc_s.a(lib_a-refill.o)
 *fill*         0x000000000800331e        0x2 
 .text.__srefill_r
                0x0000000008003320      0x10c /Users/yukisako/environment/gcc-arm-none-eabi-4_8-2013q4/bin/../lib/gcc/arm-none-eabi/4.8.3/../../../../arm-none-eabi/lib/armv7e-m/softfp/libc_s.a(lib_a-refill.o)
                0x0000000008003320                __srefill_r
 .text.__srget_r
                0x000000000800342c       0x58 /Users/yukisako/environment/gcc-arm-none-eabi-4_8-2013q4/bin/../lib/gcc/arm-none-eabi/4.8.3/../../../../arm-none-eabi/lib/armv7e-m/softfp/libc_s.a(lib_a-rget.o)
                0x000000000800342c                __srget_r
 .text._sbrk_r  0x0000000008003484       0x20 /Users/yukisako/environment/gcc-arm-none-eabi-4_8-2013q4/bin/../lib/gcc/arm-none-eabi/4.8.3/../../../../arm-none-eabi/lib/armv7e-m/softfp/libc_s.a(lib_a-sbrkr.o)
                0x0000000008003484                _sbrk_r
 .text.setbuf   0x00000000080034a4       0x10 /Users/yukisako/environment/gcc-arm-none-eabi-4_8-2013q4/bin/../lib/gcc/arm-none-eabi/4.8.3/../../../../arm-none-eabi/lib/armv7e-m/softfp/libc_s.a(lib_a-setbuf.o)
                0x00000000080034a4                setbuf
 .text.setvbuf  0x00000000080034b4      0x110 /Users/yukisako/environment/gcc-arm-none-eabi-4_8-2013q4/bin/../lib/gcc/arm-none-eabi/4.8.3/../../../../arm-none-eabi/lib/armv7e-m/softfp/libc_s.a(lib_a-setvbuf.o)
                0x00000000080034b4                setvbuf
 .text.sprintf  0x00000000080035c4       0x48 /Users/yukisako/environment/gcc-arm-none-eabi-4_8-2013q4/bin/../lib/gcc/arm-none-eabi/4.8.3/../../../../arm-none-eabi/lib/armv7e-m/softfp/libc_s.a(lib_a-sprintf.o)
                0x00000000080035c4                sprintf
                0x00000000080035c4                siprintf
 .text.sscanf   0x000000000800360c       0x54 /Users/yukisako/environment/gcc-arm-none-eabi-4_8-2013q4/bin/../lib/gcc/arm-none-eabi/4.8.3/../../../../arm-none-eabi/lib/armv7e-m/softfp/libc_s.a(lib_a-sscanf.o)
                0x000000000800360c                sscanf
                0x000000000800360c                siscanf
 .text.__sread  0x0000000008003660       0x22 /Users/yukisako/environment/gcc-arm-none-eabi-4_8-2013q4/bin/../lib/gcc/arm-none-eabi/4.8.3/../../../../arm-none-eabi/lib/armv7e-m/softfp/libc_s.a(lib_a-stdio.o)
                0x0000000008003660                __sread
 .text.__seofread
                0x0000000008003682        0x4 /Users/yukisako/environment/gcc-arm-none-eabi-4_8-2013q4/bin/../lib/gcc/arm-none-eabi/4.8.3/../../../../arm-none-eabi/lib/armv7e-m/softfp/libc_s.a(lib_a-stdio.o)
                0x0000000008003682                __seofread
 .text.__swrite
                0x0000000008003686       0x38 /Users/yukisako/environment/gcc-arm-none-eabi-4_8-2013q4/bin/../lib/gcc/arm-none-eabi/4.8.3/../../../../arm-none-eabi/lib/armv7e-m/softfp/libc_s.a(lib_a-stdio.o)
                0x0000000008003686                __swrite
 .text.__sseek  0x00000000080036be       0x24 /Users/yukisako/environment/gcc-arm-none-eabi-4_8-2013q4/bin/../lib/gcc/arm-none-eabi/4.8.3/../../../../arm-none-eabi/lib/armv7e-m/softfp/libc_s.a(lib_a-stdio.o)
                0x00000000080036be                __sseek
 .text.__sclose
                0x00000000080036e2        0x8 /Users/yukisako/environment/gcc-arm-none-eabi-4_8-2013q4/bin/../lib/gcc/arm-none-eabi/4.8.3/../../../../arm-none-eabi/lib/armv7e-m/softfp/libc_s.a(lib_a-stdio.o)
                0x00000000080036e2                __sclose
 .text          0x00000000080036ea       0x14 /Users/yukisako/environment/gcc-arm-none-eabi-4_8-2013q4/bin/../lib/gcc/arm-none-eabi/4.8.3/../../../../arm-none-eabi/lib/armv7e-m/softfp/libc_s.a(lib_a-strcmp.o)
                0x00000000080036ea                strcmp
 .text.strlen   0x00000000080036fe       0x10 /Users/yukisako/environment/gcc-arm-none-eabi-4_8-2013q4/bin/../lib/gcc/arm-none-eabi/4.8.3/../../../../arm-none-eabi/lib/armv7e-m/softfp/libc_s.a(lib_a-strlen.o)
                0x00000000080036fe                strlen
 .text.strncmp  0x000000000800370e       0x2e /Users/yukisako/environment/gcc-arm-none-eabi-4_8-2013q4/bin/../lib/gcc/arm-none-eabi/4.8.3/../../../../arm-none-eabi/lib/armv7e-m/softfp/libc_s.a(lib_a-strncmp.o)
                0x000000000800370e                strncmp
 .text.__ssputs_r
                0x000000000800373c       0xb8 /Users/yukisako/environment/gcc-arm-none-eabi-4_8-2013q4/bin/../lib/gcc/arm-none-eabi/4.8.3/../../../../arm-none-eabi/lib/armv7e-m/softfp/libc_s.a(lib_a-svfprintf.o)
                0x000000000800373c                __ssputs_r
 .text._svfprintf_r
                0x00000000080037f4      0x1dc /Users/yukisako/environment/gcc-arm-none-eabi-4_8-2013q4/bin/../lib/gcc/arm-none-eabi/4.8.3/../../../../arm-none-eabi/lib/armv7e-m/softfp/libc_s.a(lib_a-svfprintf.o)
                0x00000000080037f4                _svfprintf_r
                0x00000000080037f4                _svfiprintf_r
 .text._sungetc_r
                0x00000000080039d0       0x7a /Users/yukisako/environment/gcc-arm-none-eabi-4_8-2013q4/bin/../lib/gcc/arm-none-eabi/4.8.3/../../../../arm-none-eabi/lib/armv7e-m/softfp/libc_s.a(lib_a-svfscanf.o)
                0x00000000080039d0                _sungetc_r
 .text.__ssrefill_r
                0x0000000008003a4a       0x3a /Users/yukisako/environment/gcc-arm-none-eabi-4_8-2013q4/bin/../lib/gcc/arm-none-eabi/4.8.3/../../../../arm-none-eabi/lib/armv7e-m/softfp/libc_s.a(lib_a-svfscanf.o)
                0x0000000008003a4a                __ssrefill_r
 .text.__ssvfscanf_r
                0x0000000008003a84      0x298 /Users/yukisako/environment/gcc-arm-none-eabi-4_8-2013q4/bin/../lib/gcc/arm-none-eabi/4.8.3/../../../../arm-none-eabi/lib/armv7e-m/softfp/libc_s.a(lib_a-svfscanf.o)
                0x0000000008003a84                __ssvfscanf_r
                0x0000000008003a84                __ssvfiscanf_r
 .text.__submore
                0x0000000008003d1c       0x76 /Users/yukisako/environment/gcc-arm-none-eabi-4_8-2013q4/bin/../lib/gcc/arm-none-eabi/4.8.3/../../../../arm-none-eabi/lib/armv7e-m/softfp/libc_s.a(lib_a-ungetc.o)
                0x0000000008003d1c                __submore
 .text.__sfputc_r
                0x0000000008003d92       0x2c /Users/yukisako/environment/gcc-arm-none-eabi-4_8-2013q4/bin/../lib/gcc/arm-none-eabi/4.8.3/../../../../arm-none-eabi/lib/armv7e-m/softfp/libc_s.a(lib_a-vfprintf.o)
 .text.__sfputs_r
                0x0000000008003dbe       0x24 /Users/yukisako/environment/gcc-arm-none-eabi-4_8-2013q4/bin/../lib/gcc/arm-none-eabi/4.8.3/../../../../arm-none-eabi/lib/armv7e-m/softfp/libc_s.a(lib_a-vfprintf.o)
                0x0000000008003dbe                __sfputs_r
 *fill*         0x0000000008003de2        0x2 
 .text._vfprintf_r
                0x0000000008003de4      0x208 /Users/yukisako/environment/gcc-arm-none-eabi-4_8-2013q4/bin/../lib/gcc/arm-none-eabi/4.8.3/../../../../arm-none-eabi/lib/armv7e-m/softfp/libc_s.a(lib_a-vfprintf.o)
                0x0000000008003de4                _vfiprintf_r
                0x0000000008003de4                _vfprintf_r
 .text.vfprintf
                0x0000000008003fec       0x1c /Users/yukisako/environment/gcc-arm-none-eabi-4_8-2013q4/bin/../lib/gcc/arm-none-eabi/4.8.3/../../../../arm-none-eabi/lib/armv7e-m/softfp/libc_s.a(lib_a-vfprintf.o)
                0x0000000008003fec                vfiprintf
                0x0000000008003fec                vfprintf
 .text.__cvt    0x0000000008004008       0xc0 /Users/yukisako/environment/gcc-arm-none-eabi-4_8-2013q4/bin/../lib/gcc/arm-none-eabi/4.8.3/../../../../arm-none-eabi/lib/armv7e-m/softfp/libc_s.a(lib_a-vfprintf_float.o)
                0x0000000008004008                __cvt
 .text.__exponent
                0x00000000080040c8       0x66 /Users/yukisako/environment/gcc-arm-none-eabi-4_8-2013q4/bin/../lib/gcc/arm-none-eabi/4.8.3/../../../../arm-none-eabi/lib/armv7e-m/softfp/libc_s.a(lib_a-vfprintf_float.o)
                0x00000000080040c8                __exponent
 *fill*         0x000000000800412e        0x2 
 .text._printf_float
                0x0000000008004130      0x41c /Users/yukisako/environment/gcc-arm-none-eabi-4_8-2013q4/bin/../lib/gcc/arm-none-eabi/4.8.3/../../../../arm-none-eabi/lib/armv7e-m/softfp/libc_s.a(lib_a-vfprintf_float.o)
                0x0000000008004130                _printf_float
 .text._printf_common
                0x000000000800454c       0xe4 /Users/yukisako/environment/gcc-arm-none-eabi-4_8-2013q4/bin/../lib/gcc/arm-none-eabi/4.8.3/../../../../arm-none-eabi/lib/armv7e-m/softfp/libc_s.a(lib_a-vfprintf_i.o)
                0x000000000800454c                _printf_common
 .text._printf_i
                0x0000000008004630      0x228 /Users/yukisako/environment/gcc-arm-none-eabi-4_8-2013q4/bin/../lib/gcc/arm-none-eabi/4.8.3/../../../../arm-none-eabi/lib/armv7e-m/softfp/libc_s.a(lib_a-vfprintf_i.o)
                0x0000000008004630                _printf_i
 .text._scanf_float
                0x0000000008004858      0x3d8 /Users/yukisako/environment/gcc-arm-none-eabi-4_8-2013q4/bin/../lib/gcc/arm-none-eabi/4.8.3/../../../../arm-none-eabi/lib/armv7e-m/softfp/libc_s.a(lib_a-vfscanf_float.o)
                0x0000000008004858                _scanf_float
 .text._scanf_chars
                0x0000000008004c30       0xc0 /Users/yukisako/environment/gcc-arm-none-eabi-4_8-2013q4/bin/../lib/gcc/arm-none-eabi/4.8.3/../../../../arm-none-eabi/lib/armv7e-m/softfp/libc_s.a(lib_a-vfscanf_i.o)
                0x0000000008004c30                _scanf_chars
 .text._scanf_i
                0x0000000008004cf0      0x1ec /Users/yukisako/environment/gcc-arm-none-eabi-4_8-2013q4/bin/../lib/gcc/arm-none-eabi/4.8.3/../../../../arm-none-eabi/lib/armv7e-m/softfp/libc_s.a(lib_a-vfscanf_i.o)
                0x0000000008004cf0                _scanf_i
 .text.__swbuf_r
                0x0000000008004edc       0xa8 /Users/yukisako/environment/gcc-arm-none-eabi-4_8-2013q4/bin/../lib/gcc/arm-none-eabi/4.8.3/../../../../arm-none-eabi/lib/armv7e-m/softfp/libc_s.a(lib_a-wbuf.o)
                0x0000000008004edc                __swbuf_r
 .text._write_r
                0x0000000008004f84       0x24 /Users/yukisako/environment/gcc-arm-none-eabi-4_8-2013q4/bin/../lib/gcc/arm-none-eabi/4.8.3/../../../../arm-none-eabi/lib/armv7e-m/softfp/libc_s.a(lib_a-writer.o)
                0x0000000008004f84                _write_r
 .text.__swsetup_r
                0x0000000008004fa8       0xdc /Users/yukisako/environment/gcc-arm-none-eabi-4_8-2013q4/bin/../lib/gcc/arm-none-eabi/4.8.3/../../../../arm-none-eabi/lib/armv7e-m/softfp/libc_s.a(lib_a-wsetup.o)
                0x0000000008004fa8                __swsetup_r
 .text._close_r
                0x0000000008005084       0x20 /Users/yukisako/environment/gcc-arm-none-eabi-4_8-2013q4/bin/../lib/gcc/arm-none-eabi/4.8.3/../../../../arm-none-eabi/lib/armv7e-m/softfp/libc_s.a(lib_a-closer.o)
                0x0000000008005084                _close_r
 .text.quorem   0x00000000080050a4      0x11a /Users/yukisako/environment/gcc-arm-none-eabi-4_8-2013q4/bin/../lib/gcc/arm-none-eabi/4.8.3/../../../../arm-none-eabi/lib/armv7e-m/softfp/libc_s.a(lib_a-dtoa.o)
 *fill*         0x00000000080051be        0x2 
 .text._dtoa_r  0x00000000080051c0      0xb70 /Users/yukisako/environment/gcc-arm-none-eabi-4_8-2013q4/bin/../lib/gcc/arm-none-eabi/4.8.3/../../../../arm-none-eabi/lib/armv7e-m/softfp/libc_s.a(lib_a-dtoa.o)
                0x00000000080051c0                _dtoa_r
 .text.__sflags
                0x0000000008005d30       0x6e /Users/yukisako/environment/gcc-arm-none-eabi-4_8-2013q4/bin/../lib/gcc/arm-none-eabi/4.8.3/../../../../arm-none-eabi/lib/armv7e-m/softfp/libc_s.a(lib_a-flags.o)
                0x0000000008005d30                __sflags
 *fill*         0x0000000008005d9e        0x2 
 .text._fstat_r
                0x0000000008005da0       0x24 /Users/yukisako/environment/gcc-arm-none-eabi-4_8-2013q4/bin/../lib/gcc/arm-none-eabi/4.8.3/../../../../arm-none-eabi/lib/armv7e-m/softfp/libc_s.a(lib_a-fstatr.o)
                0x0000000008005da0                _fstat_r
 .text._isatty_r
                0x0000000008005dc4       0x20 /Users/yukisako/environment/gcc-arm-none-eabi-4_8-2013q4/bin/../lib/gcc/arm-none-eabi/4.8.3/../../../../arm-none-eabi/lib/armv7e-m/softfp/libc_s.a(lib_a-isattyr.o)
                0x0000000008005dc4                _isatty_r
 .text._localeconv_r
                0x0000000008005de4        0x8 /Users/yukisako/environment/gcc-arm-none-eabi-4_8-2013q4/bin/../lib/gcc/arm-none-eabi/4.8.3/../../../../arm-none-eabi/lib/armv7e-m/softfp/libc_s.a(lib_a-locale.o)
                0x0000000008005de4                _localeconv_r
 .text._lseek_r
                0x0000000008005dec       0x24 /Users/yukisako/environment/gcc-arm-none-eabi-4_8-2013q4/bin/../lib/gcc/arm-none-eabi/4.8.3/../../../../arm-none-eabi/lib/armv7e-m/softfp/libc_s.a(lib_a-lseekr.o)
                0x0000000008005dec                _lseek_r
 .text.memmove  0x0000000008005e10       0x36 /Users/yukisako/environment/gcc-arm-none-eabi-4_8-2013q4/bin/../lib/gcc/arm-none-eabi/4.8.3/../../../../arm-none-eabi/lib/armv7e-m/softfp/libc_s.a(lib_a-memmove.o)
                0x0000000008005e10                memmove
 .text._Balloc  0x0000000008005e46       0x6a /Users/yukisako/environment/gcc-arm-none-eabi-4_8-2013q4/bin/../lib/gcc/arm-none-eabi/4.8.3/../../../../arm-none-eabi/lib/armv7e-m/softfp/libc_s.a(lib_a-mprec.o)
                0x0000000008005e46                _Balloc
 .text._Bfree   0x0000000008005eb0       0x2e /Users/yukisako/environment/gcc-arm-none-eabi-4_8-2013q4/bin/../lib/gcc/arm-none-eabi/4.8.3/../../../../arm-none-eabi/lib/armv7e-m/softfp/libc_s.a(lib_a-mprec.o)
                0x0000000008005eb0                _Bfree
 .text.__multadd
                0x0000000008005ede       0x74 /Users/yukisako/environment/gcc-arm-none-eabi-4_8-2013q4/bin/../lib/gcc/arm-none-eabi/4.8.3/../../../../arm-none-eabi/lib/armv7e-m/softfp/libc_s.a(lib_a-mprec.o)
                0x0000000008005ede                __multadd
 .text.__s2b    0x0000000008005f52       0x84 /Users/yukisako/environment/gcc-arm-none-eabi-4_8-2013q4/bin/../lib/gcc/arm-none-eabi/4.8.3/../../../../arm-none-eabi/lib/armv7e-m/softfp/libc_s.a(lib_a-mprec.o)
                0x0000000008005f52                __s2b
 .text.__hi0bits
                0x0000000008005fd6       0x40 /Users/yukisako/environment/gcc-arm-none-eabi-4_8-2013q4/bin/../lib/gcc/arm-none-eabi/4.8.3/../../../../arm-none-eabi/lib/armv7e-m/softfp/libc_s.a(lib_a-mprec.o)
                0x0000000008005fd6                __hi0bits
 .text.__lo0bits
                0x0000000008006016       0x5a /Users/yukisako/environment/gcc-arm-none-eabi-4_8-2013q4/bin/../lib/gcc/arm-none-eabi/4.8.3/../../../../arm-none-eabi/lib/armv7e-m/softfp/libc_s.a(lib_a-mprec.o)
                0x0000000008006016                __lo0bits
 .text.__i2b    0x0000000008006070       0x12 /Users/yukisako/environment/gcc-arm-none-eabi-4_8-2013q4/bin/../lib/gcc/arm-none-eabi/4.8.3/../../../../arm-none-eabi/lib/armv7e-m/softfp/libc_s.a(lib_a-mprec.o)
                0x0000000008006070                __i2b
 .text.__multiply
                0x0000000008006082      0x130 /Users/yukisako/environment/gcc-arm-none-eabi-4_8-2013q4/bin/../lib/gcc/arm-none-eabi/4.8.3/../../../../arm-none-eabi/lib/armv7e-m/softfp/libc_s.a(lib_a-mprec.o)
                0x0000000008006082                __multiply
 *fill*         0x00000000080061b2        0x2 
 .text.__pow5mult
                0x00000000080061b4       0x9c /Users/yukisako/environment/gcc-arm-none-eabi-4_8-2013q4/bin/../lib/gcc/arm-none-eabi/4.8.3/../../../../arm-none-eabi/lib/armv7e-m/softfp/libc_s.a(lib_a-mprec.o)
                0x00000000080061b4                __pow5mult
 .text.__lshift
                0x0000000008006250       0xa6 /Users/yukisako/environment/gcc-arm-none-eabi-4_8-2013q4/bin/../lib/gcc/arm-none-eabi/4.8.3/../../../../arm-none-eabi/lib/armv7e-m/softfp/libc_s.a(lib_a-mprec.o)
                0x0000000008006250                __lshift
 .text.__mcmp   0x00000000080062f6       0x3a /Users/yukisako/environment/gcc-arm-none-eabi-4_8-2013q4/bin/../lib/gcc/arm-none-eabi/4.8.3/../../../../arm-none-eabi/lib/armv7e-m/softfp/libc_s.a(lib_a-mprec.o)
                0x00000000080062f6                __mcmp
 .text.__mdiff  0x0000000008006330       0xbc /Users/yukisako/environment/gcc-arm-none-eabi-4_8-2013q4/bin/../lib/gcc/arm-none-eabi/4.8.3/../../../../arm-none-eabi/lib/armv7e-m/softfp/libc_s.a(lib_a-mprec.o)
                0x0000000008006330                __mdiff
 .text.__ulp    0x00000000080063ec       0x44 /Users/yukisako/environment/gcc-arm-none-eabi-4_8-2013q4/bin/../lib/gcc/arm-none-eabi/4.8.3/../../../../arm-none-eabi/lib/armv7e-m/softfp/libc_s.a(lib_a-mprec.o)
                0x00000000080063ec                __ulp
 .text.__b2d    0x0000000008006430       0xa6 /Users/yukisako/environment/gcc-arm-none-eabi-4_8-2013q4/bin/../lib/gcc/arm-none-eabi/4.8.3/../../../../arm-none-eabi/lib/armv7e-m/softfp/libc_s.a(lib_a-mprec.o)
                0x0000000008006430                __b2d
 .text.__d2b    0x00000000080064d6       0xa4 /Users/yukisako/environment/gcc-arm-none-eabi-4_8-2013q4/bin/../lib/gcc/arm-none-eabi/4.8.3/../../../../arm-none-eabi/lib/armv7e-m/softfp/libc_s.a(lib_a-mprec.o)
                0x00000000080064d6                __d2b
 .text.__ratio  0x000000000800657a       0x4a /Users/yukisako/environment/gcc-arm-none-eabi-4_8-2013q4/bin/../lib/gcc/arm-none-eabi/4.8.3/../../../../arm-none-eabi/lib/armv7e-m/softfp/libc_s.a(lib_a-mprec.o)
                0x000000000800657a                __ratio
 .text.__copybits
                0x00000000080065c4       0x32 /Users/yukisako/environment/gcc-arm-none-eabi-4_8-2013q4/bin/../lib/gcc/arm-none-eabi/4.8.3/../../../../arm-none-eabi/lib/armv7e-m/softfp/libc_s.a(lib_a-mprec.o)
                0x00000000080065c4                __copybits
 .text.__any_on
                0x00000000080065f6       0x48 /Users/yukisako/environment/gcc-arm-none-eabi-4_8-2013q4/bin/../lib/gcc/arm-none-eabi/4.8.3/../../../../arm-none-eabi/lib/armv7e-m/softfp/libc_s.a(lib_a-mprec.o)
                0x00000000080065f6                __any_on
 .text._calloc_r
                0x000000000800663e       0x1c /Users/yukisako/environment/gcc-arm-none-eabi-4_8-2013q4/bin/../lib/gcc/arm-none-eabi/4.8.3/../../../../arm-none-eabi/lib/armv7e-m/softfp/libc_s.a(lib_a-nano-callocr.o)
                0x000000000800663e                _calloc_r
 .text._realloc_r
                0x000000000800665a       0x4c /Users/yukisako/environment/gcc-arm-none-eabi-4_8-2013q4/bin/../lib/gcc/arm-none-eabi/4.8.3/../../../../arm-none-eabi/lib/armv7e-m/softfp/libc_s.a(lib_a-nano-reallocr.o)
                0x000000000800665a                _realloc_r
 *fill*         0x00000000080066a6        0x2 
 .text._read_r  0x00000000080066a8       0x24 /Users/yukisako/environment/gcc-arm-none-eabi-4_8-2013q4/bin/../lib/gcc/arm-none-eabi/4.8.3/../../../../arm-none-eabi/lib/armv7e-m/softfp/libc_s.a(lib_a-readr.o)
                0x00000000080066a8                _read_r
 .text.__fpclassifyd
                0x00000000080066cc       0x44 /Users/yukisako/environment/gcc-arm-none-eabi-4_8-2013q4/bin/../lib/gcc/arm-none-eabi/4.8.3/../../../../arm-none-eabi/lib/armv7e-m/softfp/libc_s.a(lib_a-s_fpclassify.o)
                0x00000000080066cc                __fpclassifyd
 .text.__sccl   0x0000000008006710       0x64 /Users/yukisako/environment/gcc-arm-none-eabi-4_8-2013q4/bin/../lib/gcc/arm-none-eabi/4.8.3/../../../../arm-none-eabi/lib/armv7e-m/softfp/libc_s.a(lib_a-sccl.o)
                0x0000000008006710                __sccl
 .text.nanf     0x0000000008006774        0x8 /Users/yukisako/environment/gcc-arm-none-eabi-4_8-2013q4/bin/../lib/gcc/arm-none-eabi/4.8.3/../../../../arm-none-eabi/lib/armv7e-m/softfp/libc_s.a(lib_a-sf_nan.o)
                0x0000000008006774                nanf
 .text.match    0x000000000800677c       0x2a /Users/yukisako/environment/gcc-arm-none-eabi-4_8-2013q4/bin/../lib/gcc/arm-none-eabi/4.8.3/../../../../arm-none-eabi/lib/armv7e-m/softfp/libc_s.a(lib_a-strtod.o)
 .text.sulp     0x00000000080067a6       0x3e /Users/yukisako/environment/gcc-arm-none-eabi-4_8-2013q4/bin/../lib/gcc/arm-none-eabi/4.8.3/../../../../arm-none-eabi/lib/armv7e-m/softfp/libc_s.a(lib_a-strtod.o)
 *fill*         0x00000000080067e4        0x4 
 .text._strtod_r
                0x00000000080067e8      0xc38 /Users/yukisako/environment/gcc-arm-none-eabi-4_8-2013q4/bin/../lib/gcc/arm-none-eabi/4.8.3/../../../../arm-none-eabi/lib/armv7e-m/softfp/libc_s.a(lib_a-strtod.o)
                0x00000000080067e8                _strtod_r
 .text._strtol_r
                0x0000000008007420      0x104 /Users/yukisako/environment/gcc-arm-none-eabi-4_8-2013q4/bin/../lib/gcc/arm-none-eabi/4.8.3/../../../../arm-none-eabi/lib/armv7e-m/softfp/libc_s.a(lib_a-strtol.o)
                0x0000000008007420                _strtol_r
 .text._strtoul_r
                0x0000000008007524       0xf0 /Users/yukisako/environment/gcc-arm-none-eabi-4_8-2013q4/bin/../lib/gcc/arm-none-eabi/4.8.3/../../../../arm-none-eabi/lib/armv7e-m/softfp/libc_s.a(lib_a-strtoul.o)
                0x0000000008007524                _strtoul_r
 .text.rshift   0x0000000008007614       0x6a /Users/yukisako/environment/gcc-arm-none-eabi-4_8-2013q4/bin/../lib/gcc/arm-none-eabi/4.8.3/../../../../arm-none-eabi/lib/armv7e-m/softfp/libc_s.a(lib_a-gdtoa-gethex.o)
 .text.__hexdig_fun
                0x000000000800767e       0x30 /Users/yukisako/environment/gcc-arm-none-eabi-4_8-2013q4/bin/../lib/gcc/arm-none-eabi/4.8.3/../../../../arm-none-eabi/lib/armv7e-m/softfp/libc_s.a(lib_a-gdtoa-gethex.o)
                0x000000000800767e                __hexdig_fun
 .text.__gethex
                0x00000000080076ae      0x45e /Users/yukisako/environment/gcc-arm-none-eabi-4_8-2013q4/bin/../lib/gcc/arm-none-eabi/4.8.3/../../../../arm-none-eabi/lib/armv7e-m/softfp/libc_s.a(lib_a-gdtoa-gethex.o)
                0x00000000080076ae                __gethex
 .text.L_shift  0x0000000008007b0c       0x26 /Users/yukisako/environment/gcc-arm-none-eabi-4_8-2013q4/bin/../lib/gcc/arm-none-eabi/4.8.3/../../../../arm-none-eabi/lib/armv7e-m/softfp/libc_s.a(lib_a-gdtoa-hexnan.o)
 .text.__hexnan
                0x0000000008007b32      0x120 /Users/yukisako/environment/gcc-arm-none-eabi-4_8-2013q4/bin/../lib/gcc/arm-none-eabi/4.8.3/../../../../arm-none-eabi/lib/armv7e-m/softfp/libc_s.a(lib_a-gdtoa-hexnan.o)
                0x0000000008007b32                __hexnan
 .text._malloc_usable_size_r
                0x0000000008007c52       0x12 /Users/yukisako/environment/gcc-arm-none-eabi-4_8-2013q4/bin/../lib/gcc/arm-none-eabi/4.8.3/../../../../arm-none-eabi/lib/armv7e-m/softfp/libc_s.a(lib_a-nano-msizer.o)
                0x0000000008007c52                _malloc_usable_size_r
 .text          0x0000000008007c64      0x370 /Users/yukisako/environment/gcc-arm-none-eabi-4_8-2013q4/bin/../lib/gcc/arm-none-eabi/4.8.3/armv7e-m/softfp/libgcc.a(_arm_addsubdf3.o)
                0x0000000008007c64                __aeabi_drsub
                0x0000000008007c6c                __subdf3
                0x0000000008007c6c                __aeabi_dsub
                0x0000000008007c70                __aeabi_dadd
                0x0000000008007c70                __adddf3
                0x0000000008007ee8                __aeabi_ui2d
                0x0000000008007ee8                __floatunsidf
                0x0000000008007f08                __floatsidf
                0x0000000008007f08                __aeabi_i2d
                0x0000000008007f2c                __extendsfdf2
                0x0000000008007f2c                __aeabi_f2d
                0x0000000008007f68                __aeabi_ul2d
                0x0000000008007f68                __floatundidf
                0x0000000008007f78                __aeabi_l2d
                0x0000000008007f78                __floatdidf
 .text          0x0000000008007fd4      0x424 /Users/yukisako/environment/gcc-arm-none-eabi-4_8-2013q4/bin/../lib/gcc/arm-none-eabi/4.8.3/armv7e-m/softfp/libgcc.a(_arm_muldivdf3.o)
                0x0000000008007fd4                __aeabi_dmul
                0x0000000008007fd4                __muldf3
                0x0000000008008228                __aeabi_ddiv
                0x0000000008008228                __divdf3
 .text          0x00000000080083f8      0x110 /Users/yukisako/environment/gcc-arm-none-eabi-4_8-2013q4/bin/../lib/gcc/arm-none-eabi/4.8.3/armv7e-m/softfp/libgcc.a(_arm_cmpdf2.o)
                0x00000000080083f8                __gtdf2
                0x00000000080083f8                __gedf2
                0x0000000008008400                __ltdf2
                0x0000000008008400                __ledf2
                0x0000000008008408                __eqdf2
                0x0000000008008408                __nedf2
                0x0000000008008408                __cmpdf2
                0x0000000008008484                __aeabi_cdrcmple
                0x0000000008008494                __aeabi_cdcmple
                0x0000000008008494                __aeabi_cdcmpeq
                0x00000000080084a4                __aeabi_dcmpeq
                0x00000000080084b8                __aeabi_dcmplt
                0x00000000080084cc                __aeabi_dcmple
                0x00000000080084e0                __aeabi_dcmpge
                0x00000000080084f4                __aeabi_dcmpgt
 .text          0x0000000008008508       0x50 /Users/yukisako/environment/gcc-arm-none-eabi-4_8-2013q4/bin/../lib/gcc/arm-none-eabi/4.8.3/armv7e-m/softfp/libgcc.a(_arm_fixdfsi.o)
                0x0000000008008508                __fixdfsi
                0x0000000008008508                __aeabi_d2iz
 .text          0x0000000008008558       0x40 /Users/yukisako/environment/gcc-arm-none-eabi-4_8-2013q4/bin/../lib/gcc/arm-none-eabi/4.8.3/armv7e-m/softfp/libgcc.a(_arm_fixunsdfsi.o)
                0x0000000008008558                __fixunsdfsi
                0x0000000008008558                __aeabi_d2uiz
 .text          0x0000000008008598       0xa0 /Users/yukisako/environment/gcc-arm-none-eabi-4_8-2013q4/bin/../lib/gcc/arm-none-eabi/4.8.3/armv7e-m/softfp/libgcc.a(_arm_truncdfsf2.o)
                0x0000000008008598                __aeabi_d2f
                0x0000000008008598                __truncdfsf2
 *(.init)
 .init          0x0000000008008638        0x4 /Users/yukisako/environment/gcc-arm-none-eabi-4_8-2013q4/bin/../lib/gcc/arm-none-eabi/4.8.3/armv7e-m/softfp/crti.o
                0x0000000008008638                _init
 .init          0x000000000800863c        0x8 /Users/yukisako/environment/gcc-arm-none-eabi-4_8-2013q4/bin/../lib/gcc/arm-none-eabi/4.8.3/armv7e-m/softfp/crtn.o
 *(.fini)
 .fini          0x0000000008008644        0x4 /Users/yukisako/environment/gcc-arm-none-eabi-4_8-2013q4/bin/../lib/gcc/arm-none-eabi/4.8.3/armv7e-m/softfp/crti.o
                0x0000000008008644                _fini
 .fini          0x0000000008008648        0x8 /Users/yukisako/environment/gcc-arm-none-eabi-4_8-2013q4/bin/../lib/gcc/arm-none-eabi/4.8.3/armv7e-m/softfp/crtn.o
 *crtbegin.o(.ctors)
 *crtbegin?.o(.ctors)
 *(EXCLUDE_FILE(*crtend.o *crtend?.o) .ctors)
 *(SORT(.ctors.*))
 *(.ctors)
 *crtbegin.o(.dtors)
 *crtbegin?.o(.dtors)
 *(EXCLUDE_FILE(*crtend.o *crtend?.o) .dtors)
 *(SORT(.dtors.*))
 *(.dtors)
 *(.rodata*)
 .rodata._ZTVN4mbed10SerialBaseE
                0x0000000008008650       0x10 main.o
                0x0000000008008650                vtable for mbed::SerialBase
 .rodata.str1.1
                0x0000000008008660        0xb main.o
 *fill*         0x000000000800866b        0x1 
 .rodata.str1.4
                0x000000000800866c       0x86 mbed/TARGET_NUCLEO_F401RE/TOOLCHAIN_GCC_ARM/board.o
                                         0x88 (size before relaxing)
 *fill*         0x00000000080086f2        0x2 
 .rodata.__stdin_name
                0x00000000080086f4        0x8 mbed/TARGET_NUCLEO_F401RE/TOOLCHAIN_GCC_ARM/retarget.o
                0x00000000080086f4                __stdin_name
 .rodata.__stderr_name
                0x00000000080086fc        0x8 mbed/TARGET_NUCLEO_F401RE/TOOLCHAIN_GCC_ARM/retarget.o
                0x00000000080086fc                __stderr_name
 .rodata.__stdout_name
                0x0000000008008704        0x8 mbed/TARGET_NUCLEO_F401RE/TOOLCHAIN_GCC_ARM/retarget.o
                0x0000000008008704                __stdout_name
 *fill*         0x000000000800870c        0x4 
 .rodata._ZTVN4mbed10FileHandleE
                0x0000000008008710       0x30 mbed/TARGET_NUCLEO_F401RE/TOOLCHAIN_GCC_ARM/retarget.o
                0x0000000008008710                vtable for mbed::FileHandle
 .rodata.str1.4
                0x0000000008008740        0xe mbed/TARGET_NUCLEO_F401RE/TOOLCHAIN_GCC_ARM/retarget.o
                                         0x10 (size before relaxing)
 *fill*         0x000000000800874e        0x2 
 .rodata.APBAHBPrescTable
                0x0000000008008750       0x10 mbed/TARGET_NUCLEO_F401RE/TOOLCHAIN_GCC_ARM/stm32f4xx_hal_rcc.o
                0x0000000008008750                APBAHBPrescTable
 .rodata.AHBPrescTable
                0x0000000008008760       0x10 mbed/TARGET_NUCLEO_F401RE/TOOLCHAIN_GCC_ARM/system_stm32f4xx.o
                0x0000000008008760                AHBPrescTable
 .rodata.gpio_mode
                0x0000000008008770       0x34 ./mbed/TARGET_NUCLEO_F401RE/TOOLCHAIN_GCC_ARM/libmbed.a(pinmap.o)
 .rodata.str1.4
                0x00000000080087a4       0x9c ./mbed/TARGET_NUCLEO_F401RE/TOOLCHAIN_GCC_ARM/libmbed.a(pinmap.o)
 .rodata.str1.4
                0x0000000008008840       0xb1 ./mbed/TARGET_NUCLEO_F401RE/TOOLCHAIN_GCC_ARM/libmbed.a(pwmout_api.o)
                                         0xb4 (size before relaxing)
 *fill*         0x00000000080088f1        0x3 
 .rodata.str1.4
                0x00000000080088f4       0x9c ./mbed/TARGET_NUCLEO_F401RE/TOOLCHAIN_GCC_ARM/libmbed.a(serial_api.o)
 .rodata._ZTVN4mbed6SerialE
                0x0000000008008990       0x60 ./mbed/TARGET_NUCLEO_F401RE/TOOLCHAIN_GCC_ARM/libmbed.a(Serial.o)
                0x0000000008008990                vtable for mbed::Serial
 .rodata._ZTVN4mbed6StreamE
                0x00000000080089f0       0x48 ./mbed/TARGET_NUCLEO_F401RE/TOOLCHAIN_GCC_ARM/libmbed.a(Stream.o)
                0x00000000080089f0                vtable for mbed::Stream
 .rodata.str1.4
                0x0000000008008a38        0x3 ./mbed/TARGET_NUCLEO_F401RE/TOOLCHAIN_GCC_ARM/libmbed.a(Stream.o)
                                          0x8 (size before relaxing)
 *fill*         0x0000000008008a3b        0x1 
 .rodata.str1.4
                0x0000000008008a3c       0x31 ./mbed/TARGET_NUCLEO_F401RE/TOOLCHAIN_GCC_ARM/libmbed.a(assert.o)
                                         0x34 (size before relaxing)
 .rodata.str1.4
                0x0000000000000000       0x88 ./mbed/TARGET_NUCLEO_F401RE/TOOLCHAIN_GCC_ARM/libmbed.a(gpio.o)
 *fill*         0x0000000008008a6d        0x3 
 .rodata.str1.4
                0x0000000008008a70       0x66 ./mbed/TARGET_NUCLEO_F401RE/TOOLCHAIN_GCC_ARM/libmbed.a(pinmap_common.o)
                                         0x68 (size before relaxing)
 *fill*         0x0000000008008ad6        0x2 
 .rodata.us_interface
                0x0000000008008ad8       0x14 ./mbed/TARGET_NUCLEO_F401RE/TOOLCHAIN_GCC_ARM/libmbed.a(us_ticker_api.o)
 .rodata.us_data
                0x0000000008008aec        0x8 ./mbed/TARGET_NUCLEO_F401RE/TOOLCHAIN_GCC_ARM/libmbed.a(us_ticker_api.o)
 .rodata.PinMap_UART_RX
                0x0000000008008af4       0x48 ./mbed/TARGET_NUCLEO_F401RE/TOOLCHAIN_GCC_ARM/libmbed.a(PeripheralPins.o)
                0x0000000008008af4                PinMap_UART_RX
 .rodata.PinMap_PWM
                0x0000000008008b3c      0x168 ./mbed/TARGET_NUCLEO_F401RE/TOOLCHAIN_GCC_ARM/libmbed.a(PeripheralPins.o)
                0x0000000008008b3c                PinMap_PWM
 .rodata.PinMap_UART_TX
                0x0000000008008ca4       0x48 ./mbed/TARGET_NUCLEO_F401RE/TOOLCHAIN_GCC_ARM/libmbed.a(PeripheralPins.o)
                0x0000000008008ca4                PinMap_UART_TX
 .rodata.str1.4
                0x0000000008008cec       0x68 ./mbed/TARGET_NUCLEO_F401RE/TOOLCHAIN_GCC_ARM/libmbed.a(gpio_api.o)
                                         0x94 (size before relaxing)
 *fill*         0x0000000008008d54        0x4 
 .rodata._ZTVN4mbed8FileLikeE
                0x0000000008008d58       0x40 ./mbed/TARGET_NUCLEO_F401RE/TOOLCHAIN_GCC_ARM/libmbed.a(FileLike.o)
                0x0000000008008d58                vtable for mbed::FileLike
 .rodata._ZTVN4mbed8FileBaseE
                0x0000000008008d98       0x10 ./mbed/TARGET_NUCLEO_F401RE/TOOLCHAIN_GCC_ARM/libmbed.a(FileBase.o)
                0x0000000008008d98                vtable for mbed::FileBase
 .rodata.__sf_fake_stdin
                0x0000000008008da8       0x20 /Users/yukisako/environment/gcc-arm-none-eabi-4_8-2013q4/bin/../lib/gcc/arm-none-eabi/4.8.3/../../../../arm-none-eabi/lib/armv7e-m/softfp/libc_s.a(lib_a-findfp.o)
                0x0000000008008da8                __sf_fake_stdin
 .rodata.__sf_fake_stdout
                0x0000000008008dc8       0x20 /Users/yukisako/environment/gcc-arm-none-eabi-4_8-2013q4/bin/../lib/gcc/arm-none-eabi/4.8.3/../../../../arm-none-eabi/lib/armv7e-m/softfp/libc_s.a(lib_a-findfp.o)
                0x0000000008008dc8                __sf_fake_stdout
 .rodata.__sf_fake_stderr
                0x0000000008008de8       0x20 /Users/yukisako/environment/gcc-arm-none-eabi-4_8-2013q4/bin/../lib/gcc/arm-none-eabi/4.8.3/../../../../arm-none-eabi/lib/armv7e-m/softfp/libc_s.a(lib_a-findfp.o)
                0x0000000008008de8                __sf_fake_stderr
 .rodata.str1.1
                0x0000000008008e08        0x2 /Users/yukisako/environment/gcc-arm-none-eabi-4_8-2013q4/bin/../lib/gcc/arm-none-eabi/4.8.3/../../../../arm-none-eabi/lib/armv7e-m/softfp/libc_s.a(lib_a-impure.o)
 *fill*         0x0000000008008e0a        0x2 
 .rodata._global_impure_ptr
                0x0000000008008e0c        0x4 /Users/yukisako/environment/gcc-arm-none-eabi-4_8-2013q4/bin/../lib/gcc/arm-none-eabi/4.8.3/../../../../arm-none-eabi/lib/armv7e-m/softfp/libc_s.a(lib_a-impure.o)
                0x0000000008008e0c                _global_impure_ptr
 .rodata.str1.1
                0x0000000008008e10       0x11 /Users/yukisako/environment/gcc-arm-none-eabi-4_8-2013q4/bin/../lib/gcc/arm-none-eabi/4.8.3/../../../../arm-none-eabi/lib/armv7e-m/softfp/libc_s.a(lib_a-svfprintf.o)
 .rodata.str1.1
                0x0000000000000000        0x4 /Users/yukisako/environment/gcc-arm-none-eabi-4_8-2013q4/bin/../lib/gcc/arm-none-eabi/4.8.3/../../../../arm-none-eabi/lib/armv7e-m/softfp/libc_s.a(lib_a-svfscanf.o)
 .rodata.str1.1
                0x0000000000000000       0x11 /Users/yukisako/environment/gcc-arm-none-eabi-4_8-2013q4/bin/../lib/gcc/arm-none-eabi/4.8.3/../../../../arm-none-eabi/lib/armv7e-m/softfp/libc_s.a(lib_a-vfprintf.o)
 .rodata.str1.1
                0x0000000008008e21       0x10 /Users/yukisako/environment/gcc-arm-none-eabi-4_8-2013q4/bin/../lib/gcc/arm-none-eabi/4.8.3/../../../../arm-none-eabi/lib/armv7e-m/softfp/libc_s.a(lib_a-vfprintf_float.o)
                                         0x12 (size before relaxing)
 .rodata.str1.1
                0x0000000008008e31       0x22 /Users/yukisako/environment/gcc-arm-none-eabi-4_8-2013q4/bin/../lib/gcc/arm-none-eabi/4.8.3/../../../../arm-none-eabi/lib/armv7e-m/softfp/libc_s.a(lib_a-vfprintf_i.o)
 .rodata.str1.1
                0x0000000008008e53        0x5 /Users/yukisako/environment/gcc-arm-none-eabi-4_8-2013q4/bin/../lib/gcc/arm-none-eabi/4.8.3/../../../../arm-none-eabi/lib/armv7e-m/softfp/libc_s.a(lib_a-vfscanf_float.o)
 .rodata        0x0000000008008e58        0xc /Users/yukisako/environment/gcc-arm-none-eabi-4_8-2013q4/bin/../lib/gcc/arm-none-eabi/4.8.3/../../../../arm-none-eabi/lib/armv7e-m/softfp/libc_s.a(lib_a-vfscanf_i.o)
 .rodata.str1.1
                0x0000000008008e64       0x1b /Users/yukisako/environment/gcc-arm-none-eabi-4_8-2013q4/bin/../lib/gcc/arm-none-eabi/4.8.3/../../../../arm-none-eabi/lib/armv7e-m/softfp/libc_s.a(lib_a-vfscanf_i.o)
 .rodata._ctype_
                0x0000000008008e7f      0x101 /Users/yukisako/environment/gcc-arm-none-eabi-4_8-2013q4/bin/../lib/gcc/arm-none-eabi/4.8.3/../../../../arm-none-eabi/lib/armv7e-m/softfp/libc_s.a(lib_a-ctype_.o)
                0x0000000008008e7f                _ctype_
 .rodata.str1.1
                0x0000000008008f80        0xd /Users/yukisako/environment/gcc-arm-none-eabi-4_8-2013q4/bin/../lib/gcc/arm-none-eabi/4.8.3/../../../../arm-none-eabi/lib/armv7e-m/softfp/libc_s.a(lib_a-dtoa.o)
                                          0xf (size before relaxing)
 .rodata.str1.1
                0x0000000008008f8d        0x8 /Users/yukisako/environment/gcc-arm-none-eabi-4_8-2013q4/bin/../lib/gcc/arm-none-eabi/4.8.3/../../../../arm-none-eabi/lib/armv7e-m/softfp/libc_s.a(lib_a-locale.o)
                                          0xb (size before relaxing)
 *fill*         0x0000000008008f95        0x3 
 .rodata.__mprec_tens
                0x0000000008008f98       0xc8 /Users/yukisako/environment/gcc-arm-none-eabi-4_8-2013q4/bin/../lib/gcc/arm-none-eabi/4.8.3/../../../../arm-none-eabi/lib/armv7e-m/softfp/libc_s.a(lib_a-mprec.o)
                0x0000000008008f98                __mprec_tens
 .rodata.p05.5300
                0x0000000008009060        0xc /Users/yukisako/environment/gcc-arm-none-eabi-4_8-2013q4/bin/../lib/gcc/arm-none-eabi/4.8.3/../../../../arm-none-eabi/lib/armv7e-m/softfp/libc_s.a(lib_a-mprec.o)
 *fill*         0x000000000800906c        0x4 
 .rodata.__mprec_bigtens
                0x0000000008009070       0x28 /Users/yukisako/environment/gcc-arm-none-eabi-4_8-2013q4/bin/../lib/gcc/arm-none-eabi/4.8.3/../../../../arm-none-eabi/lib/armv7e-m/softfp/libc_s.a(lib_a-mprec.o)
                0x0000000008009070                __mprec_bigtens
 .rodata.fpinan.5301
                0x0000000008009098       0x14 /Users/yukisako/environment/gcc-arm-none-eabi-4_8-2013q4/bin/../lib/gcc/arm-none-eabi/4.8.3/../../../../arm-none-eabi/lib/armv7e-m/softfp/libc_s.a(lib_a-strtod.o)
 .rodata.str1.1
                0x0000000000000000        0x8 /Users/yukisako/environment/gcc-arm-none-eabi-4_8-2013q4/bin/../lib/gcc/arm-none-eabi/4.8.3/../../../../arm-none-eabi/lib/armv7e-m/softfp/libc_s.a(lib_a-strtod.o)
                                          0xc (size before relaxing)
 .rodata.fpi.5265
                0x00000000080090ac       0x14 /Users/yukisako/environment/gcc-arm-none-eabi-4_8-2013q4/bin/../lib/gcc/arm-none-eabi/4.8.3/../../../../arm-none-eabi/lib/armv7e-m/softfp/libc_s.a(lib_a-strtod.o)
 .rodata.tinytens
                0x00000000080090c0       0x28 /Users/yukisako/environment/gcc-arm-none-eabi-4_8-2013q4/bin/../lib/gcc/arm-none-eabi/4.8.3/../../../../arm-none-eabi/lib/armv7e-m/softfp/libc_s.a(lib_a-strtod.o)
 *(.eh_frame*)
 .eh_frame      0x00000000080090e8        0x0 /Users/yukisako/environment/gcc-arm-none-eabi-4_8-2013q4/bin/../lib/gcc/arm-none-eabi/4.8.3/armv7e-m/softfp/crtbegin.o
 .eh_frame      0x00000000080090e8        0x4 /Users/yukisako/environment/gcc-arm-none-eabi-4_8-2013q4/bin/../lib/gcc/arm-none-eabi/4.8.3/armv7e-m/softfp/crtend.o

.glue_7         0x00000000080090ec        0x0
 .glue_7        0x0000000000000000        0x0 linker stubs

.glue_7t        0x00000000080090ec        0x0
 .glue_7t       0x0000000000000000        0x0 linker stubs

.vfp11_veneer   0x00000000080090ec        0x0
 .vfp11_veneer  0x0000000000000000        0x0 linker stubs

.v4_bx          0x00000000080090ec        0x0
 .v4_bx         0x0000000000000000        0x0 linker stubs

.iplt           0x00000000080090ec        0x0
 .iplt          0x0000000000000000        0x0 /Users/yukisako/environment/gcc-arm-none-eabi-4_8-2013q4/bin/../lib/gcc/arm-none-eabi/4.8.3/armv7e-m/softfp/crtbegin.o

.ARM.extab
 *(.ARM.extab* .gnu.linkonce.armextab.*)
                0x00000000080090ec                __exidx_start = .

.ARM.exidx      0x00000000080090ec        0x8
 *(.ARM.exidx* .gnu.linkonce.armexidx.*)
 .ARM.exidx     0x00000000080090ec        0x8 /Users/yukisako/environment/gcc-arm-none-eabi-4_8-2013q4/bin/../lib/gcc/arm-none-eabi/4.8.3/../../../../arm-none-eabi/lib/armv7e-m/softfp/crt0.o
                0x00000000080090f4                __exidx_end = .
                0x00000000080090f4                __etext = .
                0x00000000080090f4                _sidata = .

.rel.dyn        0x00000000080090f4        0x0
 .rel.iplt      0x0000000000000000        0x0 /Users/yukisako/environment/gcc-arm-none-eabi-4_8-2013q4/bin/../lib/gcc/arm-none-eabi/4.8.3/armv7e-m/softfp/crtbegin.o

.data           0x0000000020000194       0xbc load address 0x00000000080090f4
                0x0000000020000194                __data_start__ = .
                0x0000000020000194                _sdata = .
 *(vtable)
 *(.data*)