Archive member included because of file (symbol)

./mbed/TARGET_NUCLEO_F401RE/TOOLCHAIN_GCC_ARM/libmbed.a(analogin_api.o)
                              main.o (analogin_init)
./mbed/TARGET_NUCLEO_F401RE/TOOLCHAIN_GCC_ARM/libmbed.a(gpio_irq_api.o)
                              QEI.o (gpio_irq_set)
./mbed/TARGET_NUCLEO_F401RE/TOOLCHAIN_GCC_ARM/libmbed.a(pinmap.o)
                              ./mbed/TARGET_NUCLEO_F401RE/TOOLCHAIN_GCC_ARM/libmbed.a(gpio_irq_api.o) (Set_GPIO_Clock)
./mbed/TARGET_NUCLEO_F401RE/TOOLCHAIN_GCC_ARM/libmbed.a(pwmout_api.o)
                              main.o (pwmout_write)
./mbed/TARGET_NUCLEO_F401RE/TOOLCHAIN_GCC_ARM/libmbed.a(serial_api.o)
                              mbed/TARGET_NUCLEO_F401RE/TOOLCHAIN_GCC_ARM/retarget.o (serial_init)
./mbed/TARGET_NUCLEO_F401RE/TOOLCHAIN_GCC_ARM/libmbed.a(FileSystemLike.o)
                              mbed/TARGET_NUCLEO_F401RE/TOOLCHAIN_GCC_ARM/retarget.o (mbed::FileSystemLike::opendir())
./mbed/TARGET_NUCLEO_F401RE/TOOLCHAIN_GCC_ARM/libmbed.a(FilePath.o)
                              mbed/TARGET_NUCLEO_F401RE/TOOLCHAIN_GCC_ARM/retarget.o (mbed::FilePath::FilePath(char const*))
./mbed/TARGET_NUCLEO_F401RE/TOOLCHAIN_GCC_ARM/libmbed.a(InterruptIn.o)
                              QEI.o (mbed::InterruptIn::InterruptIn(PinName))
./mbed/TARGET_NUCLEO_F401RE/TOOLCHAIN_GCC_ARM/libmbed.a(Serial.o)
                              main.o (mbed::Serial::Serial(PinName, PinName, char const*))
./mbed/TARGET_NUCLEO_F401RE/TOOLCHAIN_GCC_ARM/libmbed.a(SerialBase.o)
                              ./mbed/TARGET_NUCLEO_F401RE/TOOLCHAIN_GCC_ARM/libmbed.a(Serial.o) (mbed::SerialBase::SerialBase(PinName, PinName))
./mbed/TARGET_NUCLEO_F401RE/TOOLCHAIN_GCC_ARM/libmbed.a(Stream.o)
                              ./mbed/TARGET_NUCLEO_F401RE/TOOLCHAIN_GCC_ARM/libmbed.a(Serial.o) (mbed::Stream::close())
./mbed/TARGET_NUCLEO_F401RE/TOOLCHAIN_GCC_ARM/libmbed.a(assert.o)
                              mbed/TARGET_NUCLEO_F401RE/TOOLCHAIN_GCC_ARM/board.o (mbed_assert_internal)
./mbed/TARGET_NUCLEO_F401RE/TOOLCHAIN_GCC_ARM/libmbed.a(error.o)
                              mbed/TARGET_NUCLEO_F401RE/TOOLCHAIN_GCC_ARM/retarget.o (error)
./mbed/TARGET_NUCLEO_F401RE/TOOLCHAIN_GCC_ARM/libmbed.a(gpio.o)
                              ./mbed/TARGET_NUCLEO_F401RE/TOOLCHAIN_GCC_ARM/libmbed.a(InterruptIn.o) (gpio_init_in)
./mbed/TARGET_NUCLEO_F401RE/TOOLCHAIN_GCC_ARM/libmbed.a(pinmap_common.o)
                              ./mbed/TARGET_NUCLEO_F401RE/TOOLCHAIN_GCC_ARM/libmbed.a(analogin_api.o) (pinmap_pinout)
./mbed/TARGET_NUCLEO_F401RE/TOOLCHAIN_GCC_ARM/libmbed.a(us_ticker_api.o)
                              mbed/TARGET_NUCLEO_F401RE/TOOLCHAIN_GCC_ARM/hal_tick.o (us_ticker_irq_handler)
./mbed/TARGET_NUCLEO_F401RE/TOOLCHAIN_GCC_ARM/libmbed.a(wait_api.o)
                              ./mbed/TARGET_NUCLEO_F401RE/TOOLCHAIN_GCC_ARM/libmbed.a(SerialBase.o) (wait_us)
./mbed/TARGET_NUCLEO_F401RE/TOOLCHAIN_GCC_ARM/libmbed.a(PeripheralPins.o)
                              ./mbed/TARGET_NUCLEO_F401RE/TOOLCHAIN_GCC_ARM/libmbed.a(serial_api.o) (PinMap_UART_RX)
./mbed/TARGET_NUCLEO_F401RE/TOOLCHAIN_GCC_ARM/libmbed.a(gpio_api.o)
                              ./mbed/TARGET_NUCLEO_F401RE/TOOLCHAIN_GCC_ARM/libmbed.a(gpio.o) (gpio_init)
./mbed/TARGET_NUCLEO_F401RE/TOOLCHAIN_GCC_ARM/libmbed.a(us_ticker.o)
                              ./mbed/TARGET_NUCLEO_F401RE/TOOLCHAIN_GCC_ARM/libmbed.a(us_ticker_api.o) (us_ticker_init)
./mbed/TARGET_NUCLEO_F401RE/TOOLCHAIN_GCC_ARM/libmbed.a(FileLike.o)
                              ./mbed/TARGET_NUCLEO_F401RE/TOOLCHAIN_GCC_ARM/libmbed.a(Stream.o) (mbed::FileLike::~FileLike())
./mbed/TARGET_NUCLEO_F401RE/TOOLCHAIN_GCC_ARM/libmbed.a(FileBase.o)
                              ./mbed/TARGET_NUCLEO_F401RE/TOOLCHAIN_GCC_ARM/libmbed.a(FileSystemLike.o) (mbed::FileBase::~FileBase())
./mbed/TARGET_NUCLEO_F401RE/TOOLCHAIN_GCC_ARM/libmbed.a(ticker_api.o)
                              ./mbed/TARGET_NUCLEO_F401RE/TOOLCHAIN_GCC_ARM/libmbed.a(us_ticker_api.o) (ticker_irq_handler)
/Users/yukisako/environment/gcc-arm-none-eabi-4_8-2013q4/bin/../lib/gcc/arm-none-eabi/4.8.3/../../../../arm-none-eabi/lib/armv7e-m/softfp/libstdc++_s.a(atexit_arm.o)
                              main.o (__aeabi_atexit)
/Users/yukisako/environment/gcc-arm-none-eabi-4_8-2013q4/bin/../lib/gcc/arm-none-eabi/4.8.3/../../../../arm-none-eabi/lib/armv7e-m/softfp/libstdc++_s.a(del_op.o)
                              main.o (operator delete(void*))
/Users/yukisako/environment/gcc-arm-none-eabi-4_8-2013q4/bin/../lib/gcc/arm-none-eabi/4.8.3/../../../../arm-none-eabi/lib/armv7e-m/softfp/libstdc++_s.a(new_op.o)
                              ./mbed/TARGET_NUCLEO_F401RE/TOOLCHAIN_GCC_ARM/libmbed.a(FileSystemLike.o) (operator new(unsigned int))
/Users/yukisako/environment/gcc-arm-none-eabi-4_8-2013q4/bin/../lib/gcc/arm-none-eabi/4.8.3/../../../../arm-none-eabi/lib/armv7e-m/softfp/libstdc++_s.a(new_handler.o)
[...]
Memory Configuration

Name             Origin             Length             Attributes
FLASH            0x0000000008000000 0x0000000000080000 xr
RAM              0x0000000020000194 0x0000000000017e6c xrw
*default*        0x0000000000000000 0xffffffffffffffff

Linker script and memory map

LOAD /Users/yukisako/environment/gcc-arm-none-eabi-4_8-2013q4/bin/../lib/gcc/arm-none-eabi/4.8.3/armv7e-m/softfp/crti.o
LOAD /Users/yukisako/environment/gcc-arm-none-eabi-4_8-2013q4/bin/../lib/gcc/arm-none-eabi/4.8.3/armv7e-m/softfp/crtbegin.o
LOAD /Users/yukisako/environment/gcc-arm-none-eabi-4_8-2013q4/bin/../lib/gcc/arm-none-eabi/4.8.3/../../../../arm-none-eabi/lib/armv7e-m/softfp/crt0.o
LOAD main.o
LOAD QEI.o
LOAD mbed/TARGET_NUCLEO_F401RE/TOOLCHAIN_GCC_ARM/stm32f4xx_hal_flash_ramfunc.o
LOAD mbed/TARGET_NUCLEO_F401RE/TOOLCHAIN_GCC_ARM/board.o
LOAD mbed/TARGET_NUCLEO_F401RE/TOOLCHAIN_GCC_ARM/cmsis_nvic.o
LOAD mbed/TARGET_NUCLEO_F401RE/TOOLCHAIN_GCC_ARM/hal_tick.o
LOAD mbed/TARGET_NUCLEO_F401RE/TOOLCHAIN_GCC_ARM/mbed_overrides.o
LOAD mbed/TARGET_NUCLEO_F401RE/TOOLCHAIN_GCC_ARM/retarget.o
LOAD mbed/TARGET_NUCLEO_F401RE/TOOLCHAIN_GCC_ARM/startup_stm32f401xe.o
LOAD mbed/TARGET_NUCLEO_F401RE/TOOLCHAIN_GCC_ARM/stm32f4xx_hal.o
LOAD mbed/TARGET_NUCLEO_F401RE/TOOLCHAIN_GCC_ARM/stm32f4xx_hal_adc.o
LOAD mbed/TARGET_NUCLEO_F401RE/TOOLCHAIN_GCC_ARM/stm32f4xx_hal_adc_ex.o
LOAD mbed/TARGET_NUCLEO_F401RE/TOOLCHAIN_GCC_ARM/stm32f4xx_hal_can.o
LOAD mbed/TARGET_NUCLEO_F401RE/TOOLCHAIN_GCC_ARM/stm32f4xx_hal_cec.o
LOAD mbed/TARGET_NUCLEO_F401RE/TOOLCHAIN_GCC_ARM/stm32f4xx_hal_cortex.o
LOAD mbed/TARGET_NUCLEO_F401RE/TOOLCHAIN_GCC_ARM/stm32f4xx_hal_crc.o
LOAD mbed/TARGET_NUCLEO_F401RE/TOOLCHAIN_GCC_ARM/stm32f4xx_hal_cryp.o
LOAD mbed/TARGET_NUCLEO_F401RE/TOOLCHAIN_GCC_ARM/stm32f4xx_hal_cryp_ex.o
LOAD mbed/TARGET_NUCLEO_F401RE/TOOLCHAIN_GCC_ARM/stm32f4xx_hal_dac.o
LOAD mbed/TARGET_NUCLEO_F401RE/TOOLCHAIN_GCC_ARM/stm32f4xx_hal_dac_ex.o
LOAD mbed/TARGET_NUCLEO_F401RE/TOOLCHAIN_GCC_ARM/stm32f4xx_hal_dcmi.o
LOAD mbed/TARGET_NUCLEO_F401RE/TOOLCHAIN_GCC_ARM/stm32f4xx_hal_dcmi_ex.o
LOAD mbed/TARGET_NUCLEO_F401RE/TOOLCHAIN_GCC_ARM/stm32f4xx_hal_dma.o
LOAD mbed/TARGET_NUCLEO_F401RE/TOOLCHAIN_GCC_ARM/stm32f4xx_hal_dma2d.o
LOAD mbed/TARGET_NUCLEO_F401RE/TOOLCHAIN_GCC_ARM/stm32f4xx_hal_dma_ex.o
LOAD mbed/TARGET_NUCLEO_F401RE/TOOLCHAIN_GCC_ARM/stm32f4xx_hal_eth.o
LOAD mbed/TARGET_NUCLEO_F401RE/TOOLCHAIN_GCC_ARM/stm32f4xx_hal_flash.o
LOAD mbed/TARGET_NUCLEO_F401RE/TOOLCHAIN_GCC_ARM/stm32f4xx_hal_flash_ex.o
LOAD mbed/TARGET_NUCLEO_F401RE/TOOLCHAIN_GCC_ARM/stm32f4xx_hal_fmpi2c_ex.o
LOAD mbed/TARGET_NUCLEO_F401RE/TOOLCHAIN_GCC_ARM/stm32f4xx_hal_fmpi2c.o
LOAD mbed/TARGET_NUCLEO_F401RE/TOOLCHAIN_GCC_ARM/stm32f4xx_hal_smartcard.o
LOAD mbed/TARGET_NUCLEO_F401RE/TOOLCHAIN_GCC_ARM/stm32f4xx_hal_gpio.o
LOAD mbed/TARGET_NUCLEO_F401RE/TOOLCHAIN_GCC_ARM/stm32f4xx_hal_hash.o
LOAD mbed/TARGET_NUCLEO_F401RE/TOOLCHAIN_GCC_ARM/stm32f4xx_hal_hash_ex.o
LOAD mbed/TARGET_NUCLEO_F401RE/TOOLCHAIN_GCC_ARM/stm32f4xx_hal_hcd.o
LOAD mbed/TARGET_NUCLEO_F401RE/TOOLCHAIN_GCC_ARM/stm32f4xx_hal_i2c.o
LOAD mbed/TARGET_NUCLEO_F401RE/TOOLCHAIN_GCC_ARM/stm32f4xx_hal_i2c_ex.o
LOAD mbed/TARGET_NUCLEO_F401RE/TOOLCHAIN_GCC_ARM/stm32f4xx_hal_i2s.o
LOAD mbed/TARGET_NUCLEO_F401RE/TOOLCHAIN_GCC_ARM/stm32f4xx_hal_i2s_ex.o
LOAD mbed/TARGET_NUCLEO_F401RE/TOOLCHAIN_GCC_ARM/stm32f4xx_hal_irda.o
LOAD mbed/TARGET_NUCLEO_F401RE/TOOLCHAIN_GCC_ARM/stm32f4xx_hal_iwdg.o
LOAD mbed/TARGET_NUCLEO_F401RE/TOOLCHAIN_GCC_ARM/stm32f4xx_hal_ltdc.o
LOAD mbed/TARGET_NUCLEO_F401RE/TOOLCHAIN_GCC_ARM/stm32f4xx_hal_nand.o
LOAD mbed/TARGET_NUCLEO_F401RE/TOOLCHAIN_GCC_ARM/stm32f4xx_hal_nor.o
LOAD mbed/TARGET_NUCLEO_F401RE/TOOLCHAIN_GCC_ARM/stm32f4xx_hal_pccard.o
LOAD mbed/TARGET_NUCLEO_F401RE/TOOLCHAIN_GCC_ARM/stm32f4xx_hal_pcd.o
LOAD mbed/TARGET_NUCLEO_F401RE/TOOLCHAIN_GCC_ARM/stm32f4xx_hal_pcd_ex.o
LOAD mbed/TARGET_NUCLEO_F401RE/TOOLCHAIN_GCC_ARM/stm32f4xx_hal_pwr.o
LOAD mbed/TARGET_NUCLEO_F401RE/TOOLCHAIN_GCC_ARM/stm32f4xx_hal_pwr_ex.o
LOAD mbed/TARGET_NUCLEO_F401RE/TOOLCHAIN_GCC_ARM/stm32f4xx_hal_qspi.o
LOAD mbed/TARGET_NUCLEO_F401RE/TOOLCHAIN_GCC_ARM/stm32f4xx_hal_rcc.o
LOAD mbed/TARGET_NUCLEO_F401RE/TOOLCHAIN_GCC_ARM/stm32f4xx_hal_rcc_ex.o
LOAD mbed/TARGET_NUCLEO_F401RE/TOOLCHAIN_GCC_ARM/stm32f4xx_hal_rng.o
LOAD mbed/TARGET_NUCLEO_F401RE/TOOLCHAIN_GCC_ARM/stm32f4xx_hal_rtc.o
LOAD mbed/TARGET_NUCLEO_F401RE/TOOLCHAIN_GCC_ARM/stm32f4xx_hal_rtc_ex.o
LOAD mbed/TARGET_NUCLEO_F401RE/TOOLCHAIN_GCC_ARM/stm32f4xx_hal_sai.o
LOAD mbed/TARGET_NUCLEO_F401RE/TOOLCHAIN_GCC_ARM/stm32f4xx_hal_sai_ex.o
LOAD mbed/TARGET_NUCLEO_F401RE/TOOLCHAIN_GCC_ARM/stm32f4xx_hal_sd.o
LOAD mbed/TARGET_NUCLEO_F401RE/TOOLCHAIN_GCC_ARM/stm32f4xx_hal_sdram.o
LOAD mbed/TARGET_NUCLEO_F401RE/TOOLCHAIN_GCC_ARM/stm32f4xx_hal_spdifrx.o
LOAD mbed/TARGET_NUCLEO_F401RE/TOOLCHAIN_GCC_ARM/stm32f4xx_hal_spi.o
LOAD mbed/TARGET_NUCLEO_F401RE/TOOLCHAIN_GCC_ARM/stm32f4xx_hal_sram.o
LOAD mbed/TARGET_NUCLEO_F401RE/TOOLCHAIN_GCC_ARM/stm32f4xx_hal_tim.o
LOAD mbed/TARGET_NUCLEO_F401RE/TOOLCHAIN_GCC_ARM/stm32f4xx_hal_tim_ex.o
LOAD mbed/TARGET_NUCLEO_F401RE/TOOLCHAIN_GCC_ARM/stm32f4xx_hal_uart.o
LOAD mbed/TARGET_NUCLEO_F401RE/TOOLCHAIN_GCC_ARM/stm32f4xx_hal_usart.o
LOAD mbed/TARGET_NUCLEO_F401RE/TOOLCHAIN_GCC_ARM/stm32f4xx_hal_wwdg.o
LOAD mbed/TARGET_NUCLEO_F401RE/TOOLCHAIN_GCC_ARM/stm32f4xx_ll_fmc.o
LOAD mbed/TARGET_NUCLEO_F401RE/TOOLCHAIN_GCC_ARM/stm32f4xx_ll_fsmc.o
LOAD mbed/TARGET_NUCLEO_F401RE/TOOLCHAIN_GCC_ARM/stm32f4xx_ll_sdmmc.o
LOAD mbed/TARGET_NUCLEO_F401RE/TOOLCHAIN_GCC_ARM/stm32f4xx_ll_usb.o
LOAD mbed/TARGET_NUCLEO_F401RE/TOOLCHAIN_GCC_ARM/system_stm32f4xx.o
LOAD ./mbed/TARGET_NUCLEO_F401RE/TOOLCHAIN_GCC_ARM/libmbed.a
LOAD /Users/yukisako/environment/gcc-arm-none-eabi-4_8-2013q4/bin/../lib/gcc/arm-none-eabi/4.8.3/../../../../arm-none-eabi/lib/armv7e-m/softfp/libstdc++_s.a
LOAD /Users/yukisako/environment/gcc-arm-none-eabi-4_8-2013q4/bin/../lib/gcc/arm-none-eabi/4.8.3/../../../../arm-none-eabi/lib/armv7e-m/softfp/libsupc++_s.a
LOAD /Users/yukisako/environment/gcc-arm-none-eabi-4_8-2013q4/bin/../lib/gcc/arm-none-eabi/4.8.3/../../../../arm-none-eabi/lib/armv7e-m/softfp/libm.a
LOAD /Users/yukisako/environment/gcc-arm-none-eabi-4_8-2013q4/bin/../lib/gcc/arm-none-eabi/4.8.3/../../../../arm-none-eabi/lib/armv7e-m/softfp/libc_s.a
LOAD /Users/yukisako/environment/gcc-arm-none-eabi-4_8-2013q4/bin/../lib/gcc/arm-none-eabi/4.8.3/armv7e-m/softfp/libgcc.a
LOAD /Users/yukisako/environment/gcc-arm-none-eabi-4_8-2013q4/bin/../lib/gcc/arm-none-eabi/4.8.3/../../../../arm-none-eabi/lib/armv7e-m/softfp/libnosys.a
LOAD ./mbed/TARGET_NUCLEO_F401RE/TOOLCHAIN_GCC_ARM/libmbed.a
LOAD /Users/yukisako/environment/gcc-arm-none-eabi-4_8-2013q4/bin/../lib/gcc/arm-none-eabi/4.8.3/../../../../arm-none-eabi/lib/armv7e-m/softfp/libstdc++_s.a
LOAD /Users/yukisako/environment/gcc-arm-none-eabi-4_8-2013q4/bin/../lib/gcc/arm-none-eabi/4.8.3/../../../../arm-none-eabi/lib/armv7e-m/softfp/libsupc++_s.a
LOAD /Users/yukisako/environment/gcc-arm-none-eabi-4_8-2013q4/bin/../lib/gcc/arm-none-eabi/4.8.3/../../../../arm-none-eabi/lib/armv7e-m/softfp/libm.a
LOAD /Users/yukisako/environment/gcc-arm-none-eabi-4_8-2013q4/bin/../lib/gcc/arm-none-eabi/4.8.3/../../../../arm-none-eabi/lib/armv7e-m/softfp/libc_s.a
LOAD /Users/yukisako/environment/gcc-arm-none-eabi-4_8-2013q4/bin/../lib/gcc/arm-none-eabi/4.8.3/armv7e-m/softfp/libgcc.a
LOAD /Users/yukisako/environment/gcc-arm-none-eabi-4_8-2013q4/bin/../lib/gcc/arm-none-eabi/4.8.3/../../../../arm-none-eabi/lib/armv7e-m/softfp/libnosys.a
START GROUP
LOAD /Users/yukisako/environment/gcc-arm-none-eabi-4_8-2013q4/bin/../lib/gcc/arm-none-eabi/4.8.3/armv7e-m/softfp/libgcc.a
LOAD /Users/yukisako/environment/gcc-arm-none-eabi-4_8-2013q4/bin/../lib/gcc/arm-none-eabi/4.8.3/../../../../arm-none-eabi/lib/armv7e-m/softfp/libc_s.a
END GROUP
START GROUP
LOAD /Users/yukisako/environment/gcc-arm-none-eabi-4_8-2013q4/bin/../lib/gcc/arm-none-eabi/4.8.3/armv7e-m/softfp/libgcc.a
LOAD /Users/yukisako/environment/gcc-arm-none-eabi-4_8-2013q4/bin/../lib/gcc/arm-none-eabi/4.8.3/../../../../arm-none-eabi/lib/armv7e-m/softfp/libc_s.a
END GROUP
LOAD /Users/yukisako/environment/gcc-arm-none-eabi-4_8-2013q4/bin/../lib/gcc/arm-none-eabi/4.8.3/armv7e-m/softfp/crtend.o
LOAD /Users/yukisako/environment/gcc-arm-none-eabi-4_8-2013q4/bin/../lib/gcc/arm-none-eabi/4.8.3/armv7e-m/softfp/crtn.o

.text           0x0000000008000000     0x940c
 *(.isr_vector)
 .isr_vector    0x0000000008000000      0x194 mbed/TARGET_NUCLEO_F401RE/TOOLCHAIN_GCC_ARM/startup_stm32f401xe.o
                0x0000000008000000                g_pfnVectors
 *(.text*)
 .text          0x0000000008000194       0x54 /Users/yukisako/environment/gcc-arm-none-eabi-4_8-2013q4/bin/../lib/gcc/arm-none-eabi/4.8.3/armv7e-m/softfp/crtbegin.o
 .text          0x00000000080001e8       0x74 /Users/yukisako/environment/gcc-arm-none-eabi-4_8-2013q4/bin/../lib/gcc/arm-none-eabi/4.8.3/../../../../arm-none-eabi/lib/armv7e-m/softfp/crt0.o
                0x00000000080001e8                _mainCRTStartup
                0x00000000080001e8                _start
 .text._ZN4mbed10SerialBaseD2Ev
                0x000000000800025c        0xc main.o
                0x000000000800025c                mbed::SerialBase::~SerialBase()
                0x000000000800025c                mbed::SerialBase::~SerialBase()
 .text._ZN4mbed10SerialBaseD0Ev
                0x0000000008000268       0x14 main.o
                0x0000000008000268                mbed::SerialBase::~SerialBase()
 .text._ZN4mbed6SerialD2Ev
                0x000000000800027c       0x28 main.o
                0x000000000800027c                mbed::Serial::~Serial()
                0x000000000800027c                mbed::Serial::~Serial()
 .text._ZN4mbed6SerialD1Ev
                0x00000000080002a4       0x10 main.o
                0x00000000080002a4                non-virtual thunk to mbed::Serial::~Serial()
                0x00000000080002ac                non-virtual thunk to mbed::Serial::~Serial()
 .text._ZN4mbed6SerialD0Ev
                0x00000000080002b4       0x1e main.o
                0x00000000080002b4                mbed::Serial::~Serial()
                0x00000000080002c6                non-virtual thunk to mbed::Serial::~Serial()
                0x00000000080002cc                non-virtual thunk to mbed::Serial::~Serial()
 *fill*         0x00000000080002d2        0x2 
 .text.startup.main
                0x00000000080002d4       0x30 main.o
                0x00000000080002d4                main
 .text.startup._GLOBAL__sub_I_motor_right
                0x0000000008000304       0x5c main.o
 .text.mbed_die
                0x0000000008000360       0x5c mbed/TARGET_NUCLEO_F401RE/TOOLCHAIN_GCC_ARM/board.o
                0x0000000008000360                mbed_die
 .text.NVIC_SetVector
                0x00000000080003bc       0x48 mbed/TARGET_NUCLEO_F401RE/TOOLCHAIN_GCC_ARM/cmsis_nvic.o
                0x00000000080003bc                NVIC_SetVector
 .text.timer_irq_handler
                0x0000000008000404       0x50 mbed/TARGET_NUCLEO_F401RE/TOOLCHAIN_GCC_ARM/hal_tick.o
                0x0000000008000404                timer_irq_handler
 .text.HAL_InitTick
                0x0000000008000454       0xb4 mbed/TARGET_NUCLEO_F401RE/TOOLCHAIN_GCC_ARM/hal_tick.o
                0x0000000008000454                HAL_InitTick
 .text.mbed_sdk_init
                0x0000000008000508       0x10 mbed/TARGET_NUCLEO_F401RE/TOOLCHAIN_GCC_ARM/mbed_overrides.o
                0x0000000008000508                mbed_sdk_init
 .text._ZN4mbed10FileHandle4flenEv
                0x0000000008000518       0x34 mbed/TARGET_NUCLEO_F401RE/TOOLCHAIN_GCC_ARM/retarget.o
                0x0000000008000518                mbed::FileHandle::flen()
 .text._ZN4mbed10FileHandleD2Ev
                0x000000000800054c       0x2c mbed/TARGET_NUCLEO_F401RE/TOOLCHAIN_GCC_ARM/retarget.o
                0x000000000800054c                mbed::FileHandle::~FileHandle()
                0x000000000800054c                mbed::FileHandle::~FileHandle()
 .text._ZN4mbed10FileHandleD0Ev
                0x0000000008000578       0x34 mbed/TARGET_NUCLEO_F401RE/TOOLCHAIN_GCC_ARM/retarget.o
                0x0000000008000578                mbed::FileHandle::~FileHandle()
 .text._ZL11init_serialv.part.0
                0x00000000080005ac       0x10 mbed/TARGET_NUCLEO_F401RE/TOOLCHAIN_GCC_ARM/retarget.o
 .text._open    0x00000000080005bc       0xf8 mbed/TARGET_NUCLEO_F401RE/TOOLCHAIN_GCC_ARM/retarget.o
                0x00000000080005bc                _open
 .text._close   0x00000000080006b4       0x2c mbed/TARGET_NUCLEO_F401RE/TOOLCHAIN_GCC_ARM/retarget.o
                0x00000000080006b4                _close
 .text._write   0x00000000080006e0       0x50 mbed/TARGET_NUCLEO_F401RE/TOOLCHAIN_GCC_ARM/retarget.o
                0x00000000080006e0                _write
 .text._read    0x0000000008000730       0x4c mbed/TARGET_NUCLEO_F401RE/TOOLCHAIN_GCC_ARM/retarget.o
                0x0000000008000730                _read
 .text._isatty  0x000000000800077c       0x28 mbed/TARGET_NUCLEO_F401RE/TOOLCHAIN_GCC_ARM/retarget.o
                0x000000000800077c                _isatty
 .text._lseek   0x00000000080007a4       0x28 mbed/TARGET_NUCLEO_F401RE/TOOLCHAIN_GCC_ARM/retarget.o
                0x00000000080007a4                _lseek
 .text._fstat   0x00000000080007cc       0x20 mbed/TARGET_NUCLEO_F401RE/TOOLCHAIN_GCC_ARM/retarget.o
                0x00000000080007cc                _fstat
 .text.__cxa_pure_virtual
                0x00000000080007ec        0x8 mbed/TARGET_NUCLEO_F401RE/TOOLCHAIN_GCC_ARM/retarget.o
                0x00000000080007ec                __cxa_pure_virtual
 .text.mbed_main
                0x00000000080007f4        0x4 mbed/TARGET_NUCLEO_F401RE/TOOLCHAIN_GCC_ARM/retarget.o
                0x00000000080007f4                mbed_main
 .text.__wrap_main
                0x00000000080007f8       0x14 mbed/TARGET_NUCLEO_F401RE/TOOLCHAIN_GCC_ARM/retarget.o
                0x00000000080007f8                __wrap_main
 .text._sbrk    0x000000000800080c       0x28 mbed/TARGET_NUCLEO_F401RE/TOOLCHAIN_GCC_ARM/retarget.o
                0x000000000800080c                _sbrk
 .text._exit    0x0000000008000834       0x24 mbed/TARGET_NUCLEO_F401RE/TOOLCHAIN_GCC_ARM/retarget.o
                0x0000000008000834                _exit
 .text._ZN4mbed26mbed_set_unbuffered_streamEP7__sFILE
                0x0000000008000858        0x8 mbed/TARGET_NUCLEO_F401RE/TOOLCHAIN_GCC_ARM/retarget.o
                0x0000000008000858                mbed::mbed_set_unbuffered_stream(__sFILE*)
 .text.Reset_Handler
                0x0000000008000860       0x54 mbed/TARGET_NUCLEO_F401RE/TOOLCHAIN_GCC_ARM/startup_stm32f401xe.o
                0x0000000008000860                Reset_Handler
 .text.Default_Handler
                0x00000000080008b4        0x4 mbed/TARGET_NUCLEO_F401RE/TOOLCHAIN_GCC_ARM/startup_stm32f401xe.o
                0x00000000080008b4                DMA1_Stream3_IRQHandler
                0x00000000080008b4                EXTI2_IRQHandler
                0x00000000080008b4                DebugMon_Handler
                0x00000000080008b4                SPI4_IRQHandler
                0x00000000080008b4                TIM1_CC_IRQHandler
                0x00000000080008b4                DMA2_Stream5_IRQHandler
                0x00000000080008b4                HardFault_Handler
                0x00000000080008b4                DMA1_Stream5_IRQHandler
                0x00000000080008b4                SysTick_Handler
                0x00000000080008b4                PVD_IRQHandler
                0x00000000080008b4                SDIO_IRQHandler
                0x00000000080008b4                TAMP_STAMP_IRQHandler
                0x00000000080008b4                PendSV_Handler
                0x00000000080008b4                NMI_Handler
                0x00000000080008b4                EXTI3_IRQHandler
                0x00000000080008b4                TIM1_UP_TIM10_IRQHandler
                0x00000000080008b4                I2C3_ER_IRQHandler
                0x00000000080008b4                EXTI0_IRQHandler
                0x00000000080008b4                I2C2_EV_IRQHandler
                0x00000000080008b4                DMA1_Stream2_IRQHandler
                0x00000000080008b4                FPU_IRQHandler
                0x00000000080008b4                UsageFault_Handler
                0x00000000080008b4                DMA2_Stream2_IRQHandler
                0x00000000080008b4                SPI1_IRQHandler
                0x00000000080008b4                TIM1_BRK_TIM9_IRQHandler
                0x00000000080008b4                DMA2_Stream3_IRQHandler
                0x00000000080008b4                USART6_IRQHandler
                0x00000000080008b4                DMA2_Stream0_IRQHandler
                0x00000000080008b4                TIM4_IRQHandler
                0x00000000080008b4                I2C1_EV_IRQHandler
                0x00000000080008b4                DMA1_Stream6_IRQHandler
                0x00000000080008b4                DMA1_Stream1_IRQHandler
                0x00000000080008b4                TIM3_IRQHandler
                0x00000000080008b4                RCC_IRQHandler
                0x00000000080008b4                Default_Handler
                0x00000000080008b4                EXTI15_10_IRQHandler
                0x00000000080008b4                ADC_IRQHandler
                0x00000000080008b4                DMA1_Stream7_IRQHandler
                0x00000000080008b4                TIM5_IRQHandler
                0x00000000080008b4                DMA2_Stream7_IRQHandler
                0x00000000080008b4                I2C3_EV_IRQHandler
                0x00000000080008b4                EXTI9_5_IRQHandler
                0x00000000080008b4                RTC_WKUP_IRQHandler
                0x00000000080008b4                SPI2_IRQHandler
                0x00000000080008b4                MemManage_Handler
                0x00000000080008b4                DMA1_Stream0_IRQHandler
                0x00000000080008b4                SVC_Handler
                0x00000000080008b4                EXTI4_IRQHandler
                0x00000000080008b4                WWDG_IRQHandler
                0x00000000080008b4                TIM2_IRQHandler
                0x00000000080008b4                OTG_FS_WKUP_IRQHandler
                0x00000000080008b4                TIM1_TRG_COM_TIM11_IRQHandler
                0x00000000080008b4                EXTI1_IRQHandler
                0x00000000080008b4                USART2_IRQHandler
                0x00000000080008b4                I2C2_ER_IRQHandler
                0x00000000080008b4                DMA2_Stream1_IRQHandler
                0x00000000080008b4                FLASH_IRQHandler
                0x00000000080008b4                DMA2_Stream4_IRQHandler
                0x00000000080008b4                BusFault_Handler
                0x00000000080008b4                USART1_IRQHandler
                0x00000000080008b4                OTG_FS_IRQHandler
                0x00000000080008b4                SPI3_IRQHandler
                0x00000000080008b4                DMA1_Stream4_IRQHandler
                0x00000000080008b4                I2C1_ER_IRQHandler
                0x00000000080008b4                DMA2_Stream6_IRQHandler
                0x00000000080008b4                RTC_Alarm_IRQHandler
 .text.HAL_MspInit
                0x00000000080008b8        0x4 mbed/TARGET_NUCLEO_F401RE/TOOLCHAIN_GCC_ARM/stm32f4xx_hal.o
                0x00000000080008b8                HAL_MspInit
 .text.HAL_Init
                0x00000000080008bc       0x34 mbed/TARGET_NUCLEO_F401RE/TOOLCHAIN_GCC_ARM/stm32f4xx_hal.o
                0x00000000080008bc                HAL_Init
 .text.HAL_IncTick
                0x00000000080008f0       0x10 mbed/TARGET_NUCLEO_F401RE/TOOLCHAIN_GCC_ARM/stm32f4xx_hal.o
                0x00000000080008f0                HAL_IncTick
 .text.HAL_GetTick
                0x0000000008000900        0xc mbed/TARGET_NUCLEO_F401RE/TOOLCHAIN_GCC_ARM/stm32f4xx_hal.o
                0x0000000008000900                HAL_GetTick
 .text.HAL_ADC_MspInit
                0x000000000800090c        0x4 mbed/TARGET_NUCLEO_F401RE/TOOLCHAIN_GCC_ARM/stm32f4xx_hal_adc.o
                0x000000000800090c                HAL_ADC_MspInit
 .text.HAL_ADC_Init
                0x0000000008000910      0x148 mbed/TARGET_NUCLEO_F401RE/TOOLCHAIN_GCC_ARM/stm32f4xx_hal_adc.o
                0x0000000008000910                HAL_ADC_Init
 .text.HAL_ADC_Start
                0x0000000008000a58       0xb8 mbed/TARGET_NUCLEO_F401RE/TOOLCHAIN_GCC_ARM/stm32f4xx_hal_adc.o
                0x0000000008000a58                HAL_ADC_Start
 .text.HAL_ADC_PollForConversion
                0x0000000008000b10       0x68 mbed/TARGET_NUCLEO_F401RE/TOOLCHAIN_GCC_ARM/stm32f4xx_hal_adc.o
                0x0000000008000b10                HAL_ADC_PollForConversion
 .text.HAL_ADC_GetValue
                0x0000000008000b78        0x8 mbed/TARGET_NUCLEO_F401RE/TOOLCHAIN_GCC_ARM/stm32f4xx_hal_adc.o
                0x0000000008000b78                HAL_ADC_GetValue
 .text.HAL_ADC_ConfigChannel
                0x0000000008000b80      0x14c mbed/TARGET_NUCLEO_F401RE/TOOLCHAIN_GCC_ARM/stm32f4xx_hal_adc.o
                0x0000000008000b80                HAL_ADC_ConfigChannel
 .text.HAL_NVIC_SetPriorityGrouping
                0x0000000008000ccc       0x24 mbed/TARGET_NUCLEO_F401RE/TOOLCHAIN_GCC_ARM/stm32f4xx_hal_cortex.o
                0x0000000008000ccc                HAL_NVIC_SetPriorityGrouping
 .text.HAL_GPIO_Init
                0x0000000008000cf0      0x214 mbed/TARGET_NUCLEO_F401RE/TOOLCHAIN_GCC_ARM/stm32f4xx_hal_gpio.o
                0x0000000008000cf0                HAL_GPIO_Init
 .text.HAL_RCC_OscConfig
                0x0000000008000f04      0x370 mbed/TARGET_NUCLEO_F401RE/TOOLCHAIN_GCC_ARM/stm32f4xx_hal_rcc.o
                0x0000000008000f04                HAL_RCC_OscConfig
 .text.HAL_RCC_ClockConfig
                0x0000000008001274      0x1fc mbed/TARGET_NUCLEO_F401RE/TOOLCHAIN_GCC_ARM/stm32f4xx_hal_rcc.o
                0x0000000008001274                HAL_RCC_ClockConfig
 .text.HAL_RCC_GetSysClockFreq
                0x0000000008001470       0x88 mbed/TARGET_NUCLEO_F401RE/TOOLCHAIN_GCC_ARM/stm32f4xx_hal_rcc.o
                0x0000000008001470                HAL_RCC_GetSysClockFreq
 .text.HAL_RCC_GetHCLKFreq
                0x00000000080014f8       0x38 mbed/TARGET_NUCLEO_F401RE/TOOLCHAIN_GCC_ARM/stm32f4xx_hal_rcc.o
                0x00000000080014f8                HAL_RCC_GetHCLKFreq
 .text.HAL_RCC_GetPCLK1Freq
                0x0000000008001530       0x30 mbed/TARGET_NUCLEO_F401RE/TOOLCHAIN_GCC_ARM/stm32f4xx_hal_rcc.o
                0x0000000008001530                HAL_RCC_GetPCLK1Freq
 .text.HAL_RCC_GetPCLK2Freq
                0x0000000008001560       0x30 mbed/TARGET_NUCLEO_F401RE/TOOLCHAIN_GCC_ARM/stm32f4xx_hal_rcc.o
                0x0000000008001560                HAL_RCC_GetPCLK2Freq
 .text.HAL_RCC_GetClockConfig
                0x0000000008001590       0x44 mbed/TARGET_NUCLEO_F401RE/TOOLCHAIN_GCC_ARM/stm32f4xx_hal_rcc.o
                0x0000000008001590                HAL_RCC_GetClockConfig
 .text.TIM_OC1_SetConfig
                0x00000000080015d4       0x58 mbed/TARGET_NUCLEO_F401RE/TOOLCHAIN_GCC_ARM/stm32f4xx_hal_tim.o
 .text.TIM_OC3_SetConfig
                0x000000000800162c       0x5c mbed/TARGET_NUCLEO_F401RE/TOOLCHAIN_GCC_ARM/stm32f4xx_hal_tim.o
 .text.TIM_OC4_SetConfig
                0x0000000008001688       0x48 mbed/TARGET_NUCLEO_F401RE/TOOLCHAIN_GCC_ARM/stm32f4xx_hal_tim.o
 .text.HAL_TIM_OC_MspInit
                0x00000000080016d0        0x4 mbed/TARGET_NUCLEO_F401RE/TOOLCHAIN_GCC_ARM/stm32f4xx_hal_tim.o
                0x00000000080016d0                HAL_TIM_OC_MspInit
 .text.HAL_TIM_OC_Start
                0x00000000080016d4       0x40 mbed/TARGET_NUCLEO_F401RE/TOOLCHAIN_GCC_ARM/stm32f4xx_hal_tim.o
                0x00000000080016d4                HAL_TIM_OC_Start
 .text.HAL_TIM_PWM_MspInit
                0x0000000008001714        0x4 mbed/TARGET_NUCLEO_F401RE/TOOLCHAIN_GCC_ARM/stm32f4xx_hal_tim.o
                0x0000000008001714                HAL_TIM_PWM_MspInit
 .text.HAL_TIM_PWM_Start
                0x0000000008001718       0x40 mbed/TARGET_NUCLEO_F401RE/TOOLCHAIN_GCC_ARM/stm32f4xx_hal_tim.o
                0x0000000008001718                HAL_TIM_PWM_Start
 .text.TIM_Base_SetConfig
                0x0000000008001758       0xa0 mbed/TARGET_NUCLEO_F401RE/TOOLCHAIN_GCC_ARM/stm32f4xx_hal_tim.o
                0x0000000008001758                TIM_Base_SetConfig
 .text.HAL_TIM_OC_Init
                0x00000000080017f8       0x38 mbed/TARGET_NUCLEO_F401RE/TOOLCHAIN_GCC_ARM/stm32f4xx_hal_tim.o
                0x00000000080017f8                HAL_TIM_OC_Init
 .text.HAL_TIM_PWM_Init
                0x0000000008001830       0x38 mbed/TARGET_NUCLEO_F401RE/TOOLCHAIN_GCC_ARM/stm32f4xx_hal_tim.o
                0x0000000008001830                HAL_TIM_PWM_Init
 .text.TIM_OC2_SetConfig
                0x0000000008001868       0x5c mbed/TARGET_NUCLEO_F401RE/TOOLCHAIN_GCC_ARM/stm32f4xx_hal_tim.o
                0x0000000008001868                TIM_OC2_SetConfig
 .text.HAL_TIM_PWM_ConfigChannel
                0x00000000080018c4       0xd4 mbed/TARGET_NUCLEO_F401RE/TOOLCHAIN_GCC_ARM/stm32f4xx_hal_tim.o
                0x00000000080018c4                HAL_TIM_PWM_ConfigChannel
 .text.HAL_TIMEx_PWMN_Start
                0x0000000008001998       0x2c mbed/TARGET_NUCLEO_F401RE/TOOLCHAIN_GCC_ARM/stm32f4xx_hal_tim_ex.o
                0x0000000008001998                HAL_TIMEx_PWMN_Start
 .text.UART_SetConfig
                0x00000000080019c4      0x1b4 mbed/TARGET_NUCLEO_F401RE/TOOLCHAIN_GCC_ARM/stm32f4xx_hal_uart.o
 .text.HAL_UART_MspInit
                0x0000000008001b78        0x4 mbed/TARGET_NUCLEO_F401RE/TOOLCHAIN_GCC_ARM/stm32f4xx_hal_uart.o
                0x0000000008001b78                HAL_UART_MspInit
 .text.HAL_UART_Init
                0x0000000008001b7c       0x5c mbed/TARGET_NUCLEO_F401RE/TOOLCHAIN_GCC_ARM/stm32f4xx_hal_uart.o
                0x0000000008001b7c                HAL_UART_Init
 .text.SystemCoreClockUpdate
                0x0000000008001bd8       0x70 mbed/TARGET_NUCLEO_F401RE/TOOLCHAIN_GCC_ARM/system_stm32f4xx.o
                0x0000000008001bd8                SystemCoreClockUpdate
 .text.SetSysClock_PLL_HSE
                0x0000000008001c48       0x94 mbed/TARGET_NUCLEO_F401RE/TOOLCHAIN_GCC_ARM/system_stm32f4xx.o
                0x0000000008001c48                SetSysClock_PLL_HSE
 .text.SetSysClock_PLL_HSI
                0x0000000008001cdc       0x98 mbed/TARGET_NUCLEO_F401RE/TOOLCHAIN_GCC_ARM/system_stm32f4xx.o
                0x0000000008001cdc                SetSysClock_PLL_HSI
 .text.SetSysClock
                0x0000000008001d74       0x20 mbed/TARGET_NUCLEO_F401RE/TOOLCHAIN_GCC_ARM/system_stm32f4xx.o
                0x0000000008001d74                SetSysClock
 .text.SystemInit
                0x0000000008001d94       0x74 mbed/TARGET_NUCLEO_F401RE/TOOLCHAIN_GCC_ARM/system_stm32f4xx.o
                0x0000000008001d94                SystemInit
 .text.analogin_init
                0x0000000008001e08       0xb0 ./mbed/TARGET_NUCLEO_F401RE/TOOLCHAIN_GCC_ARM/libmbed.a(analogin_api.o)
                0x0000000008001e08                analogin_init
 .text.analogin_read_u16
                0x0000000008001eb8       0xcc ./mbed/TARGET_NUCLEO_F401RE/TOOLCHAIN_GCC_ARM/libmbed.a(analogin_api.o)
                0x0000000008001eb8                analogin_read_u16
 .text.Set_GPIO_Clock
                0x0000000008001f84       0xec ./mbed/TARGET_NUCLEO_F401RE/TOOLCHAIN_GCC_ARM/libmbed.a(pinmap.o)
                0x0000000008001f84                Set_GPIO_Clock
 .text.pin_function
                0x0000000008002070       0x60 ./mbed/TARGET_NUCLEO_F401RE/TOOLCHAIN_GCC_ARM/libmbed.a(pinmap.o)
                0x0000000008002070                pin_function
 .text.pin_mode
                0x00000000080020d0       0x50 ./mbed/TARGET_NUCLEO_F401RE/TOOLCHAIN_GCC_ARM/libmbed.a(pinmap.o)
                0x00000000080020d0                pin_mode
 .text.pwmout_write
                0x0000000008002120       0xb0 ./mbed/TARGET_NUCLEO_F401RE/TOOLCHAIN_GCC_ARM/libmbed.a(pwmout_api.o)
                0x0000000008002120                pwmout_write
 .text.pwmout_period_us
                0x00000000080021d0      0x138 ./mbed/TARGET_NUCLEO_F401RE/TOOLCHAIN_GCC_ARM/libmbed.a(pwmout_api.o)
                0x00000000080021d0                pwmout_period_us
 .text.pwmout_init
                0x0000000008002308      0x158 ./mbed/TARGET_NUCLEO_F401RE/TOOLCHAIN_GCC_ARM/libmbed.a(pwmout_api.o)
                0x0000000008002308                pwmout_init
 .text.init_uart
                0x0000000008002460       0x58 ./mbed/TARGET_NUCLEO_F401RE/TOOLCHAIN_GCC_ARM/libmbed.a(serial_api.o)
 .text.serial_init
                0x00000000080024b8      0x120 ./mbed/TARGET_NUCLEO_F401RE/TOOLCHAIN_GCC_ARM/libmbed.a(serial_api.o)
                0x00000000080024b8                serial_init
 .text.serial_irq_handler
                0x00000000080025d8       0x1c ./mbed/TARGET_NUCLEO_F401RE/TOOLCHAIN_GCC_ARM/libmbed.a(serial_api.o)
                0x00000000080025d8                serial_irq_handler
 .text.serial_getc
                0x00000000080025f4       0x18 ./mbed/TARGET_NUCLEO_F401RE/TOOLCHAIN_GCC_ARM/libmbed.a(serial_api.o)
                0x00000000080025f4                serial_getc
 .text.serial_putc
                0x000000000800260c       0x18 ./mbed/TARGET_NUCLEO_F401RE/TOOLCHAIN_GCC_ARM/libmbed.a(serial_api.o)
                0x000000000800260c                serial_putc
 .text._ZN4mbed8FilePathC2EPKc
                0x0000000008002624       0x58 ./mbed/TARGET_NUCLEO_F401RE/TOOLCHAIN_GCC_ARM/libmbed.a(FilePath.o)
                0x0000000008002624                mbed::FilePath::FilePath(char const*)
                0x0000000008002624                mbed::FilePath::FilePath(char const*)
 .text._ZN4mbed8FilePath8fileNameEv
                0x000000000800267c        0x4 ./mbed/TARGET_NUCLEO_F401RE/TOOLCHAIN_GCC_ARM/libmbed.a(FilePath.o)
                0x000000000800267c                mbed::FilePath::fileName()
 .text._ZN4mbed8FilePath10fileSystemEv
                0x0000000008002680       0x18 ./mbed/TARGET_NUCLEO_F401RE/TOOLCHAIN_GCC_ARM/libmbed.a(FilePath.o)
                0x0000000008002680                mbed::FilePath::fileSystem()
 .text._ZN4mbed8FilePath6isFileEv
                0x0000000008002698       0x14 ./mbed/TARGET_NUCLEO_F401RE/TOOLCHAIN_GCC_ARM/libmbed.a(FilePath.o)
                0x0000000008002698                mbed::FilePath::isFile()
 .text._ZN4mbed8FilePath4fileEv
                0x00000000080026ac       0x1c ./mbed/TARGET_NUCLEO_F401RE/TOOLCHAIN_GCC_ARM/libmbed.a(FilePath.o)
                0x00000000080026ac                mbed::FilePath::file()
 .text._ZN4mbed8FilePath6existsEv
                0x00000000080026c8        0xc ./mbed/TARGET_NUCLEO_F401RE/TOOLCHAIN_GCC_ARM/libmbed.a(FilePath.o)
                0x00000000080026c8                mbed::FilePath::exists()
 .text._ZN4mbed6Serial5_getcEv
                0x00000000080026d4        0x4 ./mbed/TARGET_NUCLEO_F401RE/TOOLCHAIN_GCC_ARM/libmbed.a(Serial.o)
                0x00000000080026d4                mbed::Serial::_getc()
 .text._ZThn84_N4mbed6Serial5_getcEv
                0x00000000080026d8        0x8 ./mbed/TARGET_NUCLEO_F401RE/TOOLCHAIN_GCC_ARM/libmbed.a(Serial.o)
                0x00000000080026d8                non-virtual thunk to mbed::Serial::_getc()
 .text._ZN4mbed6Serial5_putcEi
                0x00000000080026e0        0x4 ./mbed/TARGET_NUCLEO_F401RE/TOOLCHAIN_GCC_ARM/libmbed.a(Serial.o)
                0x00000000080026e0                mbed::Serial::_putc(int)
 .text._ZThn84_N4mbed6Serial5_putcEi
                0x00000000080026e4        0x8 ./mbed/TARGET_NUCLEO_F401RE/TOOLCHAIN_GCC_ARM/libmbed.a(Serial.o)
                0x00000000080026e4                non-virtual thunk to mbed::Serial::_putc(int)
 .text._ZN4mbed6SerialC2E7PinNameS1_PKc
                0x00000000080026ec       0x30 ./mbed/TARGET_NUCLEO_F401RE/TOOLCHAIN_GCC_ARM/libmbed.a(Serial.o)
                0x00000000080026ec                mbed::Serial::Serial(PinName, PinName, char const*)
                0x00000000080026ec                mbed::Serial::Serial(PinName, PinName, char const*)
 .text._ZN4mbed10SerialBase12_irq_handlerEm9SerialIrq
                0x000000000800271c       0x24 ./mbed/TARGET_NUCLEO_F401RE/TOOLCHAIN_GCC_ARM/libmbed.a(SerialBase.o)
                0x000000000800271c                mbed::SerialBase::_irq_handler(unsigned long, SerialIrq)
 .text._ZN4mbed10SerialBaseC2E7PinNameS1_
                0x0000000008002740       0x48 ./mbed/TARGET_NUCLEO_F401RE/TOOLCHAIN_GCC_ARM/libmbed.a(SerialBase.o)
                0x0000000008002740                mbed::SerialBase::SerialBase(PinName, PinName)
                0x0000000008002740                mbed::SerialBase::SerialBase(PinName, PinName)
 .text._ZN4mbed10SerialBase10_base_getcEv
                0x0000000008002788        0x8 ./mbed/TARGET_NUCLEO_F401RE/TOOLCHAIN_GCC_ARM/libmbed.a(SerialBase.o)
                0x0000000008002788                mbed::SerialBase::_base_getc()
 .text._ZN4mbed10SerialBase10_base_putcEi
                0x0000000008002790       0x10 ./mbed/TARGET_NUCLEO_F401RE/TOOLCHAIN_GCC_ARM/libmbed.a(SerialBase.o)
                0x0000000008002790                mbed::SerialBase::_base_putc(int)
 .text._ZN4mbed6Stream5closeEv
                0x00000000080027a0        0x4 ./mbed/TARGET_NUCLEO_F401RE/TOOLCHAIN_GCC_ARM/libmbed.a(Stream.o)
                0x00000000080027a0                mbed::Stream::close()
 .text._ZN4mbed6Stream5writeEPKvj
                0x00000000080027a4       0x30 ./mbed/TARGET_NUCLEO_F401RE/TOOLCHAIN_GCC_ARM/libmbed.a(Stream.o)
                0x00000000080027a4                mbed::Stream::write(void const*, unsigned int)
 .text._ZN4mbed6Stream4readEPvj
                0x00000000080027d4       0x30 ./mbed/TARGET_NUCLEO_F401RE/TOOLCHAIN_GCC_ARM/libmbed.a(Stream.o)
                0x00000000080027d4                mbed::Stream::read(void*, unsigned int)
 .text._ZN4mbed6Stream5lseekEli
                0x0000000008002804        0x4 ./mbed/TARGET_NUCLEO_F401RE/TOOLCHAIN_GCC_ARM/libmbed.a(Stream.o)
                0x0000000008002804                mbed::Stream::lseek(long, int)
 .text._ZN4mbed6Stream6isattyEv
                0x0000000008002808        0x4 ./mbed/TARGET_NUCLEO_F401RE/TOOLCHAIN_GCC_ARM/libmbed.a(Stream.o)
                0x0000000008002808                mbed::Stream::isatty()
 .text._ZN4mbed6Stream5fsyncEv
                0x000000000800280c        0x4 ./mbed/TARGET_NUCLEO_F401RE/TOOLCHAIN_GCC_ARM/libmbed.a(Stream.o)
                0x000000000800280c                mbed::Stream::fsync()
 .text._ZN4mbed6Stream4flenEv
                0x0000000008002810        0x4 ./mbed/TARGET_NUCLEO_F401RE/TOOLCHAIN_GCC_ARM/libmbed.a(Stream.o)
                0x0000000008002810                mbed::Stream::flen()
 .text._ZN4mbed6StreamD2Ev
                0x0000000008002814       0x24 ./mbed/TARGET_NUCLEO_F401RE/TOOLCHAIN_GCC_ARM/libmbed.a(Stream.o)
                0x0000000008002814                mbed::Stream::~Stream()
                0x0000000008002814                mbed::Stream::~Stream()
 .text._ZThn4_N4mbed6StreamD1Ev
                0x0000000008002838        0x8 ./mbed/TARGET_NUCLEO_F401RE/TOOLCHAIN_GCC_ARM/libmbed.a(Stream.o)
                0x0000000008002838                non-virtual thunk to mbed::Stream::~Stream()
 .text._ZN4mbed6StreamD0Ev
                0x0000000008002840       0x14 ./mbed/TARGET_NUCLEO_F401RE/TOOLCHAIN_GCC_ARM/libmbed.a(Stream.o)
                0x0000000008002840                mbed::Stream::~Stream()
 .text._ZThn4_N4mbed6StreamD0Ev
                0x0000000008002854        0x8 ./mbed/TARGET_NUCLEO_F401RE/TOOLCHAIN_GCC_ARM/libmbed.a(Stream.o)
                0x0000000008002854                non-virtual thunk to mbed::Stream::~Stream()
 .text._ZN4mbed6StreamC2EPKc
                0x000000000800285c       0x44 ./mbed/TARGET_NUCLEO_F401RE/TOOLCHAIN_GCC_ARM/libmbed.a(Stream.o)
                0x000000000800285c                mbed::Stream::Stream(char const*)
                0x000000000800285c                mbed::Stream::Stream(char const*)
 .text.mbed_assert_internal
                0x00000000080028a0       0x18 ./mbed/TARGET_NUCLEO_F401RE/TOOLCHAIN_GCC_ARM/libmbed.a(assert.o)
                0x00000000080028a0                mbed_assert_internal
 .text.error    0x00000000080028b8       0x24 ./mbed/TARGET_NUCLEO_F401RE/TOOLCHAIN_GCC_ARM/libmbed.a(error.o)
                0x00000000080028b8                error
 .text.gpio_init_out
                0x00000000080028dc       0x48 ./mbed/TARGET_NUCLEO_F401RE/TOOLCHAIN_GCC_ARM/libmbed.a(gpio.o)
                0x00000000080028dc                gpio_init_out
 .text.pinmap_pinout
                0x0000000008002924       0x44 ./mbed/TARGET_NUCLEO_F401RE/TOOLCHAIN_GCC_ARM/libmbed.a(pinmap_common.o)
                0x0000000008002924                pinmap_pinout
 .text.pinmap_merge
                0x0000000008002968       0x24 ./mbed/TARGET_NUCLEO_F401RE/TOOLCHAIN_GCC_ARM/libmbed.a(pinmap_common.o)
                0x0000000008002968                pinmap_merge
 .text.pinmap_peripheral
                0x000000000800298c       0x34 ./mbed/TARGET_NUCLEO_F401RE/TOOLCHAIN_GCC_ARM/libmbed.a(pinmap_common.o)
                0x000000000800298c                pinmap_peripheral
 .text.pinmap_function
                0x00000000080029c0       0x34 ./mbed/TARGET_NUCLEO_F401RE/TOOLCHAIN_GCC_ARM/libmbed.a(pinmap_common.o)
                0x00000000080029c0                pinmap_function
 .text.us_ticker_irq_handler
                0x00000000080029f4        0xc ./mbed/TARGET_NUCLEO_F401RE/TOOLCHAIN_GCC_ARM/libmbed.a(us_ticker_api.o)
                0x00000000080029f4                us_ticker_irq_handler
 .text.wait_us  0x0000000008002a00       0x18 ./mbed/TARGET_NUCLEO_F401RE/TOOLCHAIN_GCC_ARM/libmbed.a(wait_api.o)
                0x0000000008002a00                wait_us
 .text.wait     0x0000000008002a18       0x1c ./mbed/TARGET_NUCLEO_F401RE/TOOLCHAIN_GCC_ARM/libmbed.a(wait_api.o)
                0x0000000008002a18                wait
 .text.wait_ms  0x0000000008002a34        0xc ./mbed/TARGET_NUCLEO_F401RE/TOOLCHAIN_GCC_ARM/libmbed.a(wait_api.o)
                0x0000000008002a34                wait_ms
 .text.gpio_set
                0x0000000008002a40       0x30 ./mbed/TARGET_NUCLEO_F401RE/TOOLCHAIN_GCC_ARM/libmbed.a(gpio_api.o)
                0x0000000008002a40                gpio_set
 .text.gpio_init
                0x0000000008002a70       0x2c ./mbed/TARGET_NUCLEO_F401RE/TOOLCHAIN_GCC_ARM/libmbed.a(gpio_api.o)
                0x0000000008002a70                gpio_init
 .text.gpio_mode
                0x0000000008002a9c        0x8 ./mbed/TARGET_NUCLEO_F401RE/TOOLCHAIN_GCC_ARM/libmbed.a(gpio_api.o)
                0x0000000008002a9c                gpio_mode
 .text.gpio_dir
                0x0000000008002aa4       0x40 ./mbed/TARGET_NUCLEO_F401RE/TOOLCHAIN_GCC_ARM/libmbed.a(gpio_api.o)
                0x0000000008002aa4                gpio_dir
 .text.us_ticker_init
                0x0000000008002ae4       0x24 ./mbed/TARGET_NUCLEO_F401RE/TOOLCHAIN_GCC_ARM/libmbed.a(us_ticker.o)
                0x0000000008002ae4                us_ticker_init
 .text.us_ticker_read
                0x0000000008002b08       0x1c ./mbed/TARGET_NUCLEO_F401RE/TOOLCHAIN_GCC_ARM/libmbed.a(us_ticker.o)
                0x0000000008002b08                us_ticker_read
 .text.us_ticker_set_interrupt
                0x0000000008002b24       0x14 ./mbed/TARGET_NUCLEO_F401RE/TOOLCHAIN_GCC_ARM/libmbed.a(us_ticker.o)
                0x0000000008002b24                us_ticker_set_interrupt
 .text.us_ticker_disable_interrupt
                0x0000000008002b38       0x14 ./mbed/TARGET_NUCLEO_F401RE/TOOLCHAIN_GCC_ARM/libmbed.a(us_ticker.o)
                0x0000000008002b38                us_ticker_disable_interrupt
 .text.us_ticker_clear_interrupt
                0x0000000008002b4c       0x10 ./mbed/TARGET_NUCLEO_F401RE/TOOLCHAIN_GCC_ARM/libmbed.a(us_ticker.o)
                0x0000000008002b4c                us_ticker_clear_interrupt
 .text._ZN4mbed8FileLikeD2Ev
                0x0000000008002b5c       0x24 ./mbed/TARGET_NUCLEO_F401RE/TOOLCHAIN_GCC_ARM/libmbed.a(FileLike.o)
                0x0000000008002b5c                mbed::FileLike::~FileLike()
                0x0000000008002b5c                mbed::FileLike::~FileLike()
 .text._ZThn4_N4mbed8FileLikeD1Ev
                0x0000000008002b80        0x8 ./mbed/TARGET_NUCLEO_F401RE/TOOLCHAIN_GCC_ARM/libmbed.a(FileLike.o)
                0x0000000008002b80                non-virtual thunk to mbed::FileLike::~FileLike()
 .text._ZN4mbed8FileLikeD0Ev
                0x0000000008002b88       0x2c ./mbed/TARGET_NUCLEO_F401RE/TOOLCHAIN_GCC_ARM/libmbed.a(FileLike.o)
                0x0000000008002b88                mbed::FileLike::~FileLike()
 .text._ZThn4_N4mbed8FileLikeD0Ev
                0x0000000008002bb4        0x8 ./mbed/TARGET_NUCLEO_F401RE/TOOLCHAIN_GCC_ARM/libmbed.a(FileLike.o)
                0x0000000008002bb4                non-virtual thunk to mbed::FileLike::~FileLike()
 .text._ZN4mbed8FileLikeC2EPKc
                0x0000000008002bbc       0x28 ./mbed/TARGET_NUCLEO_F401RE/TOOLCHAIN_GCC_ARM/libmbed.a(FileLike.o)
                0x0000000008002bbc                mbed::FileLike::FileLike(char const*)
                0x0000000008002bbc                mbed::FileLike::FileLike(char const*)
 .text._ZN4mbed8FileBaseD2Ev
                0x0000000008002be4       0x30 ./mbed/TARGET_NUCLEO_F401RE/TOOLCHAIN_GCC_ARM/libmbed.a(FileBase.o)
                0x0000000008002be4                mbed::FileBase::~FileBase()
                0x0000000008002be4                mbed::FileBase::~FileBase()
 .text._ZN4mbed8FileBaseD0Ev
                0x0000000008002c14       0x3c ./mbed/TARGET_NUCLEO_F401RE/TOOLCHAIN_GCC_ARM/libmbed.a(FileBase.o)
                0x0000000008002c14                mbed::FileBase::~FileBase()
 .text._ZN4mbed8FileBaseC2EPKcNS_8PathTypeE
                0x0000000008002c50       0x20 ./mbed/TARGET_NUCLEO_F401RE/TOOLCHAIN_GCC_ARM/libmbed.a(FileBase.o)
                0x0000000008002c50                mbed::FileBase::FileBase(char const*, mbed::PathType)
                0x0000000008002c50                mbed::FileBase::FileBase(char const*, mbed::PathType)
 .text._ZN4mbed8FileBase6lookupEPKcj
                0x0000000008002c70       0x3c ./mbed/TARGET_NUCLEO_F401RE/TOOLCHAIN_GCC_ARM/libmbed.a(FileBase.o)
                0x0000000008002c70                mbed::FileBase::lookup(char const*, unsigned int)
 .text._ZN4mbed8FileBase11getPathTypeEv
                0x0000000008002cac        0x4 ./mbed/TARGET_NUCLEO_F401RE/TOOLCHAIN_GCC_ARM/libmbed.a(FileBase.o)
                0x0000000008002cac                mbed::FileBase::getPathType()
 .text.ticker_irq_handler
                0x0000000008002cb0       0x48 ./mbed/TARGET_NUCLEO_F401RE/TOOLCHAIN_GCC_ARM/libmbed.a(ticker_api.o)
                0x0000000008002cb0                ticker_irq_handler
 .text.__aeabi_atexit
                0x0000000008002cf8        0xa /Users/yukisako/environment/gcc-arm-none-eabi-4_8-2013q4/bin/../lib/gcc/arm-none-eabi/4.8.3/../../../../arm-none-eabi/lib/armv7e-m/softfp/libstdc++_s.a(atexit_arm.o)
                0x0000000008002cf8                __aeabi_atexit
 .text._ZdlPv   0x0000000008002d02        0x8 /Users/yukisako/environment/gcc-arm-none-eabi-4_8-2013q4/bin/../lib/gcc/arm-none-eabi/4.8.3/../../../../arm-none-eabi/lib/armv7e-m/softfp/libstdc++_s.a(del_op.o)
                0x0000000008002d02                operator delete(void*)
 *fill*         0x0000000008002d0a        0x2 
 .text.__cxa_atexit
                0x0000000008002d0c       0x20 /Users/yukisako/environment/gcc-arm-none-eabi-4_8-2013q4/bin/../lib/gcc/arm-none-eabi/4.8.3/../../../../arm-none-eabi/lib/armv7e-m/softfp/libc_s.a(lib_a-cxa_atexit.o)
                0x0000000008002d0c                __cxa_atexit
 .text.__errno  0x0000000008002d2c        0xc /Users/yukisako/environment/gcc-arm-none-eabi-4_8-2013q4/bin/../lib/gcc/arm-none-eabi/4.8.3/../../../../arm-none-eabi/lib/armv7e-m/softfp/libc_s.a(lib_a-errno.o)
                0x0000000008002d2c                __errno
 .text.exit     0x0000000008002d38       0x28 /Users/yukisako/environment/gcc-arm-none-eabi-4_8-2013q4/bin/../lib/gcc/arm-none-eabi/4.8.3/../../../../arm-none-eabi/lib/armv7e-m/softfp/libc_s.a(lib_a-exit.o)
                0x0000000008002d38                exit
 .text._fclose_r
                0x0000000008002d60       0xa4 /Users/yukisako/environment/gcc-arm-none-eabi-4_8-2013q4/bin/../lib/gcc/arm-none-eabi/4.8.3/../../../../arm-none-eabi/lib/armv7e-m/softfp/libc_s.a(lib_a-fclose.o)
                0x0000000008002d60                _fclose_r
 .text.fclose   0x0000000008002e04       0x10 /Users/yukisako/environment/gcc-arm-none-eabi-4_8-2013q4/bin/../lib/gcc/arm-none-eabi/4.8.3/../../../../arm-none-eabi/lib/armv7e-m/softfp/libc_s.a(lib_a-fclose.o)
                0x0000000008002e04                fclose
 .text.__sflush_r
                0x0000000008002e14      0x106 /Users/yukisako/environment/gcc-arm-none-eabi-4_8-2013q4/bin/../lib/gcc/arm-none-eabi/4.8.3/../../../../arm-none-eabi/lib/armv7e-m/softfp/libc_s.a(lib_a-fflush.o)
                0x0000000008002e14                __sflush_r
 *fill*         0x0000000008002f1a        0x2 
 .text._fflush_r
                0x0000000008002f1c       0x54 /Users/yukisako/environment/gcc-arm-none-eabi-4_8-2013q4/bin/../lib/gcc/arm-none-eabi/4.8.3/../../../../arm-none-eabi/lib/armv7e-m/softfp/libc_s.a(lib_a-fflush.o)
                0x0000000008002f1c                _fflush_r
 .text.fflush   0x0000000008002f70       0x24 /Users/yukisako/environment/gcc-arm-none-eabi-4_8-2013q4/bin/../lib/gcc/arm-none-eabi/4.8.3/../../../../arm-none-eabi/lib/armv7e-m/softfp/libc_s.a(lib_a-fflush.o)
                0x0000000008002f70                fflush
 .text._cleanup_r
                0x0000000008002f94       0x32 /Users/yukisako/environment/gcc-arm-none-eabi-4_8-2013q4/bin/../lib/gcc/arm-none-eabi/4.8.3/../../../../arm-none-eabi/lib/armv7e-m/softfp/libc_s.a(lib_a-findfp.o)
                0x0000000008002f94                _cleanup_r
 *fill*         0x0000000008002fc6        0x2 
 .text.std.isra.0
                0x0000000008002fc8       0x48 /Users/yukisako/environment/gcc-arm-none-eabi-4_8-2013q4/bin/../lib/gcc/arm-none-eabi/4.8.3/../../../../arm-none-eabi/lib/armv7e-m/softfp/libc_s.a(lib_a-findfp.o)
 .text.__sfmoreglue
                0x0000000008003010       0x2c /Users/yukisako/environment/gcc-arm-none-eabi-4_8-2013q4/bin/../lib/gcc/arm-none-eabi/4.8.3/../../../../arm-none-eabi/lib/armv7e-m/softfp/libc_s.a(lib_a-findfp.o)
                0x0000000008003010                __sfmoreglue
 .text.__sinit  0x000000000800303c       0x60 /Users/yukisako/environment/gcc-arm-none-eabi-4_8-2013q4/bin/../lib/gcc/arm-none-eabi/4.8.3/../../../../arm-none-eabi/lib/armv7e-m/softfp/libc_s.a(lib_a-findfp.o)
                0x000000000800303c                __sinit
 .text.__sfp    0x000000000800309c       0x74 /Users/yukisako/environment/gcc-arm-none-eabi-4_8-2013q4/bin/../lib/gcc/arm-none-eabi/4.8.3/../../../../arm-none-eabi/lib/armv7e-m/softfp/libc_s.a(lib_a-findfp.o)
                0x000000000800309c                __sfp
 .text.__sfp_lock_acquire
                0x0000000008003110        0x2 /Users/yukisako/environment/gcc-arm-none-eabi-4_8-2013q4/bin/../lib/gcc/arm-none-eabi/4.8.3/../../../../arm-none-eabi/lib/armv7e-m/softfp/libc_s.a(lib_a-findfp.o)
                0x0000000008003110                __sfp_lock_acquire
 .text.__sfp_lock_release
                0x0000000008003112        0x2 /Users/yukisako/environment/gcc-arm-none-eabi-4_8-2013q4/bin/../lib/gcc/arm-none-eabi/4.8.3/../../../../arm-none-eabi/lib/armv7e-m/softfp/libc_s.a(lib_a-findfp.o)
                0x0000000008003112                __sfp_lock_release
 .text._fopen_r
                0x0000000008003114       0x80 /Users/yukisako/environment/gcc-arm-none-eabi-4_8-2013q4/bin/../lib/gcc/arm-none-eabi/4.8.3/../../../../arm-none-eabi/lib/armv7e-m/softfp/libc_s.a(lib_a-fopen.o)
                0x0000000008003114                _fopen_r
 .text.fopen    0x0000000008003194       0x14 /Users/yukisako/environment/gcc-arm-none-eabi-4_8-2013q4/bin/../lib/gcc/arm-none-eabi/4.8.3/../../../../arm-none-eabi/lib/armv7e-m/softfp/libc_s.a(lib_a-fopen.o)
                0x0000000008003194                fopen
 .text._fseek_r
                0x00000000080031a8        0x4 /Users/yukisako/environment/gcc-arm-none-eabi-4_8-2013q4/bin/../lib/gcc/arm-none-eabi/4.8.3/../../../../arm-none-eabi/lib/armv7e-m/softfp/libc_s.a(lib_a-fseek.o)
                0x00000000080031a8                _fseek_r
 .text._fseeko_r
                0x00000000080031ac      0x11c /Users/yukisako/environment/gcc-arm-none-eabi-4_8-2013q4/bin/../lib/gcc/arm-none-eabi/4.8.3/../../../../arm-none-eabi/lib/armv7e-m/softfp/libc_s.a(lib_a-fseeko.o)
                0x00000000080031ac                _fseeko_r
 .text._fwalk_reent
                0x00000000080032c8       0x3c /Users/yukisako/environment/gcc-arm-none-eabi-4_8-2013q4/bin/../lib/gcc/arm-none-eabi/4.8.3/../../../../arm-none-eabi/lib/armv7e-m/softfp/libc_s.a(lib_a-fwalk.o)
                0x00000000080032c8                _fwalk_reent
 .text.__libc_init_array
                0x0000000008003304       0x4c /Users/yukisako/environment/gcc-arm-none-eabi-4_8-2013q4/bin/../lib/gcc/arm-none-eabi/4.8.3/../../../../arm-none-eabi/lib/armv7e-m/softfp/libc_s.a(lib_a-init.o)
                0x0000000008003304                __libc_init_array
 .text.__smakebuf_r
                0x0000000008003350       0x9c /Users/yukisako/environment/gcc-arm-none-eabi-4_8-2013q4/bin/../lib/gcc/arm-none-eabi/4.8.3/../../../../arm-none-eabi/lib/armv7e-m/softfp/libc_s.a(lib_a-makebuf.o)
                0x0000000008003350                __smakebuf_r
 .text.malloc   0x00000000080033ec       0x10 /Users/yukisako/environment/gcc-arm-none-eabi-4_8-2013q4/bin/../lib/gcc/arm-none-eabi/4.8.3/../../../../arm-none-eabi/lib/armv7e-m/softfp/libc_s.a(lib_a-malloc.o)
                0x00000000080033ec                malloc
 .text.free     0x00000000080033fc       0x10 /Users/yukisako/environment/gcc-arm-none-eabi-4_8-2013q4/bin/../lib/gcc/arm-none-eabi/4.8.3/../../../../arm-none-eabi/lib/armv7e-m/softfp/libc_s.a(lib_a-malloc.o)
                0x00000000080033fc                free
 .text.memchr   0x000000000800340c       0x1e /Users/yukisako/environment/gcc-arm-none-eabi-4_8-2013q4/bin/../lib/gcc/arm-none-eabi/4.8.3/../../../../arm-none-eabi/lib/armv7e-m/softfp/libc_s.a(lib_a-memchr-stub.o)
                0x000000000800340c                memchr
 .text.memcpy   0x000000000800342a       0x12 /Users/yukisako/environment/gcc-arm-none-eabi-4_8-2013q4/bin/../lib/gcc/arm-none-eabi/4.8.3/../../../../arm-none-eabi/lib/armv7e-m/softfp/libc_s.a(lib_a-memcpy-stub.o)
                0x000000000800342a                memcpy
 .text.memset   0x000000000800343c       0x10 /Users/yukisako/environment/gcc-arm-none-eabi-4_8-2013q4/bin/../lib/gcc/arm-none-eabi/4.8.3/../../../../arm-none-eabi/lib/armv7e-m/softfp/libc_s.a(lib_a-memset.o)
                0x000000000800343c                memset
 .text._free_r  0x000000000800344c       0x88 /Users/yukisako/environment/gcc-arm-none-eabi-4_8-2013q4/bin/../lib/gcc/arm-none-eabi/4.8.3/../../../../arm-none-eabi/lib/armv7e-m/softfp/libc_s.a(lib_a-nano-freer.o)
                0x000000000800344c                _free_r
 .text._malloc_r
                0x00000000080034d4       0xa8 /Users/yukisako/environment/gcc-arm-none-eabi-4_8-2013q4/bin/../lib/gcc/arm-none-eabi/4.8.3/../../../../arm-none-eabi/lib/armv7e-m/softfp/libc_s.a(lib_a-nano-mallocr.o)
                0x00000000080034d4                _malloc_r
 .text._open_r  0x000000000800357c       0x24 /Users/yukisako/environment/gcc-arm-none-eabi-4_8-2013q4/bin/../lib/gcc/arm-none-eabi/4.8.3/../../../../arm-none-eabi/lib/armv7e-m/softfp/libc_s.a(lib_a-openr.o)
                0x000000000800357c                _open_r
 .text.printf   0x00000000080035a0       0x30 /Users/yukisako/environment/gcc-arm-none-eabi-4_8-2013q4/bin/../lib/gcc/arm-none-eabi/4.8.3/../../../../arm-none-eabi/lib/armv7e-m/softfp/libc_s.a(lib_a-printf.o)
                0x00000000080035a0                printf
                0x00000000080035a0                iprintf
 .text._sbrk_r  0x00000000080035d0       0x20 /Users/yukisako/environment/gcc-arm-none-eabi-4_8-2013q4/bin/../lib/gcc/arm-none-eabi/4.8.3/../../../../arm-none-eabi/lib/armv7e-m/softfp/libc_s.a(lib_a-sbrkr.o)
                0x00000000080035d0                _sbrk_r
 .text.setbuf   0x00000000080035f0       0x10 /Users/yukisako/environment/gcc-arm-none-eabi-4_8-2013q4/bin/../lib/gcc/arm-none-eabi/4.8.3/../../../../arm-none-eabi/lib/armv7e-m/softfp/libc_s.a(lib_a-setbuf.o)
                0x00000000080035f0                setbuf
 .text.setvbuf  0x0000000008003600      0x110 /Users/yukisako/environment/gcc-arm-none-eabi-4_8-2013q4/bin/../lib/gcc/arm-none-eabi/4.8.3/../../../../arm-none-eabi/lib/armv7e-m/softfp/libc_s.a(lib_a-setvbuf.o)
                0x0000000008003600                setvbuf
 .text.sprintf  0x0000000008003710       0x48 /Users/yukisako/environment/gcc-arm-none-eabi-4_8-2013q4/bin/../lib/gcc/arm-none-eabi/4.8.3/../../../../arm-none-eabi/lib/armv7e-m/softfp/libc_s.a(lib_a-sprintf.o)
                0x0000000008003710                sprintf
                0x0000000008003710                siprintf
 .text.sscanf   0x0000000008003758       0x54 /Users/yukisako/environment/gcc-arm-none-eabi-4_8-2013q4/bin/../lib/gcc/arm-none-eabi/4.8.3/../../../../arm-none-eabi/lib/armv7e-m/softfp/libc_s.a(lib_a-sscanf.o)
                0x0000000008003758                sscanf
                0x0000000008003758                siscanf
 .text.__sread  0x00000000080037ac       0x22 /Users/yukisako/environment/gcc-arm-none-eabi-4_8-2013q4/bin/../lib/gcc/arm-none-eabi/4.8.3/../../../../arm-none-eabi/lib/armv7e-m/softfp/libc_s.a(lib_a-stdio.o)
                0x00000000080037ac                __sread
 .text.__seofread
                0x00000000080037ce        0x4 /Users/yukisako/environment/gcc-arm-none-eabi-4_8-2013q4/bin/../lib/gcc/arm-none-eabi/4.8.3/../../../../arm-none-eabi/lib/armv7e-m/softfp/libc_s.a(lib_a-stdio.o)
                0x00000000080037ce                __seofread
 .text.__swrite
                0x00000000080037d2       0x38 /Users/yukisako/environment/gcc-arm-none-eabi-4_8-2013q4/bin/../lib/gcc/arm-none-eabi/4.8.3/../../../../arm-none-eabi/lib/armv7e-m/softfp/libc_s.a(lib_a-stdio.o)
                0x00000000080037d2                __swrite
 .text.__sseek  0x000000000800380a       0x24 /Users/yukisako/environment/gcc-arm-none-eabi-4_8-2013q4/bin/../lib/gcc/arm-none-eabi/4.8.3/../../../../arm-none-eabi/lib/armv7e-m/softfp/libc_s.a(lib_a-stdio.o)
                0x000000000800380a                __sseek
 .text.__sclose
                0x000000000800382e        0x8 /Users/yukisako/environment/gcc-arm-none-eabi-4_8-2013q4/bin/../lib/gcc/arm-none-eabi/4.8.3/../../../../arm-none-eabi/lib/armv7e-m/softfp/libc_s.a(lib_a-stdio.o)
                0x000000000800382e                __sclose
 .text          0x0000000008003836       0x14 /Users/yukisako/environment/gcc-arm-none-eabi-4_8-2013q4/bin/../lib/gcc/arm-none-eabi/4.8.3/../../../../arm-none-eabi/lib/armv7e-m/softfp/libc_s.a(lib_a-strcmp.o)
                0x0000000008003836                strcmp
 .text.strlen   0x000000000800384a       0x10 /Users/yukisako/environment/gcc-arm-none-eabi-4_8-2013q4/bin/../lib/gcc/arm-none-eabi/4.8.3/../../../../arm-none-eabi/lib/armv7e-m/softfp/libc_s.a(lib_a-strlen.o)
                0x000000000800384a                strlen
 .text.strncmp  0x000000000800385a       0x2e /Users/yukisako/environment/gcc-arm-none-eabi-4_8-2013q4/bin/../lib/gcc/arm-none-eabi/4.8.3/../../../../arm-none-eabi/lib/armv7e-m/softfp/libc_s.a(lib_a-strncmp.o)
                0x000000000800385a                strncmp
 .text.__ssputs_r
                0x0000000008003888       0xb8 /Users/yukisako/environment/gcc-arm-none-eabi-4_8-2013q4/bin/../lib/gcc/arm-none-eabi/4.8.3/../../../../arm-none-eabi/lib/armv7e-m/softfp/libc_s.a(lib_a-svfprintf.o)
                0x0000000008003888                __ssputs_r
 .text._svfprintf_r
                0x0000000008003940      0x1dc /Users/yukisako/environment/gcc-arm-none-eabi-4_8-2013q4/bin/../lib/gcc/arm-none-eabi/4.8.3/../../../../arm-none-eabi/lib/armv7e-m/softfp/libc_s.a(lib_a-svfprintf.o)
                0x0000000008003940                _svfprintf_r
                0x0000000008003940                _svfiprintf_r
 .text._sungetc_r
                0x0000000008003b1c       0x7a /Users/yukisako/environment/gcc-arm-none-eabi-4_8-2013q4/bin/../lib/gcc/arm-none-eabi/4.8.3/../../../../arm-none-eabi/lib/armv7e-m/softfp/libc_s.a(lib_a-svfscanf.o)
                0x0000000008003b1c                _sungetc_r
 .text.__ssrefill_r
                0x0000000008003b96       0x3a /Users/yukisako/environment/gcc-arm-none-eabi-4_8-2013q4/bin/../lib/gcc/arm-none-eabi/4.8.3/../../../../arm-none-eabi/lib/armv7e-m/softfp/libc_s.a(lib_a-svfscanf.o)
                0x0000000008003b96                __ssrefill_r
 .text.__ssvfscanf_r
                0x0000000008003bd0      0x298 /Users/yukisako/environment/gcc-arm-none-eabi-4_8-2013q4/bin/../lib/gcc/arm-none-eabi/4.8.3/../../../../arm-none-eabi/lib/armv7e-m/softfp/libc_s.a(lib_a-svfscanf.o)
                0x0000000008003bd0                __ssvfscanf_r
                0x0000000008003bd0                __ssvfiscanf_r
 .text.__submore
                0x0000000008003e68       0x76 /Users/yukisako/environment/gcc-arm-none-eabi-4_8-2013q4/bin/../lib/gcc/arm-none-eabi/4.8.3/../../../../arm-none-eabi/lib/armv7e-m/softfp/libc_s.a(lib_a-ungetc.o)
                0x0000000008003e68                __submore
 .text.__sfputc_r
                0x0000000008003ede       0x2c /Users/yukisako/environment/gcc-arm-none-eabi-4_8-2013q4/bin/../lib/gcc/arm-none-eabi/4.8.3/../../../../arm-none-eabi/lib/armv7e-m/softfp/libc_s.a(lib_a-vfprintf.o)
 .text.__sfputs_r
                0x0000000008003f0a       0x24 /Users/yukisako/environment/gcc-arm-none-eabi-4_8-2013q4/bin/../lib/gcc/arm-none-eabi/4.8.3/../../../../arm-none-eabi/lib/armv7e-m/softfp/libc_s.a(lib_a-vfprintf.o)
                0x0000000008003f0a                __sfputs_r
 *fill*         0x0000000008003f2e        0x2 
 .text._vfprintf_r
                0x0000000008003f30      0x208 /Users/yukisako/environment/gcc-arm-none-eabi-4_8-2013q4/bin/../lib/gcc/arm-none-eabi/4.8.3/../../../../arm-none-eabi/lib/armv7e-m/softfp/libc_s.a(lib_a-vfprintf.o)
                0x0000000008003f30                _vfiprintf_r
                0x0000000008003f30                _vfprintf_r
 .text.vfprintf
                0x0000000008004138       0x1c /Users/yukisako/environment/gcc-arm-none-eabi-4_8-2013q4/bin/../lib/gcc/arm-none-eabi/4.8.3/../../../../arm-none-eabi/lib/armv7e-m/softfp/libc_s.a(lib_a-vfprintf.o)
                0x0000000008004138                vfiprintf
                0x0000000008004138                vfprintf
 .text.__cvt    0x0000000008004154       0xc0 /Users/yukisako/environment/gcc-arm-none-eabi-4_8-2013q4/bin/../lib/gcc/arm-none-eabi/4.8.3/../../../../arm-none-eabi/lib/armv7e-m/softfp/libc_s.a(lib_a-vfprintf_float.o)
                0x0000000008004154                __cvt
 .text.__exponent
                0x0000000008004214       0x66 /Users/yukisako/environment/gcc-arm-none-eabi-4_8-2013q4/bin/../lib/gcc/arm-none-eabi/4.8.3/../../../../arm-none-eabi/lib/armv7e-m/softfp/libc_s.a(lib_a-vfprintf_float.o)
                0x0000000008004214                __exponent
 *fill*         0x000000000800427a        0x2 
 .text._printf_float
                0x000000000800427c      0x41c /Users/yukisako/environment/gcc-arm-none-eabi-4_8-2013q4/bin/../lib/gcc/arm-none-eabi/4.8.3/../../../../arm-none-eabi/lib/armv7e-m/softfp/libc_s.a(lib_a-vfprintf_float.o)
                0x000000000800427c                _printf_float
 .text._printf_common
                0x0000000008004698       0xe4 /Users/yukisako/environment/gcc-arm-none-eabi-4_8-2013q4/bin/../lib/gcc/arm-none-eabi/4.8.3/../../../../arm-none-eabi/lib/armv7e-m/softfp/libc_s.a(lib_a-vfprintf_i.o)
                0x0000000008004698                _printf_common
 .text._printf_i
                0x000000000800477c      0x228 /Users/yukisako/environment/gcc-arm-none-eabi-4_8-2013q4/bin/../lib/gcc/arm-none-eabi/4.8.3/../../../../arm-none-eabi/lib/armv7e-m/softfp/libc_s.a(lib_a-vfprintf_i.o)
                0x000000000800477c                _printf_i
 .text._scanf_float
                0x00000000080049a4      0x3d8 /Users/yukisako/environment/gcc-arm-none-eabi-4_8-2013q4/bin/../lib/gcc/arm-none-eabi/4.8.3/../../../../arm-none-eabi/lib/armv7e-m/softfp/libc_s.a(lib_a-vfscanf_float.o)
                0x00000000080049a4                _scanf_float
 .text._scanf_chars
                0x0000000008004d7c       0xc0 /Users/yukisako/environment/gcc-arm-none-eabi-4_8-2013q4/bin/../lib/gcc/arm-none-eabi/4.8.3/../../../../arm-none-eabi/lib/armv7e-m/softfp/libc_s.a(lib_a-vfscanf_i.o)
                0x0000000008004d7c                _scanf_chars
 .text._scanf_i
                0x0000000008004e3c      0x1ec /Users/yukisako/environment/gcc-arm-none-eabi-4_8-2013q4/bin/../lib/gcc/arm-none-eabi/4.8.3/../../../../arm-none-eabi/lib/armv7e-m/softfp/libc_s.a(lib_a-vfscanf_i.o)
                0x0000000008004e3c                _scanf_i
 .text.__swbuf_r
                0x0000000008005028       0xa8 /Users/yukisako/environment/gcc-arm-none-eabi-4_8-2013q4/bin/../lib/gcc/arm-none-eabi/4.8.3/../../../../arm-none-eabi/lib/armv7e-m/softfp/libc_s.a(lib_a-wbuf.o)
                0x0000000008005028                __swbuf_r
 .text._write_r
                0x00000000080050d0       0x24 /Users/yukisako/environment/gcc-arm-none-eabi-4_8-2013q4/bin/../lib/gcc/arm-none-eabi/4.8.3/../../../../arm-none-eabi/lib/armv7e-m/softfp/libc_s.a(lib_a-writer.o)
                0x00000000080050d0                _write_r
 .text.__swsetup_r
                0x00000000080050f4       0xdc /Users/yukisako/environment/gcc-arm-none-eabi-4_8-2013q4/bin/../lib/gcc/arm-none-eabi/4.8.3/../../../../arm-none-eabi/lib/armv7e-m/softfp/libc_s.a(lib_a-wsetup.o)
                0x00000000080050f4                __swsetup_r
 .text._close_r
                0x00000000080051d0       0x20 /Users/yukisako/environment/gcc-arm-none-eabi-4_8-2013q4/bin/../lib/gcc/arm-none-eabi/4.8.3/../../../../arm-none-eabi/lib/armv7e-m/softfp/libc_s.a(lib_a-closer.o)
                0x00000000080051d0                _close_r
 .text.quorem   0x00000000080051f0      0x11a /Users/yukisako/environment/gcc-arm-none-eabi-4_8-2013q4/bin/../lib/gcc/arm-none-eabi/4.8.3/../../../../arm-none-eabi/lib/armv7e-m/softfp/libc_s.a(lib_a-dtoa.o)
 *fill*         0x000000000800530a        0x6 
 .text._dtoa_r  0x0000000008005310      0xb70 /Users/yukisako/environment/gcc-arm-none-eabi-4_8-2013q4/bin/../lib/gcc/arm-none-eabi/4.8.3/../../../../arm-none-eabi/lib/armv7e-m/softfp/libc_s.a(lib_a-dtoa.o)
                0x0000000008005310                _dtoa_r
 .text.__sflags
                0x0000000008005e80       0x6e /Users/yukisako/environment/gcc-arm-none-eabi-4_8-2013q4/bin/../lib/gcc/arm-none-eabi/4.8.3/../../../../arm-none-eabi/lib/armv7e-m/softfp/libc_s.a(lib_a-flags.o)
                0x0000000008005e80                __sflags
 *fill*         0x0000000008005eee        0x2 
 .text._fstat_r
                0x0000000008005ef0       0x24 /Users/yukisako/environment/gcc-arm-none-eabi-4_8-2013q4/bin/../lib/gcc/arm-none-eabi/4.8.3/../../../../arm-none-eabi/lib/armv7e-m/softfp/libc_s.a(lib_a-fstatr.o)
                0x0000000008005ef0                _fstat_r
 .text._isatty_r
                0x0000000008005f14       0x20 /Users/yukisako/environment/gcc-arm-none-eabi-4_8-2013q4/bin/../lib/gcc/arm-none-eabi/4.8.3/../../../../arm-none-eabi/lib/armv7e-m/softfp/libc_s.a(lib_a-isattyr.o)
                0x0000000008005f14                _isatty_r
 .text._localeconv_r
                0x0000000008005f34        0x8 /Users/yukisako/environment/gcc-arm-none-eabi-4_8-2013q4/bin/../lib/gcc/arm-none-eabi/4.8.3/../../../../arm-none-eabi/lib/armv7e-m/softfp/libc_s.a(lib_a-locale.o)
                0x0000000008005f34                _localeconv_r
 .text._lseek_r
                0x0000000008005f3c       0x24 /Users/yukisako/environment/gcc-arm-none-eabi-4_8-2013q4/bin/../lib/gcc/arm-none-eabi/4.8.3/../../../../arm-none-eabi/lib/armv7e-m/softfp/libc_s.a(lib_a-lseekr.o)
                0x0000000008005f3c                _lseek_r
 .text.memmove  0x0000000008005f60       0x36 /Users/yukisako/environment/gcc-arm-none-eabi-4_8-2013q4/bin/../lib/gcc/arm-none-eabi/4.8.3/../../../../arm-none-eabi/lib/armv7e-m/softfp/libc_s.a(lib_a-memmove.o)
                0x0000000008005f60                memmove
 .text._Balloc  0x0000000008005f96       0x6a /Users/yukisako/environment/gcc-arm-none-eabi-4_8-2013q4/bin/../lib/gcc/arm-none-eabi/4.8.3/../../../../arm-none-eabi/lib/armv7e-m/softfp/libc_s.a(lib_a-mprec.o)
                0x0000000008005f96                _Balloc
 .text._Bfree   0x0000000008006000       0x2e /Users/yukisako/environment/gcc-arm-none-eabi-4_8-2013q4/bin/../lib/gcc/arm-none-eabi/4.8.3/../../../../arm-none-eabi/lib/armv7e-m/softfp/libc_s.a(lib_a-mprec.o)
                0x0000000008006000                _Bfree
 .text.__multadd
                0x000000000800602e       0x74 /Users/yukisako/environment/gcc-arm-none-eabi-4_8-2013q4/bin/../lib/gcc/arm-none-eabi/4.8.3/../../../../arm-none-eabi/lib/armv7e-m/softfp/libc_s.a(lib_a-mprec.o)
                0x000000000800602e                __multadd
 .text.__s2b    0x00000000080060a2       0x84 /Users/yukisako/environment/gcc-arm-none-eabi-4_8-2013q4/bin/../lib/gcc/arm-none-eabi/4.8.3/../../../../arm-none-eabi/lib/armv7e-m/softfp/libc_s.a(lib_a-mprec.o)
                0x00000000080060a2                __s2b
 .text.__hi0bits
                0x0000000008006126       0x40 /Users/yukisako/environment/gcc-arm-none-eabi-4_8-2013q4/bin/../lib/gcc/arm-none-eabi/4.8.3/../../../../arm-none-eabi/lib/armv7e-m/softfp/libc_s.a(lib_a-mprec.o)
                0x0000000008006126                __hi0bits
 .text.__lo0bits
                0x0000000008006166       0x5a /Users/yukisako/environment/gcc-arm-none-eabi-4_8-2013q4/bin/../lib/gcc/arm-none-eabi/4.8.3/../../../../arm-none-eabi/lib/armv7e-m/softfp/libc_s.a(lib_a-mprec.o)
                0x0000000008006166                __lo0bits
 .text.__i2b    0x00000000080061c0       0x12 /Users/yukisako/environment/gcc-arm-none-eabi-4_8-2013q4/bin/../lib/gcc/arm-none-eabi/4.8.3/../../../../arm-none-eabi/lib/armv7e-m/softfp/libc_s.a(lib_a-mprec.o)
                0x00000000080061c0                __i2b
 .text.__multiply
                0x00000000080061d2      0x130 /Users/yukisako/environment/gcc-arm-none-eabi-4_8-2013q4/bin/../lib/gcc/arm-none-eabi/4.8.3/../../../../arm-none-eabi/lib/armv7e-m/softfp/libc_s.a(lib_a-mprec.o)
                0x00000000080061d2                __multiply
 *fill*         0x0000000008006302        0x2 
 .text.__pow5mult
                0x0000000008006304       0x9c /Users/yukisako/environment/gcc-arm-none-eabi-4_8-2013q4/bin/../lib/gcc/arm-none-eabi/4.8.3/../../../../arm-none-eabi/lib/armv7e-m/softfp/libc_s.a(lib_a-mprec.o)
                0x0000000008006304                __pow5mult
 .text.__lshift
                0x00000000080063a0       0xa6 /Users/yukisako/environment/gcc-arm-none-eabi-4_8-2013q4/bin/../lib/gcc/arm-none-eabi/4.8.3/../../../../arm-none-eabi/lib/armv7e-m/softfp/libc_s.a(lib_a-mprec.o)
                0x00000000080063a0                __lshift
 .text.__mcmp   0x0000000008006446       0x3a /Users/yukisako/environment/gcc-arm-none-eabi-4_8-2013q4/bin/../lib/gcc/arm-none-eabi/4.8.3/../../../../arm-none-eabi/lib/armv7e-m/softfp/libc_s.a(lib_a-mprec.o)
                0x0000000008006446                __mcmp
 .text.__mdiff  0x0000000008006480       0xbc /Users/yukisako/environment/gcc-arm-none-eabi-4_8-2013q4/bin/../lib/gcc/arm-none-eabi/4.8.3/../../../../arm-none-eabi/lib/armv7e-m/softfp/libc_s.a(lib_a-mprec.o)
                0x0000000008006480                __mdiff
 .text.__ulp    0x000000000800653c       0x44 /Users/yukisako/environment/gcc-arm-none-eabi-4_8-2013q4/bin/../lib/gcc/arm-none-eabi/4.8.3/../../../../arm-none-eabi/lib/armv7e-m/softfp/libc_s.a(lib_a-mprec.o)
                0x000000000800653c                __ulp
 .text.__b2d    0x0000000008006580       0xa6 /Users/yukisako/environment/gcc-arm-none-eabi-4_8-2013q4/bin/../lib/gcc/arm-none-eabi/4.8.3/../../../../arm-none-eabi/lib/armv7e-m/softfp/libc_s.a(lib_a-mprec.o)
                0x0000000008006580                __b2d
 .text.__d2b    0x0000000008006626       0xa4 /Users/yukisako/environment/gcc-arm-none-eabi-4_8-2013q4/bin/../lib/gcc/arm-none-eabi/4.8.3/../../../../arm-none-eabi/lib/armv7e-m/softfp/libc_s.a(lib_a-mprec.o)
                0x0000000008006626                __d2b
 .text.__ratio  0x00000000080066ca       0x4a /Users/yukisako/environment/gcc-arm-none-eabi-4_8-2013q4/bin/../lib/gcc/arm-none-eabi/4.8.3/../../../../arm-none-eabi/lib/armv7e-m/softfp/libc_s.a(lib_a-mprec.o)
                0x00000000080066ca                __ratio
 .text.__copybits
                0x0000000008006714       0x32 /Users/yukisako/environment/gcc-arm-none-eabi-4_8-2013q4/bin/../lib/gcc/arm-none-eabi/4.8.3/../../../../arm-none-eabi/lib/armv7e-m/softfp/libc_s.a(lib_a-mprec.o)
                0x0000000008006714                __copybits
 .text.__any_on
                0x0000000008006746       0x48 /Users/yukisako/environment/gcc-arm-none-eabi-4_8-2013q4/bin/../lib/gcc/arm-none-eabi/4.8.3/../../../../arm-none-eabi/lib/armv7e-m/softfp/libc_s.a(lib_a-mprec.o)
                0x0000000008006746                __any_on
 .text._calloc_r
                0x000000000800678e       0x1c /Users/yukisako/environment/gcc-arm-none-eabi-4_8-2013q4/bin/../lib/gcc/arm-none-eabi/4.8.3/../../../../arm-none-eabi/lib/armv7e-m/softfp/libc_s.a(lib_a-nano-callocr.o)
                0x000000000800678e                _calloc_r
 .text._realloc_r
                0x00000000080067aa       0x4c /Users/yukisako/environment/gcc-arm-none-eabi-4_8-2013q4/bin/../lib/gcc/arm-none-eabi/4.8.3/../../../../arm-none-eabi/lib/armv7e-m/softfp/libc_s.a(lib_a-nano-reallocr.o)
                0x00000000080067aa                _realloc_r
 *fill*         0x00000000080067f6        0x2 
 .text._read_r  0x00000000080067f8       0x24 /Users/yukisako/environment/gcc-arm-none-eabi-4_8-2013q4/bin/../lib/gcc/arm-none-eabi/4.8.3/../../../../arm-none-eabi/lib/armv7e-m/softfp/libc_s.a(lib_a-readr.o)
                0x00000000080067f8                _read_r
 .text.__fpclassifyd
                0x000000000800681c       0x44 /Users/yukisako/environment/gcc-arm-none-eabi-4_8-2013q4/bin/../lib/gcc/arm-none-eabi/4.8.3/../../../../arm-none-eabi/lib/armv7e-m/softfp/libc_s.a(lib_a-s_fpclassify.o)
                0x000000000800681c                __fpclassifyd
 .text.__sccl   0x0000000008006860       0x64 /Users/yukisako/environment/gcc-arm-none-eabi-4_8-2013q4/bin/../lib/gcc/arm-none-eabi/4.8.3/../../../../arm-none-eabi/lib/armv7e-m/softfp/libc_s.a(lib_a-sccl.o)
                0x0000000008006860                __sccl
 .text.nanf     0x00000000080068c4        0x8 /Users/yukisako/environment/gcc-arm-none-eabi-4_8-2013q4/bin/../lib/gcc/arm-none-eabi/4.8.3/../../../../arm-none-eabi/lib/armv7e-m/softfp/libc_s.a(lib_a-sf_nan.o)
                0x00000000080068c4                nanf
 .text.match    0x00000000080068cc       0x2a /Users/yukisako/environment/gcc-arm-none-eabi-4_8-2013q4/bin/../lib/gcc/arm-none-eabi/4.8.3/../../../../arm-none-eabi/lib/armv7e-m/softfp/libc_s.a(lib_a-strtod.o)
 .text.sulp     0x00000000080068f6       0x3e /Users/yukisako/environment/gcc-arm-none-eabi-4_8-2013q4/bin/../lib/gcc/arm-none-eabi/4.8.3/../../../../arm-none-eabi/lib/armv7e-m/softfp/libc_s.a(lib_a-strtod.o)
 *fill*         0x0000000008006934        0x4 
 .text._strtod_r
                0x0000000008006938      0xc38 /Users/yukisako/environment/gcc-arm-none-eabi-4_8-2013q4/bin/../lib/gcc/arm-none-eabi/4.8.3/../../../../arm-none-eabi/lib/armv7e-m/softfp/libc_s.a(lib_a-strtod.o)
                0x0000000008006938                _strtod_r
 .text._strtol_r
                0x0000000008007570      0x104 /Users/yukisako/environment/gcc-arm-none-eabi-4_8-2013q4/bin/../lib/gcc/arm-none-eabi/4.8.3/../../../../arm-none-eabi/lib/armv7e-m/softfp/libc_s.a(lib_a-strtol.o)
                0x0000000008007570                _strtol_r
 .text._strtoul_r
                0x0000000008007674       0xf0 /Users/yukisako/environment/gcc-arm-none-eabi-4_8-2013q4/bin/../lib/gcc/arm-none-eabi/4.8.3/../../../../arm-none-eabi/lib/armv7e-m/softfp/libc_s.a(lib_a-strtoul.o)
                0x0000000008007674                _strtoul_r
 .text.rshift   0x0000000008007764       0x6a /Users/yukisako/environment/gcc-arm-none-eabi-4_8-2013q4/bin/../lib/gcc/arm-none-eabi/4.8.3/../../../../arm-none-eabi/lib/armv7e-m/softfp/libc_s.a(lib_a-gdtoa-gethex.o)
 .text.__hexdig_fun
                0x00000000080077ce       0x30 /Users/yukisako/environment/gcc-arm-none-eabi-4_8-2013q4/bin/../lib/gcc/arm-none-eabi/4.8.3/../../../../arm-none-eabi/lib/armv7e-m/softfp/libc_s.a(lib_a-gdtoa-gethex.o)
                0x00000000080077ce                __hexdig_fun
 .text.__gethex
                0x00000000080077fe      0x45e /Users/yukisako/environment/gcc-arm-none-eabi-4_8-2013q4/bin/../lib/gcc/arm-none-eabi/4.8.3/../../../../arm-none-eabi/lib/armv7e-m/softfp/libc_s.a(lib_a-gdtoa-gethex.o)
                0x00000000080077fe                __gethex
 .text.L_shift  0x0000000008007c5c       0x26 /Users/yukisako/environment/gcc-arm-none-eabi-4_8-2013q4/bin/../lib/gcc/arm-none-eabi/4.8.3/../../../../arm-none-eabi/lib/armv7e-m/softfp/libc_s.a(lib_a-gdtoa-hexnan.o)
 .text.__hexnan
                0x0000000008007c82      0x120 /Users/yukisako/environment/gcc-arm-none-eabi-4_8-2013q4/bin/../lib/gcc/arm-none-eabi/4.8.3/../../../../arm-none-eabi/lib/armv7e-m/softfp/libc_s.a(lib_a-gdtoa-hexnan.o)
                0x0000000008007c82                __hexnan
 .text._malloc_usable_size_r
                0x0000000008007da2       0x12 /Users/yukisako/environment/gcc-arm-none-eabi-4_8-2013q4/bin/../lib/gcc/arm-none-eabi/4.8.3/../../../../arm-none-eabi/lib/armv7e-m/softfp/libc_s.a(lib_a-nano-msizer.o)
                0x0000000008007da2                _malloc_usable_size_r
 .text          0x0000000008007db4      0x370 /Users/yukisako/environment/gcc-arm-none-eabi-4_8-2013q4/bin/../lib/gcc/arm-none-eabi/4.8.3/armv7e-m/softfp/libgcc.a(_arm_addsubdf3.o)
                0x0000000008007db4                __aeabi_drsub
                0x0000000008007dbc                __subdf3
                0x0000000008007dbc                __aeabi_dsub
                0x0000000008007dc0                __aeabi_dadd
                0x0000000008007dc0                __adddf3
                0x0000000008008038                __aeabi_ui2d
                0x0000000008008038                __floatunsidf
                0x0000000008008058                __floatsidf
                0x0000000008008058                __aeabi_i2d
                0x000000000800807c                __extendsfdf2
                0x000000000800807c                __aeabi_f2d
                0x00000000080080b8                __aeabi_ul2d
                0x00000000080080b8                __floatundidf
                0x00000000080080c8                __aeabi_l2d
                0x00000000080080c8                __floatdidf
 .text          0x0000000008008124      0x424 /Users/yukisako/environment/gcc-arm-none-eabi-4_8-2013q4/bin/../lib/gcc/arm-none-eabi/4.8.3/armv7e-m/softfp/libgcc.a(_arm_muldivdf3.o)
                0x0000000008008124                __aeabi_dmul
                0x0000000008008124                __muldf3
                0x0000000008008378                __aeabi_ddiv
                0x0000000008008378                __divdf3
 .text          0x0000000008008548      0x110 /Users/yukisako/environment/gcc-arm-none-eabi-4_8-2013q4/bin/../lib/gcc/arm-none-eabi/4.8.3/armv7e-m/softfp/libgcc.a(_arm_cmpdf2.o)
                0x0000000008008548                __gtdf2
                0x0000000008008548                __gedf2
                0x0000000008008550                __ltdf2
                0x0000000008008550                __ledf2
                0x0000000008008558                __eqdf2
                0x0000000008008558                __nedf2
                0x0000000008008558                __cmpdf2
                0x00000000080085d4                __aeabi_cdrcmple
                0x00000000080085e4                __aeabi_cdcmple
                0x00000000080085e4                __aeabi_cdcmpeq
                0x00000000080085f4                __aeabi_dcmpeq
                0x0000000008008608                __aeabi_dcmplt
                0x000000000800861c                __aeabi_dcmple
                0x0000000008008630                __aeabi_dcmpge
                0x0000000008008644                __aeabi_dcmpgt
 .text          0x0000000008008658       0x50 /Users/yukisako/environment/gcc-arm-none-eabi-4_8-2013q4/bin/../lib/gcc/arm-none-eabi/4.8.3/armv7e-m/softfp/libgcc.a(_arm_fixdfsi.o)
                0x0000000008008658                __fixdfsi
                0x0000000008008658                __aeabi_d2iz
 .text          0x00000000080086a8       0x40 /Users/yukisako/environment/gcc-arm-none-eabi-4_8-2013q4/bin/../lib/gcc/arm-none-eabi/4.8.3/armv7e-m/softfp/libgcc.a(_arm_fixunsdfsi.o)
                0x00000000080086a8                __fixunsdfsi
                0x00000000080086a8                __aeabi_d2uiz
 .text          0x00000000080086e8       0xa0 /Users/yukisako/environment/gcc-arm-none-eabi-4_8-2013q4/bin/../lib/gcc/arm-none-eabi/4.8.3/armv7e-m/softfp/libgcc.a(_arm_truncdfsf2.o)
                0x00000000080086e8                __aeabi_d2f
                0x00000000080086e8                __truncdfsf2
 *(.init)
 .init          0x0000000008008788        0x4 /Users/yukisako/environment/gcc-arm-none-eabi-4_8-2013q4/bin/../lib/gcc/arm-none-eabi/4.8.3/armv7e-m/softfp/crti.o
                0x0000000008008788                _init
 .init          0x000000000800878c        0x8 /Users/yukisako/environment/gcc-arm-none-eabi-4_8-2013q4/bin/../lib/gcc/arm-none-eabi/4.8.3/armv7e-m/softfp/crtn.o
 *(.fini)
 .fini          0x0000000008008794        0x4 /Users/yukisako/environment/gcc-arm-none-eabi-4_8-2013q4/bin/../lib/gcc/arm-none-eabi/4.8.3/armv7e-m/softfp/crti.o
                0x0000000008008794                _fini
 .fini          0x0000000008008798        0x8 /Users/yukisako/environment/gcc-arm-none-eabi-4_8-2013q4/bin/../lib/gcc/arm-none-eabi/4.8.3/armv7e-m/softfp/crtn.o
 *crtbegin.o(.ctors)
 *crtbegin?.o(.ctors)
 *(EXCLUDE_FILE(*crtend.o *crtend?.o) .ctors)
 *(SORT(.ctors.*))
 *(.ctors)
 *crtbegin.o(.dtors)
 *crtbegin?.o(.dtors)
 *(EXCLUDE_FILE(*crtend.o *crtend?.o) .dtors)
 *(SORT(.dtors.*))
 *(.dtors)
 *(.rodata*)
 .rodata._ZTVN4mbed10SerialBaseE
                0x00000000080087a0       0x10 main.o
                0x00000000080087a0                vtable for mbed::SerialBase
 .rodata.str1.1
                0x00000000080087b0       0x89 main.o
 *fill*         0x0000000008008839        0x3 
 .rodata.str1.4
                0x000000000800883c       0x86 mbed/TARGET_NUCLEO_F401RE/TOOLCHAIN_GCC_ARM/board.o
                                         0x88 (size before relaxing)
 *fill*         0x00000000080088c2        0x2 
 .rodata.__stdin_name
                0x00000000080088c4        0x8 mbed/TARGET_NUCLEO_F401RE/TOOLCHAIN_GCC_ARM/retarget.o
                0x00000000080088c4                __stdin_name
 .rodata.__stderr_name
                0x00000000080088cc        0x8 mbed/TARGET_NUCLEO_F401RE/TOOLCHAIN_GCC_ARM/retarget.o
                0x00000000080088cc                __stderr_name
 .rodata.__stdout_name
                0x00000000080088d4        0x8 mbed/TARGET_NUCLEO_F401RE/TOOLCHAIN_GCC_ARM/retarget.o
                0x00000000080088d4                __stdout_name
 *fill*         0x00000000080088dc        0x4 
 .rodata._ZTVN4mbed10FileHandleE
                0x00000000080088e0       0x30 mbed/TARGET_NUCLEO_F401RE/TOOLCHAIN_GCC_ARM/retarget.o
                0x00000000080088e0                vtable for mbed::FileHandle
 .rodata.str1.4
                0x0000000008008910        0xe mbed/TARGET_NUCLEO_F401RE/TOOLCHAIN_GCC_ARM/retarget.o
                                         0x10 (size before relaxing)
 *fill*         0x000000000800891e        0x2 
 .rodata.APBAHBPrescTable
                0x0000000008008920       0x10 mbed/TARGET_NUCLEO_F401RE/TOOLCHAIN_GCC_ARM/stm32f4xx_hal_rcc.o
                0x0000000008008920                APBAHBPrescTable
 .rodata.AHBPrescTable
                0x0000000008008930       0x10 mbed/TARGET_NUCLEO_F401RE/TOOLCHAIN_GCC_ARM/system_stm32f4xx.o
                0x0000000008008930                AHBPrescTable
 .rodata.str1.4
                0x0000000008008940       0x9d ./mbed/TARGET_NUCLEO_F401RE/TOOLCHAIN_GCC_ARM/libmbed.a(analogin_api.o)
                                         0xa0 (size before relaxing)
 *fill*         0x00000000080089dd        0x3 
 .rodata.gpio_mode
                0x00000000080089e0       0x34 ./mbed/TARGET_NUCLEO_F401RE/TOOLCHAIN_GCC_ARM/libmbed.a(pinmap.o)
 .rodata.str1.4
                0x0000000008008a14       0x9c ./mbed/TARGET_NUCLEO_F401RE/TOOLCHAIN_GCC_ARM/libmbed.a(pinmap.o)
 .rodata.str1.4
                0x0000000008008ab0       0x98 ./mbed/TARGET_NUCLEO_F401RE/TOOLCHAIN_GCC_ARM/libmbed.a(pwmout_api.o)
                                         0xb4 (size before relaxing)
 .rodata.str1.4
                0x0000000008008b48       0x9c ./mbed/TARGET_NUCLEO_F401RE/TOOLCHAIN_GCC_ARM/libmbed.a(serial_api.o)
 *fill*         0x0000000008008be4        0x4 
 .rodata._ZTVN4mbed6SerialE
                0x0000000008008be8       0x60 ./mbed/TARGET_NUCLEO_F401RE/TOOLCHAIN_GCC_ARM/libmbed.a(Serial.o)
                0x0000000008008be8                vtable for mbed::Serial
 .rodata._ZTVN4mbed6StreamE
                0x0000000008008c48       0x48 ./mbed/TARGET_NUCLEO_F401RE/TOOLCHAIN_GCC_ARM/libmbed.a(Stream.o)
                0x0000000008008c48                vtable for mbed::Stream
 .rodata.str1.4
                0x0000000008008c90        0x3 ./mbed/TARGET_NUCLEO_F401RE/TOOLCHAIN_GCC_ARM/libmbed.a(Stream.o)
                                          0x8 (size before relaxing)
 *fill*         0x0000000008008c93        0x1 
 .rodata.str1.4
                0x0000000008008c94       0x31 ./mbed/TARGET_NUCLEO_F401RE/TOOLCHAIN_GCC_ARM/libmbed.a(assert.o)
                                         0x34 (size before relaxing)
 .rodata.str1.4
                0x0000000000000000       0x88 ./mbed/TARGET_NUCLEO_F401RE/TOOLCHAIN_GCC_ARM/libmbed.a(gpio.o)
 *fill*         0x0000000008008cc5        0x3 
 .rodata.str1.4
                0x0000000008008cc8       0x66 ./mbed/TARGET_NUCLEO_F401RE/TOOLCHAIN_GCC_ARM/libmbed.a(pinmap_common.o)
                                         0x68 (size before relaxing)
 *fill*         0x0000000008008d2e        0x2 
 .rodata.us_interface
                0x0000000008008d30       0x14 ./mbed/TARGET_NUCLEO_F401RE/TOOLCHAIN_GCC_ARM/libmbed.a(us_ticker_api.o)
 .rodata.us_data
                0x0000000008008d44        0x8 ./mbed/TARGET_NUCLEO_F401RE/TOOLCHAIN_GCC_ARM/libmbed.a(us_ticker_api.o)
 .rodata.PinMap_UART_RX
                0x0000000008008d4c       0x48 ./mbed/TARGET_NUCLEO_F401RE/TOOLCHAIN_GCC_ARM/libmbed.a(PeripheralPins.o)
                0x0000000008008d4c                PinMap_UART_RX
 .rodata.PinMap_PWM
                0x0000000008008d94      0x168 ./mbed/TARGET_NUCLEO_F401RE/TOOLCHAIN_GCC_ARM/libmbed.a(PeripheralPins.o)
                0x0000000008008d94                PinMap_PWM
 .rodata.PinMap_UART_TX
                0x0000000008008efc       0x48 ./mbed/TARGET_NUCLEO_F401RE/TOOLCHAIN_GCC_ARM/libmbed.a(PeripheralPins.o)
                0x0000000008008efc                PinMap_UART_TX
 .rodata.PinMap_ADC
                0x0000000008008f44       0xcc ./mbed/TARGET_NUCLEO_F401RE/TOOLCHAIN_GCC_ARM/libmbed.a(PeripheralPins.o)
                0x0000000008008f44                PinMap_ADC
 .rodata.str1.4
                0x0000000008009010       0x68 ./mbed/TARGET_NUCLEO_F401RE/TOOLCHAIN_GCC_ARM/libmbed.a(gpio_api.o)
                                         0x94 (size before relaxing)
 .rodata._ZTVN4mbed8FileLikeE
                0x0000000008009078       0x40 ./mbed/TARGET_NUCLEO_F401RE/TOOLCHAIN_GCC_ARM/libmbed.a(FileLike.o)
                0x0000000008009078                vtable for mbed::FileLike
 .rodata._ZTVN4mbed8FileBaseE
                0x00000000080090b8       0x10 ./mbed/TARGET_NUCLEO_F401RE/TOOLCHAIN_GCC_ARM/libmbed.a(FileBase.o)
                0x00000000080090b8                vtable for mbed::FileBase
 .rodata.__sf_fake_stdin
                0x00000000080090c8       0x20 /Users/yukisako/environment/gcc-arm-none-eabi-4_8-2013q4/bin/../lib/gcc/arm-none-eabi/4.8.3/../../../../arm-none-eabi/lib/armv7e-m/softfp/libc_s.a(lib_a-findfp.o)
                0x00000000080090c8                __sf_fake_stdin
 .rodata.__sf_fake_stdout
                0x00000000080090e8       0x20 /Users/yukisako/environment/gcc-arm-none-eabi-4_8-2013q4/bin/../lib/gcc/arm-none-eabi/4.8.3/../../../../arm-none-eabi/lib/armv7e-m/softfp/libc_s.a(lib_a-findfp.o)
                0x00000000080090e8                __sf_fake_stdout
 .rodata.__sf_fake_stderr
                0x0000000008009108       0x20 /Users/yukisako/environment/gcc-arm-none-eabi-4_8-2013q4/bin/../lib/gcc/arm-none-eabi/4.8.3/../../../../arm-none-eabi/lib/armv7e-m/softfp/libc_s.a(lib_a-findfp.o)
                0x0000000008009108                __sf_fake_stderr
 .rodata.str1.1
                0x0000000008009128        0x2 /Users/yukisako/environment/gcc-arm-none-eabi-4_8-2013q4/bin/../lib/gcc/arm-none-eabi/4.8.3/../../../../arm-none-eabi/lib/armv7e-m/softfp/libc_s.a(lib_a-impure.o)
 *fill*         0x000000000800912a        0x2 
 .rodata._global_impure_ptr
                0x000000000800912c        0x4 /Users/yukisako/environment/gcc-arm-none-eabi-4_8-2013q4/bin/../lib/gcc/arm-none-eabi/4.8.3/../../../../arm-none-eabi/lib/armv7e-m/softfp/libc_s.a(lib_a-impure.o)
                0x000000000800912c                _global_impure_ptr
 .rodata.str1.1
                0x0000000008009130       0x11 /Users/yukisako/environment/gcc-arm-none-eabi-4_8-2013q4/bin/../lib/gcc/arm-none-eabi/4.8.3/../../../../arm-none-eabi/lib/armv7e-m/softfp/libc_s.a(lib_a-svfprintf.o)
 .rodata.str1.1
                0x0000000000000000        0x4 /Users/yukisako/environment/gcc-arm-none-eabi-4_8-2013q4/bin/../lib/gcc/arm-none-eabi/4.8.3/../../../../arm-none-eabi/lib/armv7e-m/softfp/libc_s.a(lib_a-svfscanf.o)
 .rodata.str1.1
                0x0000000000000000       0x11 /Users/yukisako/environment/gcc-arm-none-eabi-4_8-2013q4/bin/../lib/gcc/arm-none-eabi/4.8.3/../../../../arm-none-eabi/lib/armv7e-m/softfp/libc_s.a(lib_a-vfprintf.o)
 .rodata.str1.1
                0x0000000008009141       0x10 /Users/yukisako/environment/gcc-arm-none-eabi-4_8-2013q4/bin/../lib/gcc/arm-none-eabi/4.8.3/../../../../arm-none-eabi/lib/armv7e-m/softfp/libc_s.a(lib_a-vfprintf_float.o)
                                         0x12 (size before relaxing)
 .rodata.str1.1
                0x0000000008009151       0x22 /Users/yukisako/environment/gcc-arm-none-eabi-4_8-2013q4/bin/../lib/gcc/arm-none-eabi/4.8.3/../../../../arm-none-eabi/lib/armv7e-m/softfp/libc_s.a(lib_a-vfprintf_i.o)
 .rodata.str1.1
                0x0000000008009173        0x5 /Users/yukisako/environment/gcc-arm-none-eabi-4_8-2013q4/bin/../lib/gcc/arm-none-eabi/4.8.3/../../../../arm-none-eabi/lib/armv7e-m/softfp/libc_s.a(lib_a-vfscanf_float.o)
 .rodata        0x0000000008009178        0xc /Users/yukisako/environment/gcc-arm-none-eabi-4_8-2013q4/bin/../lib/gcc/arm-none-eabi/4.8.3/../../../../arm-none-eabi/lib/armv7e-m/softfp/libc_s.a(lib_a-vfscanf_i.o)
 .rodata.str1.1
                0x0000000008009184       0x1b /Users/yukisako/environment/gcc-arm-none-eabi-4_8-2013q4/bin/../lib/gcc/arm-none-eabi/4.8.3/../../../../arm-none-eabi/lib/armv7e-m/softfp/libc_s.a(lib_a-vfscanf_i.o)
 .rodata._ctype_
                0x000000000800919f      0x101 /Users/yukisako/environment/gcc-arm-none-eabi-4_8-2013q4/bin/../lib/gcc/arm-none-eabi/4.8.3/../../../../arm-none-eabi/lib/armv7e-m/softfp/libc_s.a(lib_a-ctype_.o)
                0x000000000800919f                _ctype_
 .rodata.str1.1
                0x00000000080092a0        0xd /Users/yukisako/environment/gcc-arm-none-eabi-4_8-2013q4/bin/../lib/gcc/arm-none-eabi/4.8.3/../../../../arm-none-eabi/lib/armv7e-m/softfp/libc_s.a(lib_a-dtoa.o)
                                          0xf (size before relaxing)
 .rodata.str1.1
                0x00000000080092ad        0x8 /Users/yukisako/environment/gcc-arm-none-eabi-4_8-2013q4/bin/../lib/gcc/arm-none-eabi/4.8.3/../../../../arm-none-eabi/lib/armv7e-m/softfp/libc_s.a(lib_a-locale.o)
                                          0xb (size before relaxing)
 *fill*         0x00000000080092b5        0x3 
 .rodata.__mprec_tens
                0x00000000080092b8       0xc8 /Users/yukisako/environment/gcc-arm-none-eabi-4_8-2013q4/bin/../lib/gcc/arm-none-eabi/4.8.3/../../../../arm-none-eabi/lib/armv7e-m/softfp/libc_s.a(lib_a-mprec.o)
                0x00000000080092b8                __mprec_tens
 .rodata.p05.5300
                0x0000000008009380        0xc /Users/yukisako/environment/gcc-arm-none-eabi-4_8-2013q4/bin/../lib/gcc/arm-none-eabi/4.8.3/../../../../arm-none-eabi/lib/armv7e-m/softfp/libc_s.a(lib_a-mprec.o)
 *fill*         0x000000000800938c        0x4 
 .rodata.__mprec_bigtens
                0x0000000008009390       0x28 /Users/yukisako/environment/gcc-arm-none-eabi-4_8-2013q4/bin/../lib/gcc/arm-none-eabi/4.8.3/../../../../arm-none-eabi/lib/armv7e-m/softfp/libc_s.a(lib_a-mprec.o)
                0x0000000008009390                __mprec_bigtens
 .rodata.fpinan.5301
                0x00000000080093b8       0x14 /Users/yukisako/environment/gcc-arm-none-eabi-4_8-2013q4/bin/../lib/gcc/arm-none-eabi/4.8.3/../../../../arm-none-eabi/lib/armv7e-m/softfp/libc_s.a(lib_a-strtod.o)
 .rodata.str1.1
                0x0000000000000000        0x8 /Users/yukisako/environment/gcc-arm-none-eabi-4_8-2013q4/bin/../lib/gcc/arm-none-eabi/4.8.3/../../../../arm-none-eabi/lib/armv7e-m/softfp/libc_s.a(lib_a-strtod.o)
                                          0xc (size before relaxing)
 .rodata.fpi.5265
                0x00000000080093cc       0x14 /Users/yukisako/environment/gcc-arm-none-eabi-4_8-2013q4/bin/../lib/gcc/arm-none-eabi/4.8.3/../../../../arm-none-eabi/lib/armv7e-m/softfp/libc_s.a(lib_a-strtod.o)
 .rodata.tinytens
                0x00000000080093e0       0x28 /Users/yukisako/environment/gcc-arm-none-eabi-4_8-2013q4/bin/../lib/gcc/arm-none-eabi/4.8.3/../../../../arm-none-eabi/lib/armv7e-m/softfp/libc_s.a(lib_a-strtod.o)
 *(.eh_frame*)
 .eh_frame      0x0000000008009408        0x0 /Users/yukisako/environment/gcc-arm-none-eabi-4_8-2013q4/bin/../lib/gcc/arm-none-eabi/4.8.3/armv7e-m/softfp/crtbegin.o
 .eh_frame      0x0000000008009408        0x4 /Users/yukisako/environment/gcc-arm-none-eabi-4_8-2013q4/bin/../lib/gcc/arm-none-eabi/4.8.3/armv7e-m/softfp/crtend.o

.glue_7         0x000000000800940c        0x0
 .glue_7        0x0000000000000000        0x0 linker stubs

.glue_7t        0x000000000800940c        0x0
 .glue_7t       0x0000000000000000        0x0 linker stubs

.vfp11_veneer   0x000000000800940c        0x0
 .vfp11_veneer  0x0000000000000000        0x0 linker stubs

.v4_bx          0x000000000800940c        0x0
 .v4_bx         0x0000000000000000        0x0 linker stubs

.iplt           0x000000000800940c        0x0
 .iplt          0x0000000000000000        0x0 /Users/yukisako/environment/gcc-arm-none-eabi-4_8-2013q4/bin/../lib/gcc/arm-none-eabi/4.8.3/armv7e-m/softfp/crtbegin.o

.ARM.extab
 *(.ARM.extab* .gnu.linkonce.armextab.*)
                0x000000000800940c                __exidx_start = .

.ARM.exidx      0x000000000800940c        0x8
 *(.ARM.exidx* .gnu.linkonce.armexidx.*)
 .ARM.exidx     0x000000000800940c        0x8 /Users/yukisako/environment/gcc-arm-none-eabi-4_8-2013q4/bin/../lib/gcc/arm-none-eabi/4.8.3/../../../../arm-none-eabi/lib/armv7e-m/softfp/crt0.o
                0x0000000008009414                __exidx_end = .
                0x0000000008009414                __etext = .
                0x0000000008009414                _sidata = .

.rel.dyn        0x0000000008009414        0x0
 .rel.iplt      0x0000000000000000        0x0 /Users/yukisako/environment/gcc-arm-none-eabi-4_8-2013q4/bin/../lib/gcc/arm-none-eabi/4.8.3/armv7e-m/softfp/crtbegin.o

.data           0x0000000020000194       0xbc load address 0x0000000008009414
                0x0000000020000194                __data_start__ = .
                0x0000000020000194                _sdata = .
 *(vtable)
 *(.data*)
 .data          0x0000000020000194        0x4 /Users/yukisako/environment/gcc-arm-none-eabi-4_8-2013q4/bin/../lib/gcc/arm-none-eabi/4.8.3/armv7e-m/softfp/crtbegin.o
                0x0000000020000194                __dso_handle
 .data._ZZ5_sbrkE4heap
                0x0000000020000198        0x4 mbed/TARGET_NUCLEO_F401RE/TOOLCHAIN_GCC_ARM/retarget.o
 .data.SystemCoreClock
                0x000000002000019c        0x4 mbed/TARGET_NUCLEO_F401RE/TOOLCHAIN_GCC_ARM/system_stm32f4xx.o
                0x000000002000019c                SystemCoreClock
 .data.impure_data
                0x00000000200001a0       0x60 /Users/yukisako/environment/gcc-arm-none-eabi-4_8-2013q4/bin/../lib/gcc/arm-none-eabi/4.8.3/../../../../arm-none-eabi/lib/armv7e-m/softfp/libc_s.a(lib_a-impure.o)
 .data._impure_ptr
                0x0000000020000200        0x4 /Users/yukisako/environment/gcc-arm-none-eabi-4_8-2013q4/bin/../lib/gcc/arm-none-eabi/4.8.3/../../../../arm-none-eabi/lib/armv7e-m/softfp/libc_s.a(lib_a-impure.o)
                0x0000000020000200                _impure_ptr
 .data.__ctype_ptr__
                0x0000000020000204        0x4 /Users/yukisako/environment/gcc-arm-none-eabi-4_8-2013q4/bin/../lib/gcc/arm-none-eabi/4.8.3/../../../../arm-none-eabi/lib/armv7e-m/softfp/libc_s.a(lib_a-ctype_.o)